<html>
<body>
<pre>
<h1>µVision Build Log</h1>
<h2>Tool Versions:</h2>
IDE-Version: ¦ÌVision V5.43.1.0
Copyright (C) 2025 ARM Ltd and ARM Germany GmbH. All rights reserved.
License Information: shu dongsheng, kepler, LIC=KIVNB-2MUIZ-AWJ2F-669A7-HNE0L-BZAC2
 
Tool Versions:
Toolchain:       MDK-ARM Professional  Version: 5.43.0.0
Toolchain Path:  D:\Keil\Keil_v5\ARM\ARMCLANG\Bin
C Compiler:      ArmClang.exe V6.24
Assembler:       Armasm.exe V6.24
Linker/Locator:  ArmLink.exe V6.24
Library Manager: ArmAr.exe V6.24
Hex Converter:   FromElf.exe V6.24
CPU DLL:         
Dialog DLL:      
Target DLL:      Segger\JL2CM3.dll V2.99.45.0
Dialog DLL:      TCM.DLL V1.56.6.0
 
<h2>Project:</h2>
D:\code\GD32E23x\Template\Keil_project\GD32E23x.uvprojx
Project File Date:  07/02/2026

<h2>Output:</h2>
*** Using Compiler 'V6.24', folder: 'D:\Keil\Keil_v5\ARM\ARMCLANG\Bin'
Rebuild target 'GD32E23x'
compiling systick.c...
compiling gd32e23x_exti.c...
compiling main.c...
compiling gd32e23x_it.c...
compiling gd32e23x_dbg.c...
compiling gd32e23x_cmp.c...
compiling gd32e23x_crc.c...
compiling gd32e23x_dma.c...
compiling system_gd32e23x.c...
compiling gd32e23x_adc.c...
compiling gd32e23x_fwdgt.c...
compiling gd32e23x_fmc.c...
compiling gd32e23x_gpio.c...
compiling gd32e23x_misc.c...
compiling gd32e23x_i2c.c...
compiling gd32e23x_pmu.c...
compiling gd32e23x_syscfg.c...
compiling gd32e23x_rcu.c...
compiling gd32e23x_spi.c...
assembling startup_gd32e23x.s...
compiling gd32e23x_rtc.c...
compiling gd32e23x_wwdgt.c...
compiling device.c...
compiling gd32e23x_usart.c...
compiling gd32e230c_eval.c...
compiling triac_driver.c...
compiling gd32e23x_timer.c...
compiling gpio.c...
compiling eventbus.c...
compiling watchdog.c...
compiling flash.c...
compiling zero.c...
compiling protocol.c...
compiling usart.c...
compiling timer.c...
compiling pcb.c...
linking...
Program Size: Code=6024 RO-data=244 RW-data=8 ZI-data=3160  
FromELF: creating hex file...
".\output\Project.axf" - 0 Error(s), 0 Warning(s).

<h2>Software Packages used:</h2>

Package Vendor: ARM
                https://www.keil.com/pack/ARM.CMSIS.6.2.0.pack
                ARM::CMSIS@6.2.0
                CMSIS (Common Microcontroller Software Interface Standard)
   * Component: CORE Version: 6.1.1

Package Vendor: GigaDevice
                http://gd32mcu.com/data/documents/pack/GigaDevice.GD32E23x_DFP.2.3.2.pack
                GigaDevice::GD32E23x_DFP@2.3.2
                GigaDevice GD32E23x Series Device Support and Examples

<h2>Collection of Component include folders:</h2>
  ./RTE/_GD32E23x
  D:/Keil/ARM/ARM/CMSIS/6.2.0/CMSIS/Core/Include
  D:/Keil/ARM/GigaDevice/GD32E23x_DFP/2.3.2/Device/Include

<h2>Collection of Component Files used:</h2>

   * Component: ARM::CMSIS:CORE@6.1.1
Build Time Elapsed:  00:00:01
</pre>
</body>
</html>
