Component: Arm Compiler for Embedded 6.24 Tool: armlink [5f371500]

==============================================================================

Section Cross References

    startup_gd32e23x.o(RESET) refers to startup_gd32e23x.o(STACK) for __initial_sp
    startup_gd32e23x.o(RESET) refers to startup_gd32e23x.o(.text) for Reset_Handler
    startup_gd32e23x.o(RESET) refers to gd32e23x_it.o(.text.NMI_Handler) for NMI_Handler
    startup_gd32e23x.o(RESET) refers to gd32e23x_it.o(.text.HardFault_Handler) for HardFault_Handler
    startup_gd32e23x.o(RESET) refers to gd32e23x_it.o(.text.SVC_Handler) for SVC_Handler
    startup_gd32e23x.o(RESET) refers to gd32e23x_it.o(.text.PendSV_Handler) for PendSV_Handler
    startup_gd32e23x.o(RESET) refers to gd32e23x_it.o(.text.SysTick_Handler) for SysTick_Handler
    startup_gd32e23x.o(RESET) refers to triac_driver.o(.text.EXTI4_15_IRQHandler) for EXTI4_15_IRQHandler
    startup_gd32e23x.o(RESET) refers to usart.o(.text.DMA_Channel1_2_IRQHandler) for DMA_Channel1_2_IRQHandler
    startup_gd32e23x.o(RESET) refers to timer.o(.text.TIMER14_IRQHandler) for TIMER14_IRQHandler
    startup_gd32e23x.o(RESET) refers to usart.o(.text.USART0_IRQHandler) for USART0_IRQHandler
    startup_gd32e23x.o(.text) refers to system_gd32e23x.o(.text.SystemInit) for SystemInit
    startup_gd32e23x.o(.text) refers to entry.o(.ARM.Collect$$$$00000000) for __main
    system_gd32e23x.o(.text.SystemInit) refers to gd32e23x_misc.o(.text.nvic_vector_table_set) for nvic_vector_table_set
    system_gd32e23x.o(.ARM.exidx.text.SystemInit) refers to system_gd32e23x.o(.text.SystemInit) for [Anonymous Symbol]
    system_gd32e23x.o(.text.SystemCoreClockUpdate) refers to system_gd32e23x.o(.data.SystemCoreClock) for SystemCoreClock
    system_gd32e23x.o(.ARM.exidx.text.SystemCoreClockUpdate) refers to system_gd32e23x.o(.text.SystemCoreClockUpdate) for [Anonymous Symbol]
    system_gd32e23x.o(.ARM.exidx.text.gd32e23x_firmware_version_get) refers to system_gd32e23x.o(.text.gd32e23x_firmware_version_get) for [Anonymous Symbol]
    gd32e23x_adc.o(.text.adc_deinit) refers to gd32e23x_rcu.o(.text.rcu_periph_reset_enable) for rcu_periph_reset_enable
    gd32e23x_adc.o(.text.adc_deinit) refers to gd32e23x_rcu.o(.text.rcu_periph_reset_disable) for rcu_periph_reset_disable
    gd32e23x_adc.o(.ARM.exidx.text.adc_deinit) refers to gd32e23x_adc.o(.text.adc_deinit) for [Anonymous Symbol]
    gd32e23x_adc.o(.ARM.exidx.text.adc_enable) refers to gd32e23x_adc.o(.text.adc_enable) for [Anonymous Symbol]
    gd32e23x_adc.o(.ARM.exidx.text.adc_disable) refers to gd32e23x_adc.o(.text.adc_disable) for [Anonymous Symbol]
    gd32e23x_adc.o(.ARM.exidx.text.adc_calibration_enable) refers to gd32e23x_adc.o(.text.adc_calibration_enable) for [Anonymous Symbol]
    gd32e23x_adc.o(.ARM.exidx.text.adc_dma_mode_enable) refers to gd32e23x_adc.o(.text.adc_dma_mode_enable) for [Anonymous Symbol]
    gd32e23x_adc.o(.ARM.exidx.text.adc_dma_mode_disable) refers to gd32e23x_adc.o(.text.adc_dma_mode_disable) for [Anonymous Symbol]
    gd32e23x_adc.o(.ARM.exidx.text.adc_tempsensor_vrefint_enable) refers to gd32e23x_adc.o(.text.adc_tempsensor_vrefint_enable) for [Anonymous Symbol]
    gd32e23x_adc.o(.ARM.exidx.text.adc_tempsensor_vrefint_disable) refers to gd32e23x_adc.o(.text.adc_tempsensor_vrefint_disable) for [Anonymous Symbol]
    gd32e23x_adc.o(.ARM.exidx.text.adc_discontinuous_mode_config) refers to gd32e23x_adc.o(.text.adc_discontinuous_mode_config) for [Anonymous Symbol]
    gd32e23x_adc.o(.ARM.exidx.text.adc_special_function_config) refers to gd32e23x_adc.o(.text.adc_special_function_config) for [Anonymous Symbol]
    gd32e23x_adc.o(.ARM.exidx.text.adc_data_alignment_config) refers to gd32e23x_adc.o(.text.adc_data_alignment_config) for [Anonymous Symbol]
    gd32e23x_adc.o(.ARM.exidx.text.adc_channel_length_config) refers to gd32e23x_adc.o(.text.adc_channel_length_config) for [Anonymous Symbol]
    gd32e23x_adc.o(.ARM.exidx.text.adc_regular_channel_config) refers to gd32e23x_adc.o(.text.adc_regular_channel_config) for [Anonymous Symbol]
    gd32e23x_adc.o(.ARM.exidx.text.adc_inserted_channel_config) refers to gd32e23x_adc.o(.text.adc_inserted_channel_config) for [Anonymous Symbol]
    gd32e23x_adc.o(.ARM.exidx.text.adc_inserted_channel_offset_config) refers to gd32e23x_adc.o(.text.adc_inserted_channel_offset_config) for [Anonymous Symbol]
    gd32e23x_adc.o(.ARM.exidx.text.adc_external_trigger_config) refers to gd32e23x_adc.o(.text.adc_external_trigger_config) for [Anonymous Symbol]
    gd32e23x_adc.o(.ARM.exidx.text.adc_external_trigger_source_config) refers to gd32e23x_adc.o(.text.adc_external_trigger_source_config) for [Anonymous Symbol]
    gd32e23x_adc.o(.ARM.exidx.text.adc_software_trigger_enable) refers to gd32e23x_adc.o(.text.adc_software_trigger_enable) for [Anonymous Symbol]
    gd32e23x_adc.o(.ARM.exidx.text.adc_regular_data_read) refers to gd32e23x_adc.o(.text.adc_regular_data_read) for [Anonymous Symbol]
[...]
    Removing gd32e23x_usart.o(.ARM.exidx.text.usart_clock_disable), (8 bytes).
    Removing gd32e23x_usart.o(.text.usart_synchronous_clock_config), (58 bytes).
    Removing gd32e23x_usart.o(.ARM.exidx.text.usart_synchronous_clock_config), (8 bytes).
    Removing gd32e23x_usart.o(.text.usart_guard_time_config), (30 bytes).
    Removing gd32e23x_usart.o(.ARM.exidx.text.usart_guard_time_config), (8 bytes).
    Removing gd32e23x_usart.o(.text.usart_smartcard_mode_enable), (18 bytes).
    Removing gd32e23x_usart.o(.ARM.exidx.text.usart_smartcard_mode_enable), (8 bytes).
    Removing gd32e23x_usart.o(.text.usart_smartcard_mode_disable), (18 bytes).
    Removing gd32e23x_usart.o(.ARM.exidx.text.usart_smartcard_mode_disable), (8 bytes).
    Removing gd32e23x_usart.o(.text.usart_smartcard_mode_nack_enable), (18 bytes).
    Removing gd32e23x_usart.o(.ARM.exidx.text.usart_smartcard_mode_nack_enable), (8 bytes).
    Removing gd32e23x_usart.o(.text.usart_smartcard_mode_nack_disable), (18 bytes).
    Removing gd32e23x_usart.o(.ARM.exidx.text.usart_smartcard_mode_nack_disable), (8 bytes).
    Removing gd32e23x_usart.o(.text.usart_smartcard_mode_early_nack_enable), (12 bytes).
    Removing gd32e23x_usart.o(.ARM.exidx.text.usart_smartcard_mode_early_nack_enable), (8 bytes).
    Removing gd32e23x_usart.o(.text.usart_smartcard_mode_early_nack_disable), (12 bytes).
    Removing gd32e23x_usart.o(.ARM.exidx.text.usart_smartcard_mode_early_nack_disable), (8 bytes).
    Removing gd32e23x_usart.o(.text.usart_smartcard_autoretry_config), (30 bytes).
    Removing gd32e23x_usart.o(.ARM.exidx.text.usart_smartcard_autoretry_config), (8 bytes).
    Removing gd32e23x_usart.o(.text.usart_block_length_config), (20 bytes).
    Removing gd32e23x_usart.o(.ARM.exidx.text.usart_block_length_config), (8 bytes).
    Removing gd32e23x_usart.o(.text.usart_irda_mode_enable), (18 bytes).
    Removing gd32e23x_usart.o(.ARM.exidx.text.usart_irda_mode_enable), (8 bytes).
    Removing gd32e23x_usart.o(.text.usart_irda_mode_disable), (18 bytes).
    Removing gd32e23x_usart.o(.ARM.exidx.text.usart_irda_mode_disable), (8 bytes).
    Removing gd32e23x_usart.o(.text.usart_prescaler_config), (24 bytes).
    Removing gd32e23x_usart.o(.ARM.exidx.text.usart_prescaler_config), (8 bytes).
    Removing gd32e23x_usart.o(.text.usart_irda_lowpower_config), (26 bytes).
    Removing gd32e23x_usart.o(.ARM.exidx.text.usart_irda_lowpower_config), (8 bytes).
    Removing gd32e23x_usart.o(.ARM.exidx.text.usart_hardware_flow_rts_config), (8 bytes).
    Removing gd32e23x_usart.o(.ARM.exidx.text.usart_hardware_flow_cts_config), (8 bytes).
    Removing gd32e23x_usart.o(.text.usart_hardware_flow_coherence_config), (22 bytes).
    Removing gd32e23x_usart.o(.ARM.exidx.text.usart_hardware_flow_coherence_config), (8 bytes).
    Removing gd32e23x_usart.o(.text.usart_rs485_driver_enable), (20 bytes).
    Removing gd32e23x_usart.o(.ARM.exidx.text.usart_rs485_driver_enable), (8 bytes).
    Removing gd32e23x_usart.o(.text.usart_rs485_driver_disable), (20 bytes).
    Removing gd32e23x_usart.o(.ARM.exidx.text.usart_rs485_driver_disable), (8 bytes).
    Removing gd32e23x_usart.o(.text.usart_driver_assertime_config), (30 bytes).
    Removing gd32e23x_usart.o(.ARM.exidx.text.usart_driver_assertime_config), (8 bytes).
    Removing gd32e23x_usart.o(.text.usart_driver_deassertime_config), (30 bytes).
    Removing gd32e23x_usart.o(.ARM.exidx.text.usart_driver_deassertime_config), (8 bytes).
    Removing gd32e23x_usart.o(.text.usart_depolarity_config), (28 bytes).
    Removing gd32e23x_usart.o(.ARM.exidx.text.usart_depolarity_config), (8 bytes).
    Removing gd32e23x_usart.o(.ARM.exidx.text.usart_dma_receive_config), (8 bytes).
    Removing gd32e23x_usart.o(.ARM.exidx.text.usart_dma_transmit_config), (8 bytes).
    Removing gd32e23x_usart.o(.text.usart_reception_error_dma_disable), (20 bytes).
    Removing gd32e23x_usart.o(.ARM.exidx.text.usart_reception_error_dma_disable), (8 bytes).
    Removing gd32e23x_usart.o(.text.usart_reception_error_dma_enable), (20 bytes).
    Removing gd32e23x_usart.o(.ARM.exidx.text.usart_reception_error_dma_enable), (8 bytes).
    Removing gd32e23x_usart.o(.text.usart_wakeup_enable), (10 bytes).
    Removing gd32e23x_usart.o(.ARM.exidx.text.usart_wakeup_enable), (8 bytes).
    Removing gd32e23x_usart.o(.text.usart_wakeup_disable), (10 bytes).
    Removing gd32e23x_usart.o(.ARM.exidx.text.usart_wakeup_disable), (8 bytes).
    Removing gd32e23x_usart.o(.text.usart_wakeup_mode_config), (28 bytes).
    Removing gd32e23x_usart.o(.ARM.exidx.text.usart_wakeup_mode_config), (8 bytes).
    Removing gd32e23x_usart.o(.text.usart_receive_fifo_enable), (14 bytes).
    Removing gd32e23x_usart.o(.ARM.exidx.text.usart_receive_fifo_enable), (8 bytes).
    Removing gd32e23x_usart.o(.text.usart_receive_fifo_disable), (14 bytes).
    Removing gd32e23x_usart.o(.ARM.exidx.text.usart_receive_fifo_disable), (8 bytes).
    Removing gd32e23x_usart.o(.text.usart_receive_fifo_counter_number), (10 bytes).
    Removing gd32e23x_usart.o(.ARM.exidx.text.usart_receive_fifo_counter_number), (8 bytes).
    Removing gd32e23x_usart.o(.ARM.exidx.text.usart_flag_get), (8 bytes).
    Removing gd32e23x_usart.o(.ARM.exidx.text.usart_flag_clear), (8 bytes).
    Removing gd32e23x_usart.o(.ARM.exidx.text.usart_interrupt_enable), (8 bytes).
    Removing gd32e23x_usart.o(.text.usart_interrupt_disable), (18 bytes).
    Removing gd32e23x_usart.o(.ARM.exidx.text.usart_interrupt_disable), (8 bytes).
    Removing gd32e23x_usart.o(.text.usart_command_enable), (8 bytes).
    Removing gd32e23x_usart.o(.ARM.exidx.text.usart_command_enable), (8 bytes).
    Removing gd32e23x_usart.o(.ARM.exidx.text.usart_interrupt_flag_get), (8 bytes).
    Removing gd32e23x_usart.o(.ARM.exidx.text.usart_interrupt_flag_clear), (8 bytes).
    Removing gd32e23x_wwdgt.o(.text), (0 bytes).
    Removing gd32e23x_wwdgt.o(.text.wwdgt_deinit), (28 bytes).
    Removing gd32e23x_wwdgt.o(.ARM.exidx.text.wwdgt_deinit), (8 bytes).
    Removing gd32e23x_wwdgt.o(.text.wwdgt_enable), (16 bytes).
    Removing gd32e23x_wwdgt.o(.ARM.exidx.text.wwdgt_enable), (8 bytes).
    Removing gd32e23x_wwdgt.o(.text.wwdgt_counter_update), (16 bytes).
    Removing gd32e23x_wwdgt.o(.ARM.exidx.text.wwdgt_counter_update), (8 bytes).
    Removing gd32e23x_wwdgt.o(.text.wwdgt_config), (20 bytes).
    Removing gd32e23x_wwdgt.o(.ARM.exidx.text.wwdgt_config), (8 bytes).
    Removing gd32e23x_wwdgt.o(.text.wwdgt_flag_get), (16 bytes).
    Removing gd32e23x_wwdgt.o(.ARM.exidx.text.wwdgt_flag_get), (8 bytes).
    Removing gd32e23x_wwdgt.o(.text.wwdgt_flag_clear), (16 bytes).
    Removing gd32e23x_wwdgt.o(.ARM.exidx.text.wwdgt_flag_clear), (8 bytes).
    Removing gd32e23x_wwdgt.o(.text.wwdgt_interrupt_enable), (20 bytes).
    Removing gd32e23x_wwdgt.o(.ARM.exidx.text.wwdgt_interrupt_enable), (8 bytes).
    Removing device.o(.text), (0 bytes).
    Removing device.o(.ARM.exidx.text.jump_to_device_init), (8 bytes).
    Removing triac_driver.o(.text), (0 bytes).
    Removing triac_driver.o(.ARM.exidx.text.triac_driver_init), (8 bytes).
    Removing triac_driver.o(.ARM.exidx.text.triac_timer), (8 bytes).
    Removing triac_driver.o(.ARM.exidx.text.triac_event_handler), (8 bytes).
    Removing triac_driver.o(.ARM.exidx.text.EXTI4_15_IRQHandler), (8 bytes).
    Removing eventbus.o(.text), (0 bytes).
    Removing eventbus.o(.ARM.exidx.text.app_eventbus_init), (8 bytes).
    Removing eventbus.o(.ARM.exidx.text.app_eventbus_subscribe), (8 bytes).
    Removing eventbus.o(.ARM.exidx.text.app_eventbus_publish), (8 bytes).
    Removing eventbus.o(.ARM.exidx.text.app_eventbus_poll), (8 bytes).
    Removing flash.o(.text), (0 bytes).
    Removing flash.o(.text.app_flash_read), (124 bytes).
    Removing flash.o(.ARM.exidx.text.app_flash_read), (8 bytes).
    Removing flash.o(.text.app_flash_write_word), (74 bytes).
    Removing flash.o(.ARM.exidx.text.app_flash_write_word), (8 bytes).
    Removing flash.o(.text.app_flash_write_doubleword), (76 bytes).
    Removing flash.o(.ARM.exidx.text.app_flash_write_doubleword), (8 bytes).
    Removing flash.o(.text.app_flash_erase_page), (30 bytes).
    Removing flash.o(.ARM.exidx.text.app_flash_erase_page), (8 bytes).
    Removing flash.o(.text.app_flash_mass_erase), (20 bytes).
    Removing flash.o(.ARM.exidx.text.app_flash_mass_erase), (8 bytes).
    Removing flash.o(.text.app_flash_verify), (122 bytes).
    Removing flash.o(.ARM.exidx.text.app_flash_verify), (8 bytes).
    Removing flash.o(.text.app_flash_program), (232 bytes).
    Removing flash.o(.ARM.exidx.text.app_flash_program), (8 bytes).
    Removing gpio.o(.text), (0 bytes).
    Removing gpio.o(.text.app_get_gpio_name), (136 bytes).
    Removing gpio.o(.ARM.exidx.text.app_get_gpio_name), (8 bytes).
    Removing gpio.o(.text.app_gpio_equal), (12 bytes).
    Removing gpio.o(.ARM.exidx.text.app_gpio_equal), (8 bytes).
    Removing gpio.o(.rodata.app_get_gpio_name.gpio_names), (128 bytes).
    Removing gpio.o(.rodata.str1.1), (140 bytes).
    Removing pcb.o(.text), (0 bytes).
    Removing pcb.o(.ARM.exidx.text.pcb_init), (8 bytes).
    Removing protocol.o(.text), (0 bytes).
    Removing protocol.o(.ARM.exidx.text.app_portocol_init), (8 bytes).
    Removing protocol.o(.ARM.exidx.text.app_usart0_check), (8 bytes).
    Removing timer.o(.text), (0 bytes).
    Removing timer.o(.ARM.exidx.text.app_timer_init), (8 bytes).
    Removing timer.o(.ARM.exidx.text.TIMER14_IRQHandler), (8 bytes).
    Removing timer.o(.ARM.exidx.text.app_timer_start), (8 bytes).
    Removing timer.o(.text.app_timer_stop), (44 bytes).
    Removing timer.o(.ARM.exidx.text.app_timer_stop), (8 bytes).
    Removing timer.o(.ARM.exidx.text.find_timer_by_name), (8 bytes).
    Removing timer.o(.text.app_timer_is_active), (36 bytes).
    Removing timer.o(.ARM.exidx.text.app_timer_is_active), (8 bytes).
    Removing timer.o(.ARM.exidx.text.app_timer_poll), (8 bytes).
    Removing timer.o(.text.app_timer_get_ticks), (12 bytes).
    Removing timer.o(.ARM.exidx.text.app_timer_get_ticks), (8 bytes).
    Removing usart.o(.text), (0 bytes).
    Removing usart.o(.ARM.exidx.text.app_usart0_rx_callback), (8 bytes).
    Removing usart.o(.ARM.exidx.text.app_usart_init), (8 bytes).
    Removing usart.o(.text.app_usart_tx_buf), (156 bytes).
    Removing usart.o(.ARM.exidx.text.app_usart_tx_buf), (8 bytes).
    Removing usart.o(.ARM.exidx.text.USART0_IRQHandler), (8 bytes).
    Removing usart.o(.ARM.exidx.text.DMA_Channel1_2_IRQHandler), (8 bytes).
    Removing usart.o(.ARM.exidx.text.fputc), (8 bytes).
    Removing usart.o(.bss.tx0_buf.0), (4 bytes).
    Removing usart.o(.bss.tx0_buf.1), (2 bytes).
    Removing watchdog.o(.text), (0 bytes).
    Removing watchdog.o(.ARM.exidx.text.app_watchdog_init), (8 bytes).
    Removing watchdog.o(.ARM.exidx.text.timer_feed_dog), (8 bytes).
    Removing zero.o(.text), (0 bytes).
    Removing gd32e230c_eval.o(.text), (0 bytes).
    Removing gd32e230c_eval.o(.text.gd_eval_led_init), (60 bytes).
    Removing gd32e230c_eval.o(.ARM.exidx.text.gd_eval_led_init), (8 bytes).
    Removing gd32e230c_eval.o(.text.gd_eval_led_on), (20 bytes).
    Removing gd32e230c_eval.o(.ARM.exidx.text.gd_eval_led_on), (8 bytes).
    Removing gd32e230c_eval.o(.text.gd_eval_led_off), (20 bytes).
    Removing gd32e230c_eval.o(.ARM.exidx.text.gd_eval_led_off), (8 bytes).
    Removing gd32e230c_eval.o(.text.gd_eval_led_toggle), (20 bytes).
    Removing gd32e230c_eval.o(.ARM.exidx.text.gd_eval_led_toggle), (8 bytes).
    Removing gd32e230c_eval.o(.text.gd_eval_key_init), (124 bytes).
    Removing gd32e230c_eval.o(.ARM.exidx.text.gd_eval_key_init), (8 bytes).
    Removing gd32e230c_eval.o(.text.gd_eval_key_state_get), (24 bytes).
    Removing gd32e230c_eval.o(.ARM.exidx.text.gd_eval_key_state_get), (8 bytes).
    Removing gd32e230c_eval.o(.text.gd_eval_com_init), (164 bytes).
    Removing gd32e230c_eval.o(.ARM.exidx.text.gd_eval_com_init), (8 bytes).
    Removing gd32e230c_eval.o(.rodata.cst16), (16 bytes).
    Removing gd32e230c_eval.o(.rodata.cst8), (16 bytes).
    Removing gd32e23x_it.o(.text), (0 bytes).
    Removing gd32e23x_it.o(.ARM.exidx.text.NMI_Handler), (8 bytes).
    Removing gd32e23x_it.o(.ARM.exidx.text.HardFault_Handler), (8 bytes).
    Removing gd32e23x_it.o(.ARM.exidx.text.SVC_Handler), (8 bytes).
    Removing gd32e23x_it.o(.ARM.exidx.text.PendSV_Handler), (8 bytes).
    Removing gd32e23x_it.o(.ARM.exidx.text.SysTick_Handler), (8 bytes).
    Removing main.o(.text), (0 bytes).
    Removing main.o(.ARM.exidx.text.main), (8 bytes).
    Removing main.o(.ARM.use_no_argv), (4 bytes).
    Removing systick.o(.text), (0 bytes).
    Removing systick.o(.ARM.exidx.text.systick_config), (8 bytes).
    Removing systick.o(.ARM.exidx.text.delay_1ms), (8 bytes).
    Removing systick.o(.ARM.exidx.text.delay_decrement), (8 bytes).
    Removing dadd.o(.text), (356 bytes).
    Removing dmul.o(.text), (208 bytes).
    Removing ddiv.o(.text), (240 bytes).
    Removing dfixul.o(.text), (64 bytes).
    Removing cdrcmple.o(.text), (40 bytes).
    Removing depilogue.o(.text), (190 bytes).
    Removing depilogue.o(i.__ARM_clz), (46 bytes).

1038 unused section(s) (total 26920 bytes) removed from the image.

==============================================================================

Image Symbol Table

    Local Symbols

    Symbol Name                              Value     Ov Type        Size  Object(Section)

    ../clib/division.s                       0x00000000   Number         0  aeabi_sdivfast.o ABSOLUTE
    ../clib/division.s                       0x00000000   Number         0  aeabi_sdivfast_div0.o ABSOLUTE
    ../clib/microlib/division.c              0x00000000   Number         0  uidiv.o ABSOLUTE
    ../clib/microlib/division.c              0x00000000   Number         0  uldiv.o ABSOLUTE
    ../clib/microlib/division.c              0x00000000   Number         0  uidiv_div0.o ABSOLUTE
    ../clib/microlib/division.c              0x00000000   Number         0  idiv_div0.o ABSOLUTE
    ../clib/microlib/division.c              0x00000000   Number         0  idiv0.o ABSOLUTE
    ../clib/microlib/init/entry.s            0x00000000   Number         0  entry.o ABSOLUTE
    ../clib/microlib/init/entry.s            0x00000000   Number         0  entry2.o ABSOLUTE
    ../clib/microlib/init/entry.s            0x00000000   Number         0  entry5.o ABSOLUTE
    ../clib/microlib/init/entry.s            0x00000000   Number         0  entry7a.o ABSOLUTE
    ../clib/microlib/init/entry.s            0x00000000   Number         0  entry7b.o ABSOLUTE
    ../clib/microlib/init/entry.s            0x00000000   Number         0  entry8a.o ABSOLUTE
    ../clib/microlib/init/entry.s            0x00000000   Number         0  entry8b.o ABSOLUTE
    ../clib/microlib/init/entry.s            0x00000000   Number         0  entry9a.o ABSOLUTE
    ../clib/microlib/init/entry.s            0x00000000   Number         0  entry9b.o ABSOLUTE
    ../clib/microlib/init/entry.s            0x00000000   Number         0  entry10a.o ABSOLUTE
    ../clib/microlib/init/entry.s            0x00000000   Number         0  entry10b.o ABSOLUTE
    ../clib/microlib/init/entry.s            0x00000000   Number         0  entry11a.o ABSOLUTE
    ../clib/microlib/init/entry.s            0x00000000   Number         0  entry11b.o ABSOLUTE
    ../clib/microlib/longlong.c              0x00000000   Number         0  llshl.o ABSOLUTE
    ../clib/microlib/longlong.c              0x00000000   Number         0  llushr.o ABSOLUTE
    ../clib/microlib/longlong.c              0x00000000   Number         0  llsshr.o ABSOLUTE
    ../clib/microlib/printf/printf.c         0x00000000   Number         0  printfb.o ABSOLUTE
    ../clib/microlib/printf/printf.c         0x00000000   Number         0  printf0.o ABSOLUTE
    ../clib/microlib/printf/printf.c         0x00000000   Number         0  printf1.o ABSOLUTE
    ../clib/microlib/printf/printf.c         0x00000000   Number         0  printf2.o ABSOLUTE
    ../clib/microlib/printf/printf.c         0x00000000   Number         0  printf3.o ABSOLUTE
    ../clib/microlib/printf/printf.c         0x00000000   Number         0  printf4.o ABSOLUTE
    ../clib/microlib/printf/printf.c         0x00000000   Number         0  printf5.o ABSOLUTE
    ../clib/microlib/printf/printf.c         0x00000000   Number         0  printf6.o ABSOLUTE
    ../clib/microlib/printf/printf.c         0x00000000   Number         0  printf7.o ABSOLUTE
    ../clib/microlib/printf/printf.c         0x00000000   Number         0  printf8.o ABSOLUTE
    ../clib/microlib/printf/printf.c         0x00000000   Number         0  printfa.o ABSOLUTE
    ../clib/microlib/printf/stubs.s          0x00000000   Number         0  printfstubs.o ABSOLUTE
    ../clib/microlib/stdio/putchar.c         0x00000000   Number         0  putchar.o ABSOLUTE
    ../clib/microlib/stdio/puts.c            0x00000000   Number         0  puts.o ABSOLUTE
    ../clib/microlib/stdio/puts.c            0x00000000   Number         0  puts_e.o ABSOLUTE
    ../clib/microlib/stdio/streams.c         0x00000000   Number         0  stdout.o ABSOLUTE
    ../clib/microlib/string/strcmp.c         0x00000000   Number         0  strcmp.o ABSOLUTE
    ../clib/microlib/string/strlen.c         0x00000000   Number         0  strlen.o ABSOLUTE
    ../clib/microlib/string/strncpy.c        0x00000000   Number         0  strncpy.o ABSOLUTE
    ../clib/microlib/stubs.s                 0x00000000   Number         0  iusefp.o ABSOLUTE
    ../fplib/microlib/fpadd.c                0x00000000   Number         0  dadd.o ABSOLUTE
    ../fplib/microlib/fpdiv.c                0x00000000   Number         0  ddiv.o ABSOLUTE
    ../fplib/microlib/fpepilogue.c           0x00000000   Number         0  depilogue.o ABSOLUTE
    ../fplib/microlib/fpfix.c                0x00000000   Number         0  dfixul.o ABSOLUTE
    ../fplib/microlib/fpmul.c                0x00000000   Number         0  dmul.o ABSOLUTE
    ./../../Firmware/CMSIS/GD/GD32E23x/Source/ARM/startup_gd32e23x.s 0x00000000   Number         0  startup_gd32e23x.o ABSOLUTE
    cdrcmple.s                               0x00000000   Number         0  cdrcmple.o ABSOLUTE
    dc.s                                     0x00000000   Number         0  dc.o ABSOLUTE
    device.c                                 0x00000000   Number         0  device.o ABSOLUTE
    eventbus.c                               0x00000000   Number         0  eventbus.o ABSOLUTE
    flash.c                                  0x00000000   Number         0  flash.o ABSOLUTE
    gd32e230c_eval.c                         0x00000000   Number         0  gd32e230c_eval.o ABSOLUTE
    gd32e23x_adc.c                           0x00000000   Number         0  gd32e23x_adc.o ABSOLUTE
    gd32e23x_cmp.c                           0x00000000   Number         0  gd32e23x_cmp.o ABSOLUTE
    gd32e23x_crc.c                           0x00000000   Number         0  gd32e23x_crc.o ABSOLUTE
    gd32e23x_dbg.c                           0x00000000   Number         0  gd32e23x_dbg.o ABSOLUTE
    gd32e23x_dma.c                           0x00000000   Number         0  gd32e23x_dma.o ABSOLUTE
    gd32e23x_exti.c                          0x00000000   Number         0  gd32e23x_exti.o ABSOLUTE
    gd32e23x_fmc.c                           0x00000000   Number         0  gd32e23x_fmc.o ABSOLUTE
    gd32e23x_fwdgt.c                         0x00000000   Number         0  gd32e23x_fwdgt.o ABSOLUTE
    gd32e23x_gpio.c                          0x00000000   Number         0  gd32e23x_gpio.o ABSOLUTE
    gd32e23x_i2c.c                           0x00000000   Number         0  gd32e23x_i2c.o ABSOLUTE
    gd32e23x_it.c                            0x00000000   Number         0  gd32e23x_it.o ABSOLUTE
    gd32e23x_misc.c                          0x00000000   Number         0  gd32e23x_misc.o ABSOLUTE
    gd32e23x_pmu.c                           0x00000000   Number         0  gd32e23x_pmu.o ABSOLUTE
    gd32e23x_rcu.c                           0x00000000   Number         0  gd32e23x_rcu.o ABSOLUTE
    gd32e23x_rtc.c                           0x00000000   Number         0  gd32e23x_rtc.o ABSOLUTE
    gd32e23x_spi.c                           0x00000000   Number         0  gd32e23x_spi.o ABSOLUTE
    gd32e23x_syscfg.c                        0x00000000   Number         0  gd32e23x_syscfg.o ABSOLUTE
    gd32e23x_timer.c                         0x00000000   Number         0  gd32e23x_timer.o ABSOLUTE
    gd32e23x_usart.c                         0x00000000   Number         0  gd32e23x_usart.o ABSOLUTE
    gd32e23x_wwdgt.c                         0x00000000   Number         0  gd32e23x_wwdgt.o ABSOLUTE
    gpio.c                                   0x00000000   Number         0  gpio.o ABSOLUTE
    handlers.s                               0x00000000   Number         0  handlers.o ABSOLUTE
    init.s                                   0x00000000   Number         0  init.o ABSOLUTE
    main.c                                   0x00000000   Number         0  main.o ABSOLUTE
    pcb.c                                    0x00000000   Number         0  pcb.o ABSOLUTE
    protocol.c                               0x00000000   Number         0  protocol.o ABSOLUTE
    system_gd32e23x.c                        0x00000000   Number         0  system_gd32e23x.o ABSOLUTE
    systick.c                                0x00000000   Number         0  systick.o ABSOLUTE
    timer.c                                  0x00000000   Number         0  timer.o ABSOLUTE
    triac_driver.c                           0x00000000   Number         0  triac_driver.o ABSOLUTE
    usart.c                                  0x00000000   Number         0  usart.o ABSOLUTE
    watchdog.c                               0x00000000   Number         0  watchdog.o ABSOLUTE
    zero.c                                   0x00000000   Number         0  zero.o ABSOLUTE
    RESET                                    0x08000000   Section      204  startup_gd32e23x.o(RESET)
    .ARM.Collect$$$$00000000                 0x080000cc   Section        0  entry.o(.ARM.Collect$$$$00000000)
    .ARM.Collect$$$$00000001                 0x080000cc   Section        4  entry2.o(.ARM.Collect$$$$00000001)
    .ARM.Collect$$$$00000004                 0x080000d0   Section        4  entry5.o(.ARM.Collect$$$$00000004)
    .ARM.Collect$$$$00000008                 0x080000d4   Section        0  entry7b.o(.ARM.Collect$$$$00000008)
    .ARM.Collect$$$$0000000A                 0x080000d4   Section        0  entry8b.o(.ARM.Collect$$$$0000000A)
    .ARM.Collect$$$$0000000B                 0x080000d4   Section        8  entry9a.o(.ARM.Collect$$$$0000000B)
    __lit__00000000                          0x080000dc   Data           4  entry2.o(.ARM.Collect$$$$00002712)
    .ARM.Collect$$$$0000000D                 0x080000dc   Section        0  entry10a.o(.ARM.Collect$$$$0000000D)
    .ARM.Collect$$$$0000000F                 0x080000dc   Section        0  entry11a.o(.ARM.Collect$$$$0000000F)
    .ARM.Collect$$$$00002712                 0x080000dc   Section        4  entry2.o(.ARM.Collect$$$$00002712)
    .text                                    0x080000e0   Section       68  startup_gd32e23x.o(.text)
    .text                                    0x08000124   Section        0  strncpy.o(.text)
    .text                                    0x0800013e   Section        0  strlen.o(.text)
    .text                                    0x0800014c   Section        0  strcmp.o(.text)
    .text                                    0x08000168   Section        0  uldiv.o(.text)
    .text                                    0x080001c8   Section       48  init.o(.text)
    .text                                    0x080001f8   Section        0  llshl.o(.text)
    .text                                    0x08000218   Section        0  llushr.o(.text)
    [Anonymous Symbol]                       0x0800023c   Section        0  usart.o(.text.DMA_Channel1_2_IRQHandler)
    __arm_cp.4_0                             0x08000268   Number         4  usart.o(.text.DMA_Channel1_2_IRQHandler)
    [Anonymous Symbol]                       0x0800026c   Section        0  triac_driver.o(.text.EXTI4_15_IRQHandler)
    __arm_cp.3_0                             0x08000290   Number         4  triac_driver.o(.text.EXTI4_15_IRQHandler)
    [Anonymous Symbol]                       0x08000294   Section        0  gd32e23x_it.o(.text.HardFault_Handler)
    [Anonymous Symbol]                       0x08000296   Section        0  gd32e23x_it.o(.text.NMI_Handler)
    [Anonymous Symbol]                       0x080002a6   Section        0  gd32e23x_it.o(.text.PendSV_Handler)
    [Anonymous Symbol]                       0x080002a8   Section        0  gd32e23x_it.o(.text.SVC_Handler)
    [Anonymous Symbol]                       0x080002aa   Section        0  gd32e23x_it.o(.text.SysTick_Handler)
    [Anonymous Symbol]                       0x080002b0   Section        0  system_gd32e23x.o(.text.SystemCoreClockUpdate)
    __arm_cp.1_0                             0x0800030c   Number         4  system_gd32e23x.o(.text.SystemCoreClockUpdate)
    __arm_cp.1_1                             0x08000310   Number         4  system_gd32e23x.o(.text.SystemCoreClockUpdate)
    __arm_cp.1_2                             0x08000314   Number         4  system_gd32e23x.o(.text.SystemCoreClockUpdate)
    __arm_cp.1_3                             0x08000318   Number         4  system_gd32e23x.o(.text.SystemCoreClockUpdate)
    [Anonymous Symbol]                       0x0800032c   Section        0  system_gd32e23x.o(.text.SystemInit)
    __arm_cp.0_0                             0x080005ec   Number         4  system_gd32e23x.o(.text.SystemInit)
    __arm_cp.0_1                             0x080005f0   Number         4  system_gd32e23x.o(.text.SystemInit)
    __arm_cp.0_2                             0x080005f4   Number         4  system_gd32e23x.o(.text.SystemInit)
    __arm_cp.0_3                             0x080005f8   Number         4  system_gd32e23x.o(.text.SystemInit)
    __arm_cp.0_4                             0x080005fc   Number         4  system_gd32e23x.o(.text.SystemInit)
    __arm_cp.0_5                             0x08000600   Number         4  system_gd32e23x.o(.text.SystemInit)
    __arm_cp.0_6                             0x08000604   Number         4  system_gd32e23x.o(.text.SystemInit)
    __arm_cp.0_7                             0x08000608   Number         4  system_gd32e23x.o(.text.SystemInit)
    [Anonymous Symbol]                       0x0800060c   Section        0  timer.o(.text.TIMER14_IRQHandler)
    __arm_cp.1_0                             0x08000794   Number         4  timer.o(.text.TIMER14_IRQHandler)
    __arm_cp.1_1                             0x08000798   Number         4  timer.o(.text.TIMER14_IRQHandler)
    [Anonymous Symbol]                       0x0800079c   Section        0  usart.o(.text.USART0_IRQHandler)
    __arm_cp.3_0                             0x08000838   Number         4  usart.o(.text.USART0_IRQHandler)
    __arm_cp.3_1                             0x0800083c   Number         4  usart.o(.text.USART0_IRQHandler)
    __arm_cp.3_2                             0x08000840   Number         4  usart.o(.text.USART0_IRQHandler)
    __arm_cp.3_3                             0x08000844   Number         4  usart.o(.text.USART0_IRQHandler)
    __arm_cp.3_4                             0x08000848   Number         4  usart.o(.text.USART0_IRQHandler)
    __arm_cp.3_5                             0x0800084c   Number         4  usart.o(.text.USART0_IRQHandler)
    __arm_cp.3_7                             0x08000854   Number         4  usart.o(.text.USART0_IRQHandler)
    [Anonymous Symbol]                       0x08000858   Section        0  eventbus.o(.text.app_eventbus_init)
    [Anonymous Symbol]                       0x0800086c   Section        0  eventbus.o(.text.app_eventbus_poll)
    __arm_cp.3_2                             0x080008d8   Number         4  eventbus.o(.text.app_eventbus_poll)
    [Anonymous Symbol]                       0x080008dc   Section        0  eventbus.o(.text.app_eventbus_publish)
    __arm_cp.2_0                             0x08000908   Number         4  eventbus.o(.text.app_eventbus_publish)
    __arm_cp.2_1                             0x0800090c   Number         4  eventbus.o(.text.app_eventbus_publish)
    __arm_cp.2_2                             0x08000910   Number         4  eventbus.o(.text.app_eventbus_publish)
    [Anonymous Symbol]                       0x08000914   Section        0  eventbus.o(.text.app_eventbus_subscribe)
    __arm_cp.1_0                             0x0800092c   Number         4  eventbus.o(.text.app_eventbus_subscribe)
    __arm_cp.1_1                             0x08000930   Number         4  eventbus.o(.text.app_eventbus_subscribe)
    [Anonymous Symbol]                       0x08000934   Section        0  protocol.o(.text.app_portocol_init)
    __arm_cp.0_0                             0x0800094c   Number         4  protocol.o(.text.app_portocol_init)
    __arm_cp.0_1                             0x08000950   Number         4  protocol.o(.text.app_portocol_init)
    [Anonymous Symbol]                       0x08000954   Section        0  timer.o(.text.app_timer_init)
    __arm_cp.0_0                             0x08000a04   Number         4  timer.o(.text.app_timer_init)
    __arm_cp.0_1                             0x08000a08   Number         4  timer.o(.text.app_timer_init)
    __arm_cp.0_2                             0x08000a0c   Number         4  timer.o(.text.app_timer_init)
    [Anonymous Symbol]                       0x08000a10   Section        0  timer.o(.text.app_timer_poll)
    [Anonymous Symbol]                       0x08000a50   Section        0  timer.o(.text.app_timer_start)
    __arm_cp.2_0                             0x08000ba0   Number         4  timer.o(.text.app_timer_start)
    __arm_cp.2_1                             0x08000ba4   Number         4  timer.o(.text.app_timer_start)
    app_usart0_check                         0x08000ba9   Thumb Code   192  protocol.o(.text.app_usart0_check)
    [Anonymous Symbol]                       0x08000ba8   Section        0  protocol.o(.text.app_usart0_check)
    __arm_cp.1_0                             0x08000c68   Number         4  protocol.o(.text.app_usart0_check)
    [Anonymous Symbol]                       0x08000c6c   Section        0  usart.o(.text.app_usart0_rx_callback)
    __arm_cp.0_0                             0x08000c74   Number         4  usart.o(.text.app_usart0_rx_callback)
    [Anonymous Symbol]                       0x08000c78   Section        0  usart.o(.text.app_usart_init)
    __arm_cp.1_0                             0x08000e3c   Number         4  usart.o(.text.app_usart_init)
    __arm_cp.1_1                             0x08000e40   Number         4  usart.o(.text.app_usart_init)
    __arm_cp.1_2                             0x08000e44   Number         4  usart.o(.text.app_usart_init)
    __arm_cp.1_3                             0x08000e48   Number         4  usart.o(.text.app_usart_init)
    __arm_cp.1_4                             0x08000e4c   Number         4  usart.o(.text.app_usart_init)
    __arm_cp.1_5                             0x08000e50   Number         4  usart.o(.text.app_usart_init)
    __arm_cp.1_6                             0x08000e54   Number         4  usart.o(.text.app_usart_init)
    [Anonymous Symbol]                       0x08000e58   Section        0  watchdog.o(.text.app_watchdog_init)
    __arm_cp.0_0                             0x08000e90   Number         4  watchdog.o(.text.app_watchdog_init)
    __arm_cp.0_2                             0x08000ea0   Number         4  watchdog.o(.text.app_watchdog_init)
    [Anonymous Symbol]                       0x08000ea4   Section        0  systick.o(.text.delay_1ms)
    [Anonymous Symbol]                       0x08000ebc   Section        0  systick.o(.text.delay_decrement)
    __arm_cp.2_0                             0x08000ecc   Number         4  systick.o(.text.delay_decrement)
    [Anonymous Symbol]                       0x08000ed0   Section        0  gd32e23x_dma.o(.text.dma_channel_disable)
    [Anonymous Symbol]                       0x08000ee0   Section        0  gd32e23x_dma.o(.text.dma_channel_enable)
    [Anonymous Symbol]                       0x08000ef0   Section        0  gd32e23x_dma.o(.text.dma_circulation_disable)
    [Anonymous Symbol]                       0x08000f00   Section        0  gd32e23x_dma.o(.text.dma_deinit)
    [Anonymous Symbol]                       0x08000f2c   Section        0  gd32e23x_dma.o(.text.dma_init)
    [Anonymous Symbol]                       0x08000f9c   Section        0  gd32e23x_dma.o(.text.dma_interrupt_enable)
    [Anonymous Symbol]                       0x08000fac   Section        0  gd32e23x_dma.o(.text.dma_interrupt_flag_clear)
    __arm_cp.24_0                            0x08000fbc   Number         4  gd32e23x_dma.o(.text.dma_interrupt_flag_clear)
    [Anonymous Symbol]                       0x08000fc0   Section        0  gd32e23x_dma.o(.text.dma_interrupt_flag_get)
    __arm_cp.23_0                            0x08000ff8   Number         4  gd32e23x_dma.o(.text.dma_interrupt_flag_get)
    [Anonymous Symbol]                       0x08000ffc   Section        0  gd32e23x_dma.o(.text.dma_memory_address_config)
    __arm_cp.10_0                            0x08001008   Number         4  gd32e23x_dma.o(.text.dma_memory_address_config)
    [Anonymous Symbol]                       0x0800100c   Section        0  gd32e23x_dma.o(.text.dma_memory_to_memory_disable)
    __arm_cp.7_0                             0x08001020   Number         4  gd32e23x_dma.o(.text.dma_memory_to_memory_disable)
    [Anonymous Symbol]                       0x08001024   Section        0  gd32e23x_dma.o(.text.dma_struct_para_init)
    [Anonymous Symbol]                       0x08001038   Section        0  gd32e23x_dma.o(.text.dma_transfer_number_config)
    [Anonymous Symbol]                       0x08001044   Section        0  gd32e23x_dma.o(.text.dma_transfer_number_get)
    __arm_cp.12_0                            0x08001050   Number         4  gd32e23x_dma.o(.text.dma_transfer_number_get)
    [Anonymous Symbol]                       0x08001054   Section        0  gd32e23x_exti.o(.text.exti_init)
    __arm_cp.1_0                             0x080010b4   Number         4  gd32e23x_exti.o(.text.exti_init)
    [Anonymous Symbol]                       0x080010b8   Section        0  gd32e23x_exti.o(.text.exti_interrupt_flag_clear)
    [Anonymous Symbol]                       0x080010c0   Section        0  gd32e23x_exti.o(.text.exti_interrupt_flag_get)
    __arm_cp.10_0                            0x080010cc   Number         4  gd32e23x_exti.o(.text.exti_interrupt_flag_get)
    find_timer_by_name                       0x080010d1   Thumb Code   292  timer.o(.text.find_timer_by_name)
    [Anonymous Symbol]                       0x080010d0   Section        0  timer.o(.text.find_timer_by_name)
    __arm_cp.4_0                             0x080011f4   Number         4  timer.o(.text.find_timer_by_name)
    [Anonymous Symbol]                       0x080011f8   Section        0  usart.o(.text.fputc)
    __arm_cp.5_0                             0x08001218   Number         4  usart.o(.text.fputc)
    __arm_cp.5_1                             0x0800121c   Number         4  usart.o(.text.fputc)
    [Anonymous Symbol]                       0x08001220   Section        0  gd32e23x_fwdgt.o(.text.fwdgt_config)
    __arm_cp.7_0                             0x080012b4   Number         4  gd32e23x_fwdgt.o(.text.fwdgt_config)
    __arm_cp.7_2                             0x080012b8   Number         4  gd32e23x_fwdgt.o(.text.fwdgt_config)
    __arm_cp.7_3                             0x080012bc   Number         4  gd32e23x_fwdgt.o(.text.fwdgt_config)
    __arm_cp.7_4                             0x080012c0   Number         4  gd32e23x_fwdgt.o(.text.fwdgt_config)
    [Anonymous Symbol]                       0x080012c4   Section        0  gd32e23x_fwdgt.o(.text.fwdgt_counter_reload)
    __arm_cp.6_1                             0x080012cc   Number         4  gd32e23x_fwdgt.o(.text.fwdgt_counter_reload)
    [Anonymous Symbol]                       0x080012d0   Section        0  gd32e23x_fwdgt.o(.text.fwdgt_enable)
    __arm_cp.2_0                             0x080012d8   Number         4  gd32e23x_fwdgt.o(.text.fwdgt_enable)
    __arm_cp.2_1                             0x080012dc   Number         4  gd32e23x_fwdgt.o(.text.fwdgt_enable)
    [Anonymous Symbol]                       0x080012e0   Section        0  gd32e23x_gpio.o(.text.gpio_af_set)
    __arm_cp.11_0                            0x080013c4   Number         4  gd32e23x_gpio.o(.text.gpio_af_set)
    __arm_cp.11_1                            0x080013c8   Number         4  gd32e23x_gpio.o(.text.gpio_af_set)
    __arm_cp.11_2                            0x080013cc   Number         4  gd32e23x_gpio.o(.text.gpio_af_set)
    __arm_cp.11_3                            0x080013d0   Number         4  gd32e23x_gpio.o(.text.gpio_af_set)
    __arm_cp.11_4                            0x080013d4   Number         4  gd32e23x_gpio.o(.text.gpio_af_set)
    __arm_cp.11_5                            0x080013d8   Number         4  gd32e23x_gpio.o(.text.gpio_af_set)
    [Anonymous Symbol]                       0x080013dc   Section        0  gd32e23x_gpio.o(.text.gpio_bit_reset)
    [Anonymous Symbol]                       0x080013e0   Section        0  gd32e23x_gpio.o(.text.gpio_bit_set)
    [Anonymous Symbol]                       0x080013e4   Section        0  gd32e23x_gpio.o(.text.gpio_mode_set)
    [Anonymous Symbol]                       0x080014f0   Section        0  gd32e23x_gpio.o(.text.gpio_output_options_set)
    [Anonymous Symbol]                       0x080015c2   Section        0  device.o(.text.jump_to_device_init)
    [Anonymous Symbol]                       0x080015c8   Section        0  main.o(.text.main)
    __arm_cp.0_0                             0x08001600   Number         4  main.o(.text.main)
    [Anonymous Symbol]                       0x08001604   Section        0  gd32e23x_misc.o(.text.nvic_irq_enable)
    __arm_cp.0_0                             0x0800164c   Number         4  gd32e23x_misc.o(.text.nvic_irq_enable)
    __arm_cp.0_1                             0x08001650   Number         4  gd32e23x_misc.o(.text.nvic_irq_enable)
    __arm_cp.0_2                             0x08001654   Number         4  gd32e23x_misc.o(.text.nvic_irq_enable)
    [Anonymous Symbol]                       0x08001658   Section        0  gd32e23x_misc.o(.text.nvic_vector_table_set)
    __arm_cp.3_0                             0x08001668   Number         4  gd32e23x_misc.o(.text.nvic_vector_table_set)
    __arm_cp.3_1                             0x0800166c   Number         4  gd32e23x_misc.o(.text.nvic_vector_table_set)
    [Anonymous Symbol]                       0x08001670   Section        0  pcb.o(.text.pcb_init)
    __arm_cp.0_0                             0x08001740   Number         4  pcb.o(.text.pcb_init)
    __arm_cp.0_1                             0x08001744   Number         4  pcb.o(.text.pcb_init)
    [Anonymous Symbol]                       0x08001748   Section        0  gd32e23x_rcu.o(.text.rcu_clock_freq_get)
    __arm_cp.33_0                            0x0800188c   Number         4  gd32e23x_rcu.o(.text.rcu_clock_freq_get)
    __arm_cp.33_1                            0x08001890   Number         4  gd32e23x_rcu.o(.text.rcu_clock_freq_get)
    __arm_cp.33_2                            0x08001894   Number         4  gd32e23x_rcu.o(.text.rcu_clock_freq_get)
    __arm_cp.33_4                            0x080018a8   Number         4  gd32e23x_rcu.o(.text.rcu_clock_freq_get)
    __arm_cp.33_5                            0x080018ac   Number         4  gd32e23x_rcu.o(.text.rcu_clock_freq_get)
    __arm_cp.33_6                            0x080018b0   Number         4  gd32e23x_rcu.o(.text.rcu_clock_freq_get)
    [Anonymous Symbol]                       0x080018b4   Section        0  gd32e23x_rcu.o(.text.rcu_osci_on)
    [Anonymous Symbol]                       0x080018c8   Section        0  gd32e23x_rcu.o(.text.rcu_osci_stab_wait)
    __arm_cp.21_0                            0x080019e4   Number         4  gd32e23x_rcu.o(.text.rcu_osci_stab_wait)
    __arm_cp.21_1                            0x080019e8   Number         4  gd32e23x_rcu.o(.text.rcu_osci_stab_wait)
    __arm_cp.21_3                            0x080019ec   Number         4  gd32e23x_rcu.o(.text.rcu_osci_stab_wait)
    __arm_cp.21_4                            0x080019f0   Number         4  gd32e23x_rcu.o(.text.rcu_osci_stab_wait)
    __arm_cp.21_5                            0x080019f4   Number         4  gd32e23x_rcu.o(.text.rcu_osci_stab_wait)
    [Anonymous Symbol]                       0x080019f8   Section        0  gd32e23x_rcu.o(.text.rcu_periph_clock_enable)
    [Anonymous Symbol]                       0x08001a0c   Section        0  gd32e23x_rcu.o(.text.rcu_periph_reset_disable)
    [Anonymous Symbol]                       0x08001a20   Section        0  gd32e23x_rcu.o(.text.rcu_periph_reset_enable)
    __arm_cp.5_0                             0x08001a34   Number         4  gd32e23x_rcu.o(.text.rcu_periph_reset_enable)
    [Anonymous Symbol]                       0x08001a38   Section        0  gd32e23x_syscfg.o(.text.syscfg_exti_line_config)
    __arm_cp.5_0                             0x08001a80   Number         4  gd32e23x_syscfg.o(.text.syscfg_exti_line_config)
    [Anonymous Symbol]                       0x08001a84   Section        0  gd32e23x_syscfg.o(.text.syscfg_flag_get)
    __arm_cp.8_0                             0x08001a90   Number         4  gd32e23x_syscfg.o(.text.syscfg_flag_get)
    [Anonymous Symbol]                       0x08001a94   Section        0  systick.o(.text.systick_config)
    __arm_cp.0_0                             0x08001ad0   Number         4  systick.o(.text.systick_config)
    __arm_cp.0_1                             0x08001ad4   Number         4  systick.o(.text.systick_config)
    __arm_cp.0_2                             0x08001ad8   Number         4  systick.o(.text.systick_config)
    __arm_cp.0_3                             0x08001adc   Number         4  systick.o(.text.systick_config)
    [Anonymous Symbol]                       0x08001ae0   Section        0  gd32e23x_timer.o(.text.timer_deinit)
    __arm_cp.0_0                             0x08001b44   Number         4  gd32e23x_timer.o(.text.timer_deinit)
    __arm_cp.0_1                             0x08001b48   Number         4  gd32e23x_timer.o(.text.timer_deinit)
    __arm_cp.0_2                             0x08001b4c   Number         4  gd32e23x_timer.o(.text.timer_deinit)
    __arm_cp.0_8                             0x08001b50   Number         4  gd32e23x_timer.o(.text.timer_deinit)
    [Anonymous Symbol]                       0x08001b54   Section        0  gd32e23x_timer.o(.text.timer_enable)
    timer_feed_dog                           0x08001b5f   Thumb Code     4  watchdog.o(.text.timer_feed_dog)
    [Anonymous Symbol]                       0x08001b5e   Section        0  watchdog.o(.text.timer_feed_dog)
    [Anonymous Symbol]                       0x08001b64   Section        0  gd32e23x_timer.o(.text.timer_init)
    __arm_cp.2_0                             0x08001bf8   Number         4  gd32e23x_timer.o(.text.timer_init)
    __arm_cp.2_1                             0x08001bfc   Number         4  gd32e23x_timer.o(.text.timer_init)
    __arm_cp.2_2                             0x08001c00   Number         4  gd32e23x_timer.o(.text.timer_init)
    __arm_cp.2_3                             0x08001c04   Number         4  gd32e23x_timer.o(.text.timer_init)
    __arm_cp.2_4                             0x08001c08   Number         4  gd32e23x_timer.o(.text.timer_init)
    __arm_cp.2_5                             0x08001c0c   Number         4  gd32e23x_timer.o(.text.timer_init)
    __arm_cp.2_6                             0x08001c10   Number         4  gd32e23x_timer.o(.text.timer_init)
    __arm_cp.2_7                             0x08001c14   Number         4  gd32e23x_timer.o(.text.timer_init)
    [Anonymous Symbol]                       0x08001c18   Section        0  gd32e23x_timer.o(.text.timer_interrupt_enable)
    [Anonymous Symbol]                       0x08001c20   Section        0  gd32e23x_timer.o(.text.timer_interrupt_flag_clear)
    [Anonymous Symbol]                       0x08001c26   Section        0  gd32e23x_timer.o(.text.timer_interrupt_flag_get)
    [Anonymous Symbol]                       0x08001c3c   Section        0  gd32e23x_timer.o(.text.timer_struct_para_init)
    __arm_cp.1_0                             0x08001c4c   Number         4  gd32e23x_timer.o(.text.timer_struct_para_init)
    [Anonymous Symbol]                       0x08001c50   Section        0  triac_driver.o(.text.triac_driver_init)
    __arm_cp.0_1                             0x08001c98   Number         4  triac_driver.o(.text.triac_driver_init)
    __arm_cp.0_3                             0x08001ca8   Number         4  triac_driver.o(.text.triac_driver_init)
    __arm_cp.0_4                             0x08001cac   Number         4  triac_driver.o(.text.triac_driver_init)
    triac_event_handler                      0x08001cb1   Thumb Code   172  triac_driver.o(.text.triac_event_handler)
    [Anonymous Symbol]                       0x08001cb0   Section        0  triac_driver.o(.text.triac_event_handler)
    __arm_cp.2_0                             0x08001d5c   Number         4  triac_driver.o(.text.triac_event_handler)
    __arm_cp.2_3                             0x08001d70   Number         4  triac_driver.o(.text.triac_event_handler)
    triac_timer                              0x08001d75   Thumb Code   156  triac_driver.o(.text.triac_timer)
    [Anonymous Symbol]                       0x08001d74   Section        0  triac_driver.o(.text.triac_timer)
    __arm_cp.1_0                             0x08001e10   Number         4  triac_driver.o(.text.triac_timer)
    __arm_cp.1_1                             0x08001e14   Number         4  triac_driver.o(.text.triac_timer)
    __arm_cp.1_2                             0x08001e18   Number         4  triac_driver.o(.text.triac_timer)
    [Anonymous Symbol]                       0x08001e20   Section        0  gd32e23x_usart.o(.text.usart_baudrate_set)
    __arm_cp.1_2                             0x08001e6c   Number         4  gd32e23x_usart.o(.text.usart_baudrate_set)
    [Anonymous Symbol]                       0x08001e70   Section        0  gd32e23x_usart.o(.text.usart_data_transmit)
    __arm_cp.18_0                            0x08001e78   Number         4  gd32e23x_usart.o(.text.usart_data_transmit)
    [Anonymous Symbol]                       0x08001e7c   Section        0  gd32e23x_usart.o(.text.usart_deinit)
    __arm_cp.0_0                             0x08001ea4   Number         4  gd32e23x_usart.o(.text.usart_deinit)
    __arm_cp.0_1                             0x08001ea8   Number         4  gd32e23x_usart.o(.text.usart_deinit)
    __arm_cp.0_2                             0x08001eac   Number         4  gd32e23x_usart.o(.text.usart_deinit)
    __arm_cp.0_3                             0x08001eb0   Number         4  gd32e23x_usart.o(.text.usart_deinit)
    [Anonymous Symbol]                       0x08001eb4   Section        0  gd32e23x_usart.o(.text.usart_dma_receive_config)
    [Anonymous Symbol]                       0x08001ec4   Section        0  gd32e23x_usart.o(.text.usart_dma_transmit_config)
    [Anonymous Symbol]                       0x08001ed4   Section        0  gd32e23x_usart.o(.text.usart_enable)
    [Anonymous Symbol]                       0x08001ede   Section        0  gd32e23x_usart.o(.text.usart_flag_clear)
    [Anonymous Symbol]                       0x08001eee   Section        0  gd32e23x_usart.o(.text.usart_flag_get)
    [Anonymous Symbol]                       0x08001efe   Section        0  gd32e23x_usart.o(.text.usart_hardware_flow_cts_config)
    [Anonymous Symbol]                       0x08001f18   Section        0  gd32e23x_usart.o(.text.usart_hardware_flow_rts_config)
    [Anonymous Symbol]                       0x08001f32   Section        0  gd32e23x_usart.o(.text.usart_interrupt_enable)
    [Anonymous Symbol]                       0x08001f44   Section        0  gd32e23x_usart.o(.text.usart_interrupt_flag_clear)
    __arm_cp.70_0                            0x08001f68   Number         4  gd32e23x_usart.o(.text.usart_interrupt_flag_clear)
    [Anonymous Symbol]                       0x08001f6c   Section        0  gd32e23x_usart.o(.text.usart_interrupt_flag_get)
    [Anonymous Symbol]                       0x08001f8e   Section        0  gd32e23x_usart.o(.text.usart_parity_config)
    [Anonymous Symbol]                       0x08001fa8   Section        0  gd32e23x_usart.o(.text.usart_receive_config)
    [Anonymous Symbol]                       0x08001fb8   Section        0  gd32e23x_usart.o(.text.usart_stop_bit_set)
    [Anonymous Symbol]                       0x08001fd2   Section        0  gd32e23x_usart.o(.text.usart_transmit_config)
    [Anonymous Symbol]                       0x08001fe2   Section        0  gd32e23x_usart.o(.text.usart_word_length_set)
    i.__0printf$8                            0x08001ffc   Section        0  printf8.o(i.__0printf$8)
    i.__scatterload_copy                     0x0800201c   Section       14  handlers.o(i.__scatterload_copy)
    i.__scatterload_null                     0x0800202a   Section        2  handlers.o(i.__scatterload_null)
    i.__scatterload_zeroinit                 0x0800202c   Section       14  handlers.o(i.__scatterload_zeroinit)
    _printf_core                             0x0800203d   Thumb Code  1020  printf8.o(i._printf_core)
    i._printf_core                           0x0800203c   Section        0  printf8.o(i._printf_core)
    _printf_post_padding                     0x08002465   Thumb Code    32  printf8.o(i._printf_post_padding)
    i._printf_post_padding                   0x08002464   Section        0  printf8.o(i._printf_post_padding)
    _printf_pre_padding                      0x08002485   Thumb Code    44  printf8.o(i._printf_pre_padding)
    i._printf_pre_padding                    0x08002484   Section        0  printf8.o(i._printf_pre_padding)
    i.putchar                                0x080024b0   Section        0  putchar.o(i.putchar)
    i.puts                                   0x080024c0   Section        0  puts.o(i.puts)
    [Anonymous Symbol]                       0x080024e0   Section        0  gd32e23x_rcu.o(.rodata.cst8)
    [Anonymous Symbol]                       0x080024e8   Section        0  triac_driver.o(.rodata.str1.1)
    .data                                    0x20000000   Section        4  stdout.o(.data)
    app_usart0_check.temp                    0x20000008   Data          32  protocol.o(.bss.app_usart0_check.temp)
    [Anonymous Symbol]                       0x20000008   Section        0  protocol.o(.bss.app_usart0_check.temp)
    delay                                    0x20000028   Data           4  systick.o(.bss.delay)
    [Anonymous Symbol]                       0x20000028   Section        0  systick.o(.bss.delay)
    eventHandlers                            0x2000002c   Data          32  eventbus.o(.bss.eventHandlers)
    [Anonymous Symbol]                       0x2000002c   Section        0  eventbus.o(.bss.eventHandlers)
    eventQueue                               0x2000004c   Data         128  eventbus.o(.bss.eventQueue)
    [Anonymous Symbol]                       0x2000004c   Section        0  eventbus.o(.bss.eventQueue)
    handlerCount                             0x200000cc   Data           1  eventbus.o(.bss.handlerCount)
    [Anonymous Symbol]                       0x200000cc   Section        0  eventbus.o(.bss.handlerCount)
    my_soft_timer                            0x200000d0   Data         400  timer.o(.bss.my_soft_timer)
    [Anonymous Symbol]                       0x200000d0   Section        0  timer.o(.bss.my_soft_timer)
    queueHead                                0x20000270   Data           1  eventbus.o(.bss.queueHead)
    [Anonymous Symbol]                       0x20000270   Section        0  eventbus.o(.bss.queueHead)
    queueSize                                0x20000271   Data           1  eventbus.o(.bss.queueSize)
    [Anonymous Symbol]                       0x20000271   Section        0  eventbus.o(.bss.queueSize)
    queueTail                                0x20000272   Data           1  eventbus.o(.bss.queueTail)
    [Anonymous Symbol]                       0x20000272   Section        0  eventbus.o(.bss.queueTail)
    rx0_buf                                  0x20000274   Data         514  usart.o(.bss.rx0_buf)
    [Anonymous Symbol]                       0x20000274   Section        0  usart.o(.bss.rx0_buf)
    rx0_callback                             0x20000478   Data           4  usart.o(.bss.rx0_callback)
    [Anonymous Symbol]                       0x20000478   Section        0  usart.o(.bss.rx0_callback)
    system_ticks                             0x2000047c   Data           4  timer.o(.bss.system_ticks)
    [Anonymous Symbol]                       0x2000047c   Section        0  timer.o(.bss.system_ticks)
    tx_busy                                  0x20000480   Data           1  usart.o(.bss.tx_busy)
    [Anonymous Symbol]                       0x20000480   Section        0  usart.o(.bss.tx_busy)
    STACK                                    0x20000488   Section     2048  startup_gd32e23x.o(STACK)

    Global Symbols

    Symbol Name                              Value     Ov Type        Size  Object(Section)

    BuildAttributes$$THM_ISAv3M$S$8M$PE$A:L22$X:L11$S22$IEEE1$IW$~IW$USESV6$~STKCKD$USESV7$~SHL$OTIME$ROPI$EBA8$MICROLIB$REQ8$PRES8$EABIv2 0x00000000   Number         0  anon$$obj.o ABSOLUTE
    _printf_a                                0x00000000   Number         0  printfstubs.o ABSOLUTE
    _printf_c                                0x00000000   Number         0  printfstubs.o ABSOLUTE
    _printf_charcount                        0x00000000   Number         0  printfstubs.o ABSOLUTE
    _printf_d                                0x00000000   Number         0  printfstubs.o ABSOLUTE
    _printf_e                                0x00000000   Number         0  printfstubs.o ABSOLUTE
    _printf_f                                0x00000000   Number         0  printfstubs.o ABSOLUTE
    _printf_flags                            0x00000000   Number         0  printfstubs.o ABSOLUTE
    _printf_fp_dec                           0x00000000   Number         0  printfstubs.o ABSOLUTE
    _printf_fp_hex                           0x00000000   Number         0  printfstubs.o ABSOLUTE
    _printf_g                                0x00000000   Number         0  printfstubs.o ABSOLUTE
    _printf_i                                0x00000000   Number         0  printfstubs.o ABSOLUTE
    _printf_int_dec                          0x00000000   Number         0  printfstubs.o ABSOLUTE
    _printf_l                                0x00000000   Number         0  printfstubs.o ABSOLUTE
    _printf_lc                               0x00000000   Number         0  printfstubs.o ABSOLUTE
    _printf_ll                               0x00000000   Number         0  printfstubs.o ABSOLUTE
    _printf_lld                              0x00000000   Number         0  printfstubs.o ABSOLUTE
    _printf_lli                              0x00000000   Number         0  printfstubs.o ABSOLUTE
    _printf_llo                              0x00000000   Number         0  printfstubs.o ABSOLUTE
    _printf_llu                              0x00000000   Number         0  printfstubs.o ABSOLUTE
    _printf_llx                              0x00000000   Number         0  printfstubs.o ABSOLUTE
    _printf_longlong_dec                     0x00000000   Number         0  printfstubs.o ABSOLUTE
    _printf_longlong_hex                     0x00000000   Number         0  printfstubs.o ABSOLUTE
    _printf_longlong_oct                     0x00000000   Number         0  printfstubs.o ABSOLUTE
    _printf_ls                               0x00000000   Number         0  printfstubs.o ABSOLUTE
    _printf_mbtowc                           0x00000000   Number         0  printfstubs.o ABSOLUTE
    _printf_n                                0x00000000   Number         0  printfstubs.o ABSOLUTE
    _printf_o                                0x00000000   Number         0  printfstubs.o ABSOLUTE
    _printf_p                                0x00000000   Number         0  printfstubs.o ABSOLUTE
    _printf_percent                          0x00000000   Number         0  printfstubs.o ABSOLUTE
    _printf_pre_padding                      0x00000000   Number         0  printfstubs.o ABSOLUTE
    _printf_return_value                     0x00000000   Number         0  printfstubs.o ABSOLUTE
    _printf_s                                0x00000000   Number         0  printfstubs.o ABSOLUTE
    _printf_sizespec                         0x00000000   Number         0  printfstubs.o ABSOLUTE
    _printf_str                              0x00000000   Number         0  printfstubs.o ABSOLUTE
    _printf_truncate_signed                  0x00000000   Number         0  printfstubs.o ABSOLUTE
    _printf_truncate_unsigned                0x00000000   Number         0  printfstubs.o ABSOLUTE
    _printf_u                                0x00000000   Number         0  printfstubs.o ABSOLUTE
    _printf_wc                               0x00000000   Number         0  printfstubs.o ABSOLUTE
    _printf_wctomb                           0x00000000   Number         0  printfstubs.o ABSOLUTE
    _printf_widthprec                        0x00000000   Number         0  printfstubs.o ABSOLUTE
    _printf_x                                0x00000000   Number         0  printfstubs.o ABSOLUTE
    __cpp_initialize__aeabi_                  - Undefined Weak Reference
    __cxa_finalize                            - Undefined Weak Reference
    __decompress                              - Undefined Weak Reference
    _clock_init                               - Undefined Weak Reference
    _microlib_exit                            - Undefined Weak Reference
    __Vectors_Size                           0x000000cc   Number         0  startup_gd32e23x.o ABSOLUTE
    __Vectors                                0x08000000   Data           4  startup_gd32e23x.o(RESET)
    __Vectors_End                            0x080000cc   Data           0  startup_gd32e23x.o(RESET)
    __main                                   0x080000cd   Thumb Code     0  entry.o(.ARM.Collect$$$$00000000)
    _main_stk                                0x080000cd   Thumb Code     0  entry2.o(.ARM.Collect$$$$00000001)
    _main_scatterload                        0x080000d1   Thumb Code     0  entry5.o(.ARM.Collect$$$$00000004)
    __main_after_scatterload                 0x080000d5   Thumb Code     0  entry5.o(.ARM.Collect$$$$00000004)
    _main_clock                              0x080000d5   Thumb Code     0  entry7b.o(.ARM.Collect$$$$00000008)
    _main_cpp_init                           0x080000d5   Thumb Code     0  entry8b.o(.ARM.Collect$$$$0000000A)
    _main_init                               0x080000d5   Thumb Code     0  entry9a.o(.ARM.Collect$$$$0000000B)
    __rt_final_cpp                           0x080000dd   Thumb Code     0  entry10a.o(.ARM.Collect$$$$0000000D)
    __rt_final_exit                          0x080000dd   Thumb Code     0  entry11a.o(.ARM.Collect$$$$0000000F)
    Reset_Handler                            0x080000e1   Thumb Code    34  startup_gd32e23x.o(.text)
    ADC_CMP_IRQHandler                       0x0800010d   Thumb Code     0  startup_gd32e23x.o(.text)
    DMA_Channel0_IRQHandler                  0x0800010d   Thumb Code     0  startup_gd32e23x.o(.text)
    DMA_Channel3_4_IRQHandler                0x0800010d   Thumb Code     0  startup_gd32e23x.o(.text)
    EXTI0_1_IRQHandler                       0x0800010d   Thumb Code     0  startup_gd32e23x.o(.text)
    EXTI2_3_IRQHandler                       0x0800010d   Thumb Code     0  startup_gd32e23x.o(.text)
    FMC_IRQHandler                           0x0800010d   Thumb Code     0  startup_gd32e23x.o(.text)
    I2C0_ER_IRQHandler                       0x0800010d   Thumb Code     0  startup_gd32e23x.o(.text)
    I2C0_EV_IRQHandler                       0x0800010d   Thumb Code     0  startup_gd32e23x.o(.text)
    I2C1_ER_IRQHandler                       0x0800010d   Thumb Code     0  startup_gd32e23x.o(.text)
    I2C1_EV_IRQHandler                       0x0800010d   Thumb Code     0  startup_gd32e23x.o(.text)
    LVD_IRQHandler                           0x0800010d   Thumb Code     0  startup_gd32e23x.o(.text)
    RCU_IRQHandler                           0x0800010d   Thumb Code     0  startup_gd32e23x.o(.text)
    RTC_IRQHandler                           0x0800010d   Thumb Code     0  startup_gd32e23x.o(.text)
    SPI0_IRQHandler                          0x0800010d   Thumb Code     0  startup_gd32e23x.o(.text)
    SPI1_IRQHandler                          0x0800010d   Thumb Code     0  startup_gd32e23x.o(.text)
    TIMER0_BRK_UP_TRG_COM_IRQHandler         0x0800010d   Thumb Code     0  startup_gd32e23x.o(.text)
    TIMER0_Channel_IRQHandler                0x0800010d   Thumb Code     0  startup_gd32e23x.o(.text)
    TIMER13_IRQHandler                       0x0800010d   Thumb Code     0  startup_gd32e23x.o(.text)
    TIMER15_IRQHandler                       0x0800010d   Thumb Code     0  startup_gd32e23x.o(.text)
    TIMER16_IRQHandler                       0x0800010d   Thumb Code     0  startup_gd32e23x.o(.text)
    TIMER2_IRQHandler                        0x0800010d   Thumb Code     0  startup_gd32e23x.o(.text)
    TIMER5_IRQHandler                        0x0800010d   Thumb Code     0  startup_gd32e23x.o(.text)
    USART1_IRQHandler                        0x0800010d   Thumb Code     0  startup_gd32e23x.o(.text)
    WWDGT_IRQHandler                         0x0800010d   Thumb Code     0  startup_gd32e23x.o(.text)
    strncpy                                  0x08000125   Thumb Code    26  strncpy.o(.text)
    strlen                                   0x0800013f   Thumb Code    14  strlen.o(.text)
    strcmp                                   0x0800014d   Thumb Code    28  strcmp.o(.text)
    __aeabi_uldivmod                         0x08000169   Thumb Code    96  uldiv.o(.text)
    __scatterload                            0x080001c9   Thumb Code    38  init.o(.text)
    __scatterload_rt2                        0x080001c9   Thumb Code     0  init.o(.text)
    __aeabi_llsl                             0x080001f9   Thumb Code    32  llshl.o(.text)
    _ll_shift_l                              0x080001f9   Thumb Code     0  llshl.o(.text)
    __aeabi_llsr                             0x08000219   Thumb Code    34  llushr.o(.text)
    _ll_ushift_r                             0x08000219   Thumb Code     0  llushr.o(.text)
    DMA_Channel1_2_IRQHandler                0x0800023d   Thumb Code    44  usart.o(.text.DMA_Channel1_2_IRQHandler)
    EXTI4_15_IRQHandler                      0x0800026d   Thumb Code    36  triac_driver.o(.text.EXTI4_15_IRQHandler)
    HardFault_Handler                        0x08000295   Thumb Code     2  gd32e23x_it.o(.text.HardFault_Handler)
    NMI_Handler                              0x08000297   Thumb Code    16  gd32e23x_it.o(.text.NMI_Handler)
    PendSV_Handler                           0x080002a7   Thumb Code     2  gd32e23x_it.o(.text.PendSV_Handler)
    SVC_Handler                              0x080002a9   Thumb Code     2  gd32e23x_it.o(.text.SVC_Handler)
    SysTick_Handler                          0x080002ab   Thumb Code     4  gd32e23x_it.o(.text.SysTick_Handler)
    SystemCoreClockUpdate                    0x080002b1   Thumb Code    92  system_gd32e23x.o(.text.SystemCoreClockUpdate)
    SystemInit                               0x0800032d   Thumb Code   704  system_gd32e23x.o(.text.SystemInit)
    TIMER14_IRQHandler                       0x0800060d   Thumb Code   392  timer.o(.text.TIMER14_IRQHandler)
    USART0_IRQHandler                        0x0800079d   Thumb Code   156  usart.o(.text.USART0_IRQHandler)
    app_eventbus_init                        0x08000859   Thumb Code    20  eventbus.o(.text.app_eventbus_init)
    app_eventbus_poll                        0x0800086d   Thumb Code   108  eventbus.o(.text.app_eventbus_poll)
    app_eventbus_publish                     0x080008dd   Thumb Code    44  eventbus.o(.text.app_eventbus_publish)
    app_eventbus_subscribe                   0x08000915   Thumb Code    24  eventbus.o(.text.app_eventbus_subscribe)
    app_portocol_init                        0x08000935   Thumb Code    24  protocol.o(.text.app_portocol_init)
    app_timer_init                           0x08000955   Thumb Code   176  timer.o(.text.app_timer_init)
    app_timer_poll                           0x08000a11   Thumb Code    64  timer.o(.text.app_timer_poll)
    app_timer_start                          0x08000a51   Thumb Code   336  timer.o(.text.app_timer_start)
    app_usart0_rx_callback                   0x08000c6d   Thumb Code     8  usart.o(.text.app_usart0_rx_callback)
    app_usart_init                           0x08000c79   Thumb Code   452  usart.o(.text.app_usart_init)
    app_watchdog_init                        0x08000e59   Thumb Code    56  watchdog.o(.text.app_watchdog_init)
    delay_1ms                                0x08000ea5   Thumb Code    24  systick.o(.text.delay_1ms)
    delay_decrement                          0x08000ebd   Thumb Code    16  systick.o(.text.delay_decrement)
    dma_channel_disable                      0x08000ed1   Thumb Code    16  gd32e23x_dma.o(.text.dma_channel_disable)
    dma_channel_enable                       0x08000ee1   Thumb Code    16  gd32e23x_dma.o(.text.dma_channel_enable)
    dma_circulation_disable                  0x08000ef1   Thumb Code    16  gd32e23x_dma.o(.text.dma_circulation_disable)
    dma_deinit                               0x08000f01   Thumb Code    44  gd32e23x_dma.o(.text.dma_deinit)
    dma_init                                 0x08000f2d   Thumb Code   112  gd32e23x_dma.o(.text.dma_init)
    dma_interrupt_enable                     0x08000f9d   Thumb Code    16  gd32e23x_dma.o(.text.dma_interrupt_enable)
    dma_interrupt_flag_clear                 0x08000fad   Thumb Code    16  gd32e23x_dma.o(.text.dma_interrupt_flag_clear)
    dma_interrupt_flag_get                   0x08000fc1   Thumb Code    56  gd32e23x_dma.o(.text.dma_interrupt_flag_get)
    dma_memory_address_config                0x08000ffd   Thumb Code    12  gd32e23x_dma.o(.text.dma_memory_address_config)
    dma_memory_to_memory_disable             0x0800100d   Thumb Code    20  gd32e23x_dma.o(.text.dma_memory_to_memory_disable)
    dma_struct_para_init                     0x08001025   Thumb Code    20  gd32e23x_dma.o(.text.dma_struct_para_init)
    dma_transfer_number_config               0x08001039   Thumb Code    12  gd32e23x_dma.o(.text.dma_transfer_number_config)
    dma_transfer_number_get                  0x08001045   Thumb Code    12  gd32e23x_dma.o(.text.dma_transfer_number_get)
    exti_init                                0x08001055   Thumb Code    96  gd32e23x_exti.o(.text.exti_init)
    exti_interrupt_flag_clear                0x080010b9   Thumb Code     8  gd32e23x_exti.o(.text.exti_interrupt_flag_clear)
    exti_interrupt_flag_get                  0x080010c1   Thumb Code    12  gd32e23x_exti.o(.text.exti_interrupt_flag_get)
    fputc                                    0x080011f9   Thumb Code    32  usart.o(.text.fputc)
    fwdgt_config                             0x08001221   Thumb Code   148  gd32e23x_fwdgt.o(.text.fwdgt_config)
    fwdgt_counter_reload                     0x080012c5   Thumb Code     8  gd32e23x_fwdgt.o(.text.fwdgt_counter_reload)
    fwdgt_enable                             0x080012d1   Thumb Code     8  gd32e23x_fwdgt.o(.text.fwdgt_enable)
    gpio_af_set                              0x080012e1   Thumb Code   228  gd32e23x_gpio.o(.text.gpio_af_set)
    gpio_bit_reset                           0x080013dd   Thumb Code     4  gd32e23x_gpio.o(.text.gpio_bit_reset)
    gpio_bit_set                             0x080013e1   Thumb Code     4  gd32e23x_gpio.o(.text.gpio_bit_set)
    gpio_mode_set                            0x080013e5   Thumb Code   268  gd32e23x_gpio.o(.text.gpio_mode_set)
    gpio_output_options_set                  0x080014f1   Thumb Code   210  gd32e23x_gpio.o(.text.gpio_output_options_set)
    jump_to_device_init                      0x080015c3   Thumb Code     4  device.o(.text.jump_to_device_init)
    main                                     0x080015c9   Thumb Code    56  main.o(.text.main)
    nvic_irq_enable                          0x08001605   Thumb Code    72  gd32e23x_misc.o(.text.nvic_irq_enable)
    nvic_vector_table_set                    0x08001659   Thumb Code    16  gd32e23x_misc.o(.text.nvic_vector_table_set)
    pcb_init                                 0x08001671   Thumb Code   208  pcb.o(.text.pcb_init)
    rcu_clock_freq_get                       0x08001749   Thumb Code   324  gd32e23x_rcu.o(.text.rcu_clock_freq_get)
    rcu_osci_on                              0x080018b5   Thumb Code    20  gd32e23x_rcu.o(.text.rcu_osci_on)
    rcu_osci_stab_wait                       0x080018c9   Thumb Code   284  gd32e23x_rcu.o(.text.rcu_osci_stab_wait)
    rcu_periph_clock_enable                  0x080019f9   Thumb Code    20  gd32e23x_rcu.o(.text.rcu_periph_clock_enable)
    rcu_periph_reset_disable                 0x08001a0d   Thumb Code    20  gd32e23x_rcu.o(.text.rcu_periph_reset_disable)
    rcu_periph_reset_enable                  0x08001a21   Thumb Code    20  gd32e23x_rcu.o(.text.rcu_periph_reset_enable)
    syscfg_exti_line_config                  0x08001a39   Thumb Code    72  gd32e23x_syscfg.o(.text.syscfg_exti_line_config)
    syscfg_flag_get                          0x08001a85   Thumb Code    12  gd32e23x_syscfg.o(.text.syscfg_flag_get)
    systick_config                           0x08001a95   Thumb Code    60  systick.o(.text.systick_config)
    timer_deinit                             0x08001ae1   Thumb Code   100  gd32e23x_timer.o(.text.timer_deinit)
    timer_enable                             0x08001b55   Thumb Code    10  gd32e23x_timer.o(.text.timer_enable)
    timer_init                               0x08001b65   Thumb Code   148  gd32e23x_timer.o(.text.timer_init)
    timer_interrupt_enable                   0x08001c19   Thumb Code     8  gd32e23x_timer.o(.text.timer_interrupt_enable)
    timer_interrupt_flag_clear               0x08001c21   Thumb Code     6  gd32e23x_timer.o(.text.timer_interrupt_flag_clear)
    timer_interrupt_flag_get                 0x08001c27   Thumb Code    20  gd32e23x_timer.o(.text.timer_interrupt_flag_get)
    timer_struct_para_init                   0x08001c3d   Thumb Code    16  gd32e23x_timer.o(.text.timer_struct_para_init)
    triac_driver_init                        0x08001c51   Thumb Code    52  triac_driver.o(.text.triac_driver_init)
    usart_baudrate_set                       0x08001e21   Thumb Code    76  gd32e23x_usart.o(.text.usart_baudrate_set)
    usart_data_transmit                      0x08001e71   Thumb Code     8  gd32e23x_usart.o(.text.usart_data_transmit)
    usart_deinit                             0x08001e7d   Thumb Code    40  gd32e23x_usart.o(.text.usart_deinit)
    usart_dma_receive_config                 0x08001eb5   Thumb Code    16  gd32e23x_usart.o(.text.usart_dma_receive_config)
    usart_dma_transmit_config                0x08001ec5   Thumb Code    16  gd32e23x_usart.o(.text.usart_dma_transmit_config)
    usart_enable                             0x08001ed5   Thumb Code    10  gd32e23x_usart.o(.text.usart_enable)
    usart_flag_clear                         0x08001edf   Thumb Code    16  gd32e23x_usart.o(.text.usart_flag_clear)
    usart_flag_get                           0x08001eef   Thumb Code    16  gd32e23x_usart.o(.text.usart_flag_get)
    usart_hardware_flow_cts_config           0x08001eff   Thumb Code    26  gd32e23x_usart.o(.text.usart_hardware_flow_cts_config)
    usart_hardware_flow_rts_config           0x08001f19   Thumb Code    26  gd32e23x_usart.o(.text.usart_hardware_flow_rts_config)
    usart_interrupt_enable                   0x08001f33   Thumb Code    18  gd32e23x_usart.o(.text.usart_interrupt_enable)
    usart_interrupt_flag_clear               0x08001f45   Thumb Code    36  gd32e23x_usart.o(.text.usart_interrupt_flag_clear)
    usart_interrupt_flag_get                 0x08001f6d   Thumb Code    34  gd32e23x_usart.o(.text.usart_interrupt_flag_get)
    usart_parity_config                      0x08001f8f   Thumb Code    26  gd32e23x_usart.o(.text.usart_parity_config)
    usart_receive_config                     0x08001fa9   Thumb Code    16  gd32e23x_usart.o(.text.usart_receive_config)
    usart_stop_bit_set                       0x08001fb9   Thumb Code    26  gd32e23x_usart.o(.text.usart_stop_bit_set)
    usart_transmit_config                    0x08001fd3   Thumb Code    16  gd32e23x_usart.o(.text.usart_transmit_config)
    usart_word_length_set                    0x08001fe3   Thumb Code    26  gd32e23x_usart.o(.text.usart_word_length_set)
    __0printf$8                              0x08001ffd   Thumb Code    24  printf8.o(i.__0printf$8)
    __1printf$8                              0x08001ffd   Thumb Code     0  printf8.o(i.__0printf$8)
    __2printf                                0x08001ffd   Thumb Code     0  printf8.o(i.__0printf$8)
    __scatterload_copy                       0x0800201d   Thumb Code    14  handlers.o(i.__scatterload_copy)
    __scatterload_null                       0x0800202b   Thumb Code     2  handlers.o(i.__scatterload_null)
    __scatterload_zeroinit                   0x0800202d   Thumb Code    14  handlers.o(i.__scatterload_zeroinit)
    putchar                                  0x080024b1   Thumb Code    10  putchar.o(i.putchar)
    puts                                     0x080024c1   Thumb Code    28  puts.o(i.puts)
    Region$$Table$$Base                      0x080024f0   Number         0  anon$$obj.o(Region$$Table)
    Region$$Table$$Limit                     0x08002510   Number         0  anon$$obj.o(Region$$Table)
    __stdout                                 0x20000000   Data           4  stdout.o(.data)
    SystemCoreClock                          0x20000004   Data           4  system_gd32e23x.o(.data.SystemCoreClock)
    my_triac_status                          0x20000260   Data          16  triac_driver.o(.bss.my_triac_status)
    __initial_sp                             0x20000c88   Data           0  startup_gd32e23x.o(STACK)



==============================================================================

Memory Map of the image

  Image Entry point : 0x080000cd

  Load Region LR_IROM1 (Base: 0x08000000, Size: 0x00002518, Max: 0x00020000, ABSOLUTE)

    Execution Region ER_IROM1 (Base: 0x08000000, Size: 0x00002510, Max: 0x00020000, ABSOLUTE)

    Base Addr    Size         Type   Attr      Idx    E Section Name        Object

    0x08000000   0x000000cc   Data   RO            3    RESET               startup_gd32e23x.o
    0x080000cc   0x00000000   Code   RO         1381  * .ARM.Collect$$$$00000000  mc_p.l(entry.o)
    0x080000cc   0x00000004   Code   RO         1657    .ARM.Collect$$$$00000001  mc_p.l(entry2.o)
    0x080000d0   0x00000004   Code   RO         1660    .ARM.Collect$$$$00000004  mc_p.l(entry5.o)
    0x080000d4   0x00000000   Code   RO         1662    .ARM.Collect$$$$00000008  mc_p.l(entry7b.o)
    0x080000d4   0x00000000   Code   RO         1664    .ARM.Collect$$$$0000000A  mc_p.l(entry8b.o)
    0x080000d4   0x00000008   Code   RO         1665    .ARM.Collect$$$$0000000B  mc_p.l(entry9a.o)
    0x080000dc   0x00000000   Code   RO         1667    .ARM.Collect$$$$0000000D  mc_p.l(entry10a.o)
    0x080000dc   0x00000000   Code   RO         1669    .ARM.Collect$$$$0000000F  mc_p.l(entry11a.o)
    0x080000dc   0x00000004   Code   RO         1658    .ARM.Collect$$$$00002712  mc_p.l(entry2.o)
    0x080000e0   0x00000044   Code   RO            4    .text               startup_gd32e23x.o
    0x08000124   0x0000001a   Code   RO         1390    .text               mc_p.l(strncpy.o)
    0x0800013e   0x0000000e   Code   RO         1392    .text               mc_p.l(strlen.o)
    0x0800014c   0x0000001c   Code   RO         1394    .text               mc_p.l(strcmp.o)
    0x08000168   0x00000060   Code   RO         1678    .text               mc_p.l(uldiv.o)
    0x080001c8   0x00000030   Code   RO         1691    .text               mc_p.l(init.o)
    0x080001f8   0x00000020   Code   RO         1703    .text               mc_p.l(llshl.o)
    0x08000218   0x00000022   Code   RO         1705    .text               mc_p.l(llushr.o)
    0x0800023a   0x00000002   PAD
    0x0800023c   0x00000030   Code   RO         1288    .text.DMA_Channel1_2_IRQHandler  usart.o
    0x0800026c   0x00000028   Code   RO         1163    .text.EXTI4_15_IRQHandler  triac_driver.o
    0x08000294   0x00000002   Code   RO         1343    .text.HardFault_Handler  gd32e23x_it.o
    0x08000296   0x00000010   Code   RO         1341    .text.NMI_Handler   gd32e23x_it.o
    0x080002a6   0x00000002   Code   RO         1347    .text.PendSV_Handler  gd32e23x_it.o
    0x080002a8   0x00000002   Code   RO         1345    .text.SVC_Handler   gd32e23x_it.o
    0x080002aa   0x00000004   Code   RO         1349    .text.SysTick_Handler  gd32e23x_it.o
    0x080002ae   0x00000002   PAD
    0x080002b0   0x0000007c   Code   RO           13    .text.SystemCoreClockUpdate  system_gd32e23x.o
    0x0800032c   0x000002e0   Code   RO           11    .text.SystemInit    system_gd32e23x.o
    0x0800060c   0x00000190   Code   RO         1256    .text.TIMER14_IRQHandler  timer.o
    0x0800079c   0x000000bc   Code   RO         1286    .text.USART0_IRQHandler  usart.o
    0x08000858   0x00000014   Code   RO         1175    .text.app_eventbus_init  eventbus.o
    0x0800086c   0x00000070   Code   RO         1181    .text.app_eventbus_poll  eventbus.o
    0x080008dc   0x00000038   Code   RO         1179    .text.app_eventbus_publish  eventbus.o
    0x08000914   0x00000020   Code   RO         1177    .text.app_eventbus_subscribe  eventbus.o
    0x08000934   0x00000020   Code   RO         1241    .text.app_portocol_init  protocol.o
    0x08000954   0x000000bc   Code   RO         1254    .text.app_timer_init  timer.o
    0x08000a10   0x00000040   Code   RO         1266    .text.app_timer_poll  timer.o
    0x08000a50   0x00000158   Code   RO         1258    .text.app_timer_start  timer.o
    0x08000ba8   0x000000c4   Code   RO         1243    .text.app_usart0_check  protocol.o
    0x08000c6c   0x0000000c   Code   RO         1280    .text.app_usart0_rx_callback  usart.o
    0x08000c78   0x000001e0   Code   RO         1282    .text.app_usart_init  usart.o
    0x08000e58   0x0000004c   Code   RO         1305    .text.app_watchdog_init  watchdog.o
    0x08000ea4   0x00000018   Code   RO         1369    .text.delay_1ms     systick.o
    0x08000ebc   0x00000014   Code   RO         1371    .text.delay_decrement  systick.o
    0x08000ed0   0x00000010   Code   RO          188    .text.dma_channel_disable  gd32e23x_dma.o
    0x08000ee0   0x00000010   Code   RO          198    .text.dma_channel_enable  gd32e23x_dma.o
    0x08000ef0   0x00000010   Code   RO          192    .text.dma_circulation_disable  gd32e23x_dma.o
    0x08000f00   0x0000002c   Code   RO          182    .text.dma_deinit    gd32e23x_dma.o
    0x08000f2c   0x00000070   Code   RO          186    .text.dma_init      gd32e23x_dma.o
    0x08000f9c   0x00000010   Code   RO          232    .text.dma_interrupt_enable  gd32e23x_dma.o
    0x08000fac   0x00000014   Code   RO          230    .text.dma_interrupt_flag_clear  gd32e23x_dma.o
    0x08000fc0   0x0000003c   Code   RO          228    .text.dma_interrupt_flag_get  gd32e23x_dma.o
    0x08000ffc   0x00000010   Code   RO          202    .text.dma_memory_address_config  gd32e23x_dma.o
    0x0800100c   0x00000018   Code   RO          196    .text.dma_memory_to_memory_disable  gd32e23x_dma.o
    0x08001024   0x00000014   Code   RO          184    .text.dma_struct_para_init  gd32e23x_dma.o
    0x08001038   0x0000000c   Code   RO          204    .text.dma_transfer_number_config  gd32e23x_dma.o
    0x08001044   0x00000010   Code   RO          206    .text.dma_transfer_number_get  gd32e23x_dma.o
    0x08001054   0x00000064   Code   RO          246    .text.exti_init     gd32e23x_exti.o
    0x080010b8   0x00000008   Code   RO          266    .text.exti_interrupt_flag_clear  gd32e23x_exti.o
    0x080010c0   0x00000010   Code   RO          264    .text.exti_interrupt_flag_get  gd32e23x_exti.o
    0x080010d0   0x00000128   Code   RO         1262    .text.find_timer_by_name  timer.o
    0x080011f8   0x00000028   Code   RO         1290    .text.fputc         usart.o
    0x08001220   0x000000a4   Code   RO          358    .text.fwdgt_config  gd32e23x_fwdgt.o
    0x080012c4   0x0000000c   Code   RO          356    .text.fwdgt_counter_reload  gd32e23x_fwdgt.o
    0x080012d0   0x00000010   Code   RO          348    .text.fwdgt_enable  gd32e23x_fwdgt.o
    0x080012e0   0x000000fc   Code   RO          392    .text.gpio_af_set   gd32e23x_gpio.o
    0x080013dc   0x00000004   Code   RO          378    .text.gpio_bit_reset  gd32e23x_gpio.o
    0x080013e0   0x00000004   Code   RO          376    .text.gpio_bit_set  gd32e23x_gpio.o
    0x080013e4   0x0000010c   Code   RO          372    .text.gpio_mode_set  gd32e23x_gpio.o
    0x080014f0   0x000000d2   Code   RO          374    .text.gpio_output_options_set  gd32e23x_gpio.o
    0x080015c2   0x00000004   Code   RO         1149    .text.jump_to_device_init  device.o
    0x080015c6   0x00000002   PAD
    0x080015c8   0x0000003c   Code   RO         1358    .text.main          main.o
    0x08001604   0x00000054   Code   RO          488    .text.nvic_irq_enable  gd32e23x_misc.o
    0x08001658   0x00000018   Code   RO          494    .text.nvic_vector_table_set  gd32e23x_misc.o
    0x08001670   0x000000d8   Code   RO         1233    .text.pcb_init      pcb.o
    0x08001748   0x0000016c   Code   RO          610    .text.rcu_clock_freq_get  gd32e23x_rcu.o
    0x080018b4   0x00000014   Code   RO          590    .text.rcu_osci_on   gd32e23x_rcu.o
    0x080018c8   0x00000130   Code   RO          586    .text.rcu_osci_stab_wait  gd32e23x_rcu.o
    0x080019f8   0x00000014   Code   RO          546    .text.rcu_periph_clock_enable  gd32e23x_rcu.o
    0x08001a0c   0x00000014   Code   RO          556    .text.rcu_periph_reset_disable  gd32e23x_rcu.o
    0x08001a20   0x00000018   Code   RO          554    .text.rcu_periph_reset_enable  gd32e23x_rcu.o
    0x08001a38   0x0000004c   Code   RO          805    .text.syscfg_exti_line_config  gd32e23x_syscfg.o
    0x08001a84   0x00000010   Code   RO          811    .text.syscfg_flag_get  gd32e23x_syscfg.o
    0x08001a94   0x0000004c   Code   RO         1367    .text.systick_config  systick.o
    0x08001ae0   0x00000074   Code   RO          823    .text.timer_deinit  gd32e23x_timer.o
    0x08001b54   0x0000000a   Code   RO          829    .text.timer_enable  gd32e23x_timer.o
    0x08001b5e   0x00000004   Code   RO         1307    .text.timer_feed_dog  watchdog.o
    0x08001b62   0x00000002   PAD
    0x08001b64   0x000000b4   Code   RO          827    .text.timer_init    gd32e23x_timer.o
    0x08001c18   0x00000008   Code   RO          865    .text.timer_interrupt_enable  gd32e23x_timer.o
    0x08001c20   0x00000006   Code   RO          871    .text.timer_interrupt_flag_clear  gd32e23x_timer.o
    0x08001c26   0x00000014   Code   RO          869    .text.timer_interrupt_flag_get  gd32e23x_timer.o
    0x08001c3a   0x00000002   PAD
    0x08001c3c   0x00000014   Code   RO          825    .text.timer_struct_para_init  gd32e23x_timer.o
    0x08001c50   0x00000060   Code   RO         1157    .text.triac_driver_init  triac_driver.o
    0x08001cb0   0x000000c4   Code   RO         1161    .text.triac_event_handler  triac_driver.o
    0x08001d74   0x000000ac   Code   RO         1159    .text.triac_timer   triac_driver.o
    0x08001e20   0x00000050   Code   RO          979    .text.usart_baudrate_set  gd32e23x_usart.o
    0x08001e70   0x0000000c   Code   RO         1013    .text.usart_data_transmit  gd32e23x_usart.o
    0x08001e7c   0x00000038   Code   RO          977    .text.usart_deinit  gd32e23x_usart.o
    0x08001eb4   0x00000010   Code   RO         1085    .text.usart_dma_receive_config  gd32e23x_usart.o
    0x08001ec4   0x00000010   Code   RO         1087    .text.usart_dma_transmit_config  gd32e23x_usart.o
    0x08001ed4   0x0000000a   Code   RO          987    .text.usart_enable  gd32e23x_usart.o
    0x08001ede   0x00000010   Code   RO         1107    .text.usart_flag_clear  gd32e23x_usart.o
    0x08001eee   0x00000010   Code   RO         1105    .text.usart_flag_get  gd32e23x_usart.o
    0x08001efe   0x0000001a   Code   RO         1071    .text.usart_hardware_flow_cts_config  gd32e23x_usart.o
    0x08001f18   0x0000001a   Code   RO         1069    .text.usart_hardware_flow_rts_config  gd32e23x_usart.o
    0x08001f32   0x00000012   Code   RO         1109    .text.usart_interrupt_enable  gd32e23x_usart.o
    0x08001f44   0x00000028   Code   RO         1117    .text.usart_interrupt_flag_clear  gd32e23x_usart.o
    0x08001f6c   0x00000022   Code   RO         1115    .text.usart_interrupt_flag_get  gd32e23x_usart.o
    0x08001f8e   0x0000001a   Code   RO          981    .text.usart_parity_config  gd32e23x_usart.o
    0x08001fa8   0x00000010   Code   RO          993    .text.usart_receive_config  gd32e23x_usart.o
    0x08001fb8   0x0000001a   Code   RO          985    .text.usart_stop_bit_set  gd32e23x_usart.o
    0x08001fd2   0x00000010   Code   RO          991    .text.usart_transmit_config  gd32e23x_usart.o
    0x08001fe2   0x0000001a   Code   RO          983    .text.usart_word_length_set  gd32e23x_usart.o
    0x08001ffc   0x00000020   Code   RO         1603    i.__0printf$8       mc_p.l(printf8.o)
    0x0800201c   0x0000000e   Code   RO         1715    i.__scatterload_copy  mc_p.l(handlers.o)
    0x0800202a   0x00000002   Code   RO         1716    i.__scatterload_null  mc_p.l(handlers.o)
    0x0800202c   0x0000000e   Code   RO         1717    i.__scatterload_zeroinit  mc_p.l(handlers.o)
    0x0800203a   0x00000002   PAD
    0x0800203c   0x00000428   Code   RO         1610    i._printf_core      mc_p.l(printf8.o)
    0x08002464   0x00000020   Code   RO         1611    i._printf_post_padding  mc_p.l(printf8.o)
    0x08002484   0x0000002c   Code   RO         1612    i._printf_pre_padding  mc_p.l(printf8.o)
    0x080024b0   0x00000010   Code   RO         1386    i.putchar           mc_p.l(putchar.o)
    0x080024c0   0x00000020   Code   RO         1384    i.puts              mc_p.l(puts.o)
    0x080024e0   0x00000008   Data   RO          622    .rodata.cst8        gd32e23x_rcu.o
    0x080024e8   0x00000008   Data   RO         1166    .rodata.str1.1      triac_driver.o
    0x080024f0   0x00000020   Data   RO         1714    Region$$Table       anon$$obj.o


    Execution Region RW_IRAM1 (Base: 0x20000000, Size: 0x00000c88, Max: 0x00004000, ABSOLUTE)

    Base Addr    Size         Type   Attr      Idx    E Section Name        Object

    0x20000000   0x00000004   Data   RW         1671    .data               mc_p.l(stdout.o)
    0x20000004   0x00000004   Data   RW           17    .data.SystemCoreClock  system_gd32e23x.o
    0x20000008   0x00000020   Zero   RW         1245    .bss.app_usart0_check.temp  protocol.o
    0x20000028   0x00000004   Zero   RW         1373    .bss.delay          systick.o
    0x2000002c   0x00000020   Zero   RW         1187    .bss.eventHandlers  eventbus.o
    0x2000004c   0x00000080   Zero   RW         1188    .bss.eventQueue     eventbus.o
    0x200000cc   0x00000001   Zero   RW         1183    .bss.handlerCount   eventbus.o
    0x200000cd   0x00000003   PAD
    0x200000d0   0x00000190   Zero   RW         1270    .bss.my_soft_timer  timer.o
    0x20000260   0x00000010   Zero   RW         1165    .bss.my_triac_status  triac_driver.o
    0x20000270   0x00000001   Zero   RW         1186    .bss.queueHead      eventbus.o
    0x20000271   0x00000001   Zero   RW         1184    .bss.queueSize      eventbus.o
    0x20000272   0x00000001   Zero   RW         1185    .bss.queueTail      eventbus.o
    0x20000273   0x00000001   PAD
    0x20000274   0x00000202   Zero   RW         1293    .bss.rx0_buf        usart.o
    0x20000476   0x00000002   PAD
    0x20000478   0x00000004   Zero   RW         1292    .bss.rx0_callback   usart.o
    0x2000047c   0x00000004   Zero   RW         1271    .bss.system_ticks   timer.o
    0x20000480   0x00000001   Zero   RW         1294    .bss.tx_busy        usart.o
    0x20000481   0x00000007   PAD
    0x20000488   0x00000800   Zero   RW            1    STACK               startup_gd32e23x.o


==============================================================================

Image component sizes


      Code (inc. data)   RO Data    RW Data    ZI Data      Debug   Object Name

         4          0          0          0          0        491   device.o
       220         24          0          0        164       1928   eventbus.o
       388         20          0          0          0       6800   gd32e23x_dma.o
       124          8          0          0          0       3166   gd32e23x_exti.o
       192         28          0          0          0       3884   gd32e23x_fwdgt.o
       738         24          0          0          0       6134   gd32e23x_gpio.o
        26          0          0          0          0       1025   gd32e23x_it.o
       108         20          0          0          0       3853   gd32e23x_misc.o
       752         64          8          0          0      15890   gd32e23x_rcu.o
        92          8          0          0          0       3081   gd32e23x_syscfg.o
       360         52          0          0          0      21450   gd32e23x_timer.o
       476         28          0          0          0      14215   gd32e23x_usart.o
        60          4          0          0          0        484   main.o
       216          8          0          0          0       2630   pcb.o
       228         12          0          0         32       1790   protocol.o
        68         22        204          0       2048        700   startup_gd32e23x.o
       860         64          0          4          0       3087   system_gd32e23x.o
       120         20          0          0          4       2936   systick.o
      1292         32          0          0        404       7250   timer.o
       504         88          8          0         16       3753   triac_driver.o
       768         76          0          0        519       6450   usart.o
        80         20          0          0          0       1431   watchdog.o

    ----------------------------------------------------------------------
      7684        622        252          4       3200     112428   Object Totals
         0          0         32          0          0          0   (incl. Generated)
         8          0          0          0         13          0   (incl. Padding)

    ----------------------------------------------------------------------

      Code (inc. data)   RO Data    RW Data    ZI Data      Debug   Library Member Name

         0          0          0          0          0          0   entry.o
         0          0          0          0          0          0   entry10a.o
         0          0          0          0          0          0   entry11a.o
         8          4          0          0          0          0   entry2.o
         4          0          0          0          0          0   entry5.o
         0          0          0          0          0          0   entry7b.o
         0          0          0          0          0          0   entry8b.o
         8          4          0          0          0          0   entry9a.o
        30          0          0          0          0          0   handlers.o
        48         10          0          0          0         68   init.o
        32          0          0          0          0         68   llshl.o
        34          0          0          0          0         68   llushr.o
      1172         52          0          0          0        324   printf8.o
        16          6          0          0          0         68   putchar.o
        32          4          0          0          0         68   puts.o
         0          0          0          4          0          0   stdout.o
        28          0          0          0          0         68   strcmp.o
        14          0          0          0          0         60   strlen.o
        26          0          0          0          0         68   strncpy.o
        96          0          0          0          0         84   uldiv.o

    ----------------------------------------------------------------------
      1552         80          0          4          0        944   Library Totals
         4          0          0          0          0          0   (incl. Padding)

    ----------------------------------------------------------------------

      Code (inc. data)   RO Data    RW Data    ZI Data      Debug   Library Name

      1548         80          0          4          0        944   mc_p.l

    ----------------------------------------------------------------------
      1552         80          0          4          0        944   Library Totals

    ----------------------------------------------------------------------

==============================================================================


      Code (inc. data)   RO Data    RW Data    ZI Data      Debug   

      9236        702        252          8       3200     112728   Grand Totals
      9236        702        252          8       3200     112728   ELF Image Totals
      9236        702        252          8          0          0   ROM Totals

==============================================================================

    Total RO  Size (Code + RO Data)                 9488 (   9.27kB)
    Total RW  Size (RW Data + ZI Data)              3208 (   3.13kB)
    Total ROM Size (Code + RO Data + RW Data)       9496 (   9.27kB)

==============================================================================

