Component: Arm Compiler for Embedded 6.24 Tool: armlink [5f371500]

==============================================================================

Section Cross References

    gd32e23x_it.o(.text.NMI_Handler) refers to gd32e23x_syscfg.o(.text.syscfg_flag_get) for syscfg_flag_get
    gd32e23x_it.o(.ARM.exidx.text.NMI_Handler) refers to gd32e23x_it.o(.text.NMI_Handler) for [Anonymous Symbol]
    gd32e23x_it.o(.ARM.exidx.text.HardFault_Handler) refers to gd32e23x_it.o(.text.HardFault_Handler) for [Anonymous Symbol]
    gd32e23x_it.o(.ARM.exidx.text.SVC_Handler) refers to gd32e23x_it.o(.text.SVC_Handler) for [Anonymous Symbol]
    gd32e23x_it.o(.ARM.exidx.text.PendSV_Handler) refers to gd32e23x_it.o(.text.PendSV_Handler) for [Anonymous Symbol]
    gd32e23x_it.o(.text.SysTick_Handler) refers to systick.o(.text.delay_decrement) for delay_decrement
    gd32e23x_it.o(.ARM.exidx.text.SysTick_Handler) refers to gd32e23x_it.o(.text.SysTick_Handler) for [Anonymous Symbol]
    main.o(.text.main) refers to systick.o(.text.systick_config) for systick_config
    main.o(.text.main) refers to systick.o(.text.delay_1ms) for delay_1ms
    main.o(.text.main) refers to usart.o(.text.app_usart_init) for app_usart_init
    main.o(.text.main) refers to eventbus.o(.text.app_eventbus_init) for app_eventbus_init
    main.o(.text.main) refers to timer.o(.text.app_timer_init) for app_timer_init
    main.o(.text.main) refers to watchdog.o(.text.app_watchdog_init) for app_watchdog_init
    main.o(.text.main) refers to protocol.o(.text.app_portocol_init) for app_portocol_init
    main.o(.text.main) refers to device.o(.text.jump_to_device_init) for jump_to_device_init
    main.o(.text.main) refers to timer.o(.text.app_timer_poll) for app_timer_poll
    main.o(.text.main) refers to eventbus.o(.text.app_eventbus_poll) for app_eventbus_poll
    main.o(.ARM.exidx.text.main) refers to main.o(.text.main) for [Anonymous Symbol]
    systick.o(.text.systick_config) refers to system_gd32e23x.o(.data.SystemCoreClock) for SystemCoreClock
    systick.o(.ARM.exidx.text.systick_config) refers to systick.o(.text.systick_config) for [Anonymous Symbol]
    systick.o(.text.delay_1ms) refers to systick.o(.bss.delay) for [Anonymous Symbol]
    systick.o(.ARM.exidx.text.delay_1ms) refers to systick.o(.text.delay_1ms) for [Anonymous Symbol]
    systick.o(.text.delay_decrement) refers to systick.o(.bss.delay) for [Anonymous Symbol]
    systick.o(.ARM.exidx.text.delay_decrement) refers to systick.o(.text.delay_decrement) for [Anonymous Symbol]
    system_gd32e23x.o(.text.SystemInit) refers to gd32e23x_misc.o(.text.nvic_vector_table_set) for nvic_vector_table_set
    system_gd32e23x.o(.ARM.exidx.text.SystemInit) refers to system_gd32e23x.o(.text.SystemInit) for [Anonymous Symbol]
    system_gd32e23x.o(.text.SystemCoreClockUpdate) refers to system_gd32e23x.o(.data.SystemCoreClock) for SystemCoreClock
    system_gd32e23x.o(.ARM.exidx.text.SystemCoreClockUpdate) refers to system_gd32e23x.o(.text.SystemCoreClockUpdate) for [Anonymous Symbol]
    system_gd32e23x.o(.ARM.exidx.text.gd32e23x_firmware_version_get) refers to system_gd32e23x.o(.text.gd32e23x_firmware_version_get) for [Anonymous Symbol]
    gd32e23x_adc.o(.text.adc_deinit) refers to gd32e23x_rcu.o(.text.rcu_periph_reset_enable) for rcu_periph_reset_enable
    gd32e23x_adc.o(.text.adc_deinit) refers to gd32e23x_rcu.o(.text.rcu_periph_reset_disable) for rcu_periph_reset_disable
    gd32e23x_adc.o(.ARM.exidx.text.adc_deinit) refers to gd32e23x_adc.o(.text.adc_deinit) for [Anonymous Symbol]
    gd32e23x_adc.o(.ARM.exidx.text.adc_enable) refers to gd32e23x_adc.o(.text.adc_enable) for [Anonymous Symbol]
    gd32e23x_adc.o(.ARM.exidx.text.adc_disable) refers to gd32e23x_adc.o(.text.adc_disable) for [Anonymous Symbol]
    gd32e23x_adc.o(.ARM.exidx.text.adc_calibration_enable) refers to gd32e23x_adc.o(.text.adc_calibration_enable) for [Anonymous Symbol]
    gd32e23x_adc.o(.ARM.exidx.text.adc_dma_mode_enable) refers to gd32e23x_adc.o(.text.adc_dma_mode_enable) for [Anonymous Symbol]
    gd32e23x_adc.o(.ARM.exidx.text.adc_dma_mode_disable) refers to gd32e23x_adc.o(.text.adc_dma_mode_disable) for [Anonymous Symbol]
    gd32e23x_adc.o(.ARM.exidx.text.adc_tempsensor_vrefint_enable) refers to gd32e23x_adc.o(.text.adc_tempsensor_vrefint_enable) for [Anonymous Symbol]
    gd32e23x_adc.o(.ARM.exidx.text.adc_tempsensor_vrefint_disable) refers to gd32e23x_adc.o(.text.adc_tempsensor_vrefint_disable) for [Anonymous Symbol]
    gd32e23x_adc.o(.ARM.exidx.text.adc_discontinuous_mode_config) refers to gd32e23x_adc.o(.text.adc_discontinuous_mode_config) for [Anonymous Symbol]
    gd32e23x_adc.o(.ARM.exidx.text.adc_special_function_config) refers to gd32e23x_adc.o(.text.adc_special_function_config) for [Anonymous Symbol]
    gd32e23x_adc.o(.ARM.exidx.text.adc_data_alignment_config) refers to gd32e23x_adc.o(.text.adc_data_alignment_config) for [Anonymous Symbol]
[...]
    Removing gd32e23x_spi.o(.text.spi_quad_read_enable), (12 bytes).
    Removing gd32e23x_spi.o(.ARM.exidx.text.spi_quad_read_enable), (8 bytes).
    Removing gd32e23x_spi.o(.text.spi_i2s_flag_get), (144 bytes).
    Removing gd32e23x_spi.o(.ARM.exidx.text.spi_i2s_flag_get), (8 bytes).
    Removing gd32e23x_spi.o(.text.spi_i2s_interrupt_enable), (8 bytes).
    Removing gd32e23x_spi.o(.ARM.exidx.text.spi_i2s_interrupt_enable), (8 bytes).
    Removing gd32e23x_spi.o(.text.spi_i2s_interrupt_disable), (8 bytes).
    Removing gd32e23x_spi.o(.ARM.exidx.text.spi_i2s_interrupt_disable), (8 bytes).
    Removing gd32e23x_spi.o(.text.spi_i2s_interrupt_flag_get), (116 bytes).
    Removing gd32e23x_spi.o(.ARM.exidx.text.spi_i2s_interrupt_flag_get), (8 bytes).
    Removing gd32e23x_syscfg.o(.text), (0 bytes).
    Removing gd32e23x_syscfg.o(.text.syscfg_deinit), (24 bytes).
    Removing gd32e23x_syscfg.o(.ARM.exidx.text.syscfg_deinit), (8 bytes).
    Removing gd32e23x_syscfg.o(.text.syscfg_dma_remap_enable), (16 bytes).
    Removing gd32e23x_syscfg.o(.ARM.exidx.text.syscfg_dma_remap_enable), (8 bytes).
    Removing gd32e23x_syscfg.o(.text.syscfg_dma_remap_disable), (16 bytes).
    Removing gd32e23x_syscfg.o(.ARM.exidx.text.syscfg_dma_remap_disable), (8 bytes).
    Removing gd32e23x_syscfg.o(.text.syscfg_high_current_enable), (20 bytes).
    Removing gd32e23x_syscfg.o(.ARM.exidx.text.syscfg_high_current_enable), (8 bytes).
    Removing gd32e23x_syscfg.o(.text.syscfg_high_current_disable), (20 bytes).
    Removing gd32e23x_syscfg.o(.ARM.exidx.text.syscfg_high_current_disable), (8 bytes).
    Removing gd32e23x_syscfg.o(.text.syscfg_exti_line_config), (76 bytes).
    Removing gd32e23x_syscfg.o(.ARM.exidx.text.syscfg_exti_line_config), (8 bytes).
    Removing gd32e23x_syscfg.o(.text.syscfg_lock_config), (16 bytes).
    Removing gd32e23x_syscfg.o(.ARM.exidx.text.syscfg_lock_config), (8 bytes).
    Removing gd32e23x_syscfg.o(.text.irq_latency_set), (20 bytes).
    Removing gd32e23x_syscfg.o(.ARM.exidx.text.irq_latency_set), (8 bytes).
    Removing gd32e23x_syscfg.o(.ARM.exidx.text.syscfg_flag_get), (8 bytes).
    Removing gd32e23x_syscfg.o(.text.syscfg_flag_clear), (16 bytes).
    Removing gd32e23x_syscfg.o(.ARM.exidx.text.syscfg_flag_clear), (8 bytes).
    Removing gd32e23x_timer.o(.text), (0 bytes).
    Removing gd32e23x_timer.o(.ARM.exidx.text.timer_deinit), (8 bytes).
    Removing gd32e23x_timer.o(.text.timer_struct_para_init), (20 bytes).
    Removing gd32e23x_timer.o(.ARM.exidx.text.timer_struct_para_init), (8 bytes).
    Removing gd32e23x_timer.o(.ARM.exidx.text.timer_init), (8 bytes).
    Removing gd32e23x_timer.o(.ARM.exidx.text.timer_enable), (8 bytes).
    Removing gd32e23x_timer.o(.text.timer_disable), (10 bytes).
    Removing gd32e23x_timer.o(.ARM.exidx.text.timer_disable), (8 bytes).
    Removing gd32e23x_timer.o(.text.timer_auto_reload_shadow_enable), (10 bytes).
    Removing gd32e23x_timer.o(.ARM.exidx.text.timer_auto_reload_shadow_enable), (8 bytes).
    Removing gd32e23x_timer.o(.text.timer_auto_reload_shadow_disable), (10 bytes).
    Removing gd32e23x_timer.o(.ARM.exidx.text.timer_auto_reload_shadow_disable), (8 bytes).
    Removing gd32e23x_timer.o(.text.timer_update_event_enable), (10 bytes).
    Removing gd32e23x_timer.o(.ARM.exidx.text.timer_update_event_enable), (8 bytes).
    Removing gd32e23x_timer.o(.text.timer_update_event_disable), (10 bytes).
    Removing gd32e23x_timer.o(.ARM.exidx.text.timer_update_event_disable), (8 bytes).
    Removing gd32e23x_timer.o(.text.timer_counter_alignment), (16 bytes).
    Removing gd32e23x_timer.o(.ARM.exidx.text.timer_counter_alignment), (8 bytes).
    Removing gd32e23x_timer.o(.text.timer_counter_up_direction), (10 bytes).
    Removing gd32e23x_timer.o(.ARM.exidx.text.timer_counter_up_direction), (8 bytes).
    Removing gd32e23x_timer.o(.text.timer_counter_down_direction), (10 bytes).
    Removing gd32e23x_timer.o(.ARM.exidx.text.timer_counter_down_direction), (8 bytes).
    Removing gd32e23x_timer.o(.text.timer_prescaler_config), (16 bytes).
    Removing gd32e23x_timer.o(.ARM.exidx.text.timer_prescaler_config), (8 bytes).
    Removing gd32e23x_timer.o(.text.timer_repetition_value_config), (4 bytes).
    Removing gd32e23x_timer.o(.ARM.exidx.text.timer_repetition_value_config), (8 bytes).
    Removing gd32e23x_timer.o(.text.timer_autoreload_value_config), (4 bytes).
    Removing gd32e23x_timer.o(.ARM.exidx.text.timer_autoreload_value_config), (8 bytes).
    Removing gd32e23x_timer.o(.text.timer_counter_value_config), (4 bytes).
    Removing gd32e23x_timer.o(.ARM.exidx.text.timer_counter_value_config), (8 bytes).
    Removing gd32e23x_timer.o(.text.timer_counter_read), (4 bytes).
    Removing gd32e23x_timer.o(.ARM.exidx.text.timer_counter_read), (8 bytes).
    Removing gd32e23x_timer.o(.text.timer_prescaler_read), (6 bytes).
    Removing gd32e23x_timer.o(.ARM.exidx.text.timer_prescaler_read), (8 bytes).
    Removing gd32e23x_timer.o(.text.timer_single_pulse_mode_config), (26 bytes).
    Removing gd32e23x_timer.o(.ARM.exidx.text.timer_single_pulse_mode_config), (8 bytes).
    Removing gd32e23x_timer.o(.text.timer_update_source_config), (26 bytes).
    Removing gd32e23x_timer.o(.ARM.exidx.text.timer_update_source_config), (8 bytes).
    Removing gd32e23x_timer.o(.text.timer_ocpre_clear_source_config), (26 bytes).
    Removing gd32e23x_timer.o(.ARM.exidx.text.timer_ocpre_clear_source_config), (8 bytes).
    Removing gd32e23x_timer.o(.ARM.exidx.text.timer_interrupt_enable), (8 bytes).
    Removing gd32e23x_timer.o(.text.timer_interrupt_disable), (8 bytes).
    Removing gd32e23x_timer.o(.ARM.exidx.text.timer_interrupt_disable), (8 bytes).
    Removing gd32e23x_timer.o(.ARM.exidx.text.timer_interrupt_flag_get), (8 bytes).
    Removing gd32e23x_timer.o(.ARM.exidx.text.timer_interrupt_flag_clear), (8 bytes).
    Removing gd32e23x_timer.o(.text.timer_flag_get), (10 bytes).
    Removing gd32e23x_timer.o(.ARM.exidx.text.timer_flag_get), (8 bytes).
    Removing gd32e23x_timer.o(.text.timer_flag_clear), (6 bytes).
    Removing gd32e23x_timer.o(.ARM.exidx.text.timer_flag_clear), (8 bytes).
    Removing gd32e23x_timer.o(.text.timer_dma_enable), (8 bytes).
    Removing gd32e23x_timer.o(.ARM.exidx.text.timer_dma_enable), (8 bytes).
    Removing gd32e23x_timer.o(.text.timer_dma_disable), (8 bytes).
    Removing gd32e23x_timer.o(.ARM.exidx.text.timer_dma_disable), (8 bytes).
    Removing gd32e23x_timer.o(.text.timer_channel_dma_request_source_select), (26 bytes).
    Removing gd32e23x_timer.o(.ARM.exidx.text.timer_channel_dma_request_source_select), (8 bytes).
    Removing gd32e23x_timer.o(.text.timer_dma_transfer_config), (24 bytes).
    Removing gd32e23x_timer.o(.ARM.exidx.text.timer_dma_transfer_config), (8 bytes).
    Removing gd32e23x_timer.o(.text.timer_event_software_generate), (8 bytes).
    Removing gd32e23x_timer.o(.ARM.exidx.text.timer_event_software_generate), (8 bytes).
    Removing gd32e23x_timer.o(.text.timer_break_struct_para_init), (18 bytes).
    Removing gd32e23x_timer.o(.ARM.exidx.text.timer_break_struct_para_init), (8 bytes).
    Removing gd32e23x_timer.o(.text.timer_break_config), (30 bytes).
    Removing gd32e23x_timer.o(.ARM.exidx.text.timer_break_config), (8 bytes).
    Removing gd32e23x_timer.o(.text.timer_break_enable), (12 bytes).
    Removing gd32e23x_timer.o(.ARM.exidx.text.timer_break_enable), (8 bytes).
    Removing gd32e23x_timer.o(.text.timer_break_disable), (12 bytes).
    Removing gd32e23x_timer.o(.ARM.exidx.text.timer_break_disable), (8 bytes).
    Removing gd32e23x_timer.o(.text.timer_automatic_output_enable), (12 bytes).
    Removing gd32e23x_timer.o(.ARM.exidx.text.timer_automatic_output_enable), (8 bytes).
    Removing gd32e23x_timer.o(.text.timer_automatic_output_disable), (12 bytes).
    Removing gd32e23x_timer.o(.ARM.exidx.text.timer_automatic_output_disable), (8 bytes).
    Removing gd32e23x_timer.o(.text.timer_primary_output_config), (22 bytes).
    Removing gd32e23x_timer.o(.ARM.exidx.text.timer_primary_output_config), (8 bytes).
    Removing gd32e23x_timer.o(.text.timer_channel_control_shadow_config), (18 bytes).
    Removing gd32e23x_timer.o(.ARM.exidx.text.timer_channel_control_shadow_config), (8 bytes).
    Removing gd32e23x_timer.o(.text.timer_channel_control_shadow_update_config), (26 bytes).
    Removing gd32e23x_timer.o(.ARM.exidx.text.timer_channel_control_shadow_update_config), (8 bytes).
    Removing gd32e23x_timer.o(.text.timer_channel_output_struct_para_init), (16 bytes).
    Removing gd32e23x_timer.o(.ARM.exidx.text.timer_channel_output_struct_para_init), (8 bytes).
    Removing gd32e23x_timer.o(.text.timer_channel_output_config), (556 bytes).
    Removing gd32e23x_timer.o(.ARM.exidx.text.timer_channel_output_config), (8 bytes).
    Removing gd32e23x_timer.o(.text.timer_channel_output_mode_config), (90 bytes).
    Removing gd32e23x_timer.o(.ARM.exidx.text.timer_channel_output_mode_config), (8 bytes).
    Removing gd32e23x_timer.o(.text.timer_channel_output_pulse_value_config), (14 bytes).
    Removing gd32e23x_timer.o(.ARM.exidx.text.timer_channel_output_pulse_value_config), (8 bytes).
    Removing gd32e23x_timer.o(.text.timer_channel_output_shadow_config), (90 bytes).
    Removing gd32e23x_timer.o(.ARM.exidx.text.timer_channel_output_shadow_config), (8 bytes).
    Removing gd32e23x_timer.o(.text.timer_channel_output_fast_config), (90 bytes).
    Removing gd32e23x_timer.o(.ARM.exidx.text.timer_channel_output_fast_config), (8 bytes).
    Removing gd32e23x_timer.o(.text.timer_channel_output_clear_config), (90 bytes).
    Removing gd32e23x_timer.o(.ARM.exidx.text.timer_channel_output_clear_config), (8 bytes).
    Removing gd32e23x_timer.o(.text.timer_channel_output_polarity_config), (90 bytes).
    Removing gd32e23x_timer.o(.ARM.exidx.text.timer_channel_output_polarity_config), (8 bytes).
    Removing gd32e23x_timer.o(.text.timer_channel_complementary_output_polarity_config), (90 bytes).
    Removing gd32e23x_timer.o(.ARM.exidx.text.timer_channel_complementary_output_polarity_config), (8 bytes).
    Removing gd32e23x_timer.o(.text.timer_channel_output_state_config), (90 bytes).
    Removing gd32e23x_timer.o(.ARM.exidx.text.timer_channel_output_state_config), (8 bytes).
    Removing gd32e23x_timer.o(.text.timer_channel_complementary_output_state_config), (54 bytes).
    Removing gd32e23x_timer.o(.ARM.exidx.text.timer_channel_complementary_output_state_config), (8 bytes).
    Removing gd32e23x_timer.o(.text.timer_channel_input_struct_para_init), (14 bytes).
    Removing gd32e23x_timer.o(.ARM.exidx.text.timer_channel_input_struct_para_init), (8 bytes).
    Removing gd32e23x_timer.o(.text.timer_input_capture_config), (380 bytes).
    Removing gd32e23x_timer.o(.ARM.exidx.text.timer_input_capture_config), (8 bytes).
    Removing gd32e23x_timer.o(.text.timer_channel_input_capture_prescaler_config), (90 bytes).
    Removing gd32e23x_timer.o(.ARM.exidx.text.timer_channel_input_capture_prescaler_config), (8 bytes).
    Removing gd32e23x_timer.o(.text.timer_channel_capture_value_register_read), (18 bytes).
    Removing gd32e23x_timer.o(.ARM.exidx.text.timer_channel_capture_value_register_read), (8 bytes).
    Removing gd32e23x_timer.o(.text.timer_input_pwm_capture_config), (356 bytes).
    Removing gd32e23x_timer.o(.ARM.exidx.text.timer_input_pwm_capture_config), (8 bytes).
    Removing gd32e23x_timer.o(.text.timer_hall_mode_config), (26 bytes).
    Removing gd32e23x_timer.o(.ARM.exidx.text.timer_hall_mode_config), (8 bytes).
    Removing gd32e23x_timer.o(.text.timer_input_trigger_source_select), (16 bytes).
    Removing gd32e23x_timer.o(.ARM.exidx.text.timer_input_trigger_source_select), (8 bytes).
    Removing gd32e23x_timer.o(.text.timer_master_output_trigger_source_select), (16 bytes).
    Removing gd32e23x_timer.o(.ARM.exidx.text.timer_master_output_trigger_source_select), (8 bytes).
    Removing gd32e23x_timer.o(.text.timer_slave_mode_select), (16 bytes).
    Removing gd32e23x_timer.o(.ARM.exidx.text.timer_slave_mode_select), (8 bytes).
    Removing gd32e23x_timer.o(.text.timer_master_slave_mode_config), (26 bytes).
    Removing gd32e23x_timer.o(.ARM.exidx.text.timer_master_slave_mode_config), (8 bytes).
    Removing gd32e23x_timer.o(.text.timer_external_trigger_config), (30 bytes).
    Removing gd32e23x_timer.o(.ARM.exidx.text.timer_external_trigger_config), (8 bytes).
    Removing gd32e23x_timer.o(.text.timer_quadrature_decoder_mode_config), (68 bytes).
    Removing gd32e23x_timer.o(.ARM.exidx.text.timer_quadrature_decoder_mode_config), (8 bytes).
    Removing gd32e23x_timer.o(.text.timer_internal_clock_config), (10 bytes).
    Removing gd32e23x_timer.o(.ARM.exidx.text.timer_internal_clock_config), (8 bytes).
    Removing gd32e23x_timer.o(.text.timer_internal_trigger_as_external_clock_config), (30 bytes).
    Removing gd32e23x_timer.o(.ARM.exidx.text.timer_internal_trigger_as_external_clock_config), (8 bytes).
    Removing gd32e23x_timer.o(.text.timer_external_trigger_as_external_clock_config), (152 bytes).
    Removing gd32e23x_timer.o(.ARM.exidx.text.timer_external_trigger_as_external_clock_config), (8 bytes).
    Removing gd32e23x_timer.o(.text.timer_external_clock_mode0_config), (44 bytes).
    Removing gd32e23x_timer.o(.ARM.exidx.text.timer_external_clock_mode0_config), (8 bytes).
    Removing gd32e23x_timer.o(.text.timer_external_clock_mode1_config), (40 bytes).
    Removing gd32e23x_timer.o(.ARM.exidx.text.timer_external_clock_mode1_config), (8 bytes).
    Removing gd32e23x_timer.o(.text.timer_external_clock_mode1_disable), (12 bytes).
    Removing gd32e23x_timer.o(.ARM.exidx.text.timer_external_clock_mode1_disable), (8 bytes).
    Removing gd32e23x_timer.o(.text.timer_channel_remap_config), (4 bytes).
    Removing gd32e23x_timer.o(.ARM.exidx.text.timer_channel_remap_config), (8 bytes).
    Removing gd32e23x_timer.o(.text.timer_write_chxval_register_config), (30 bytes).
    Removing gd32e23x_timer.o(.ARM.exidx.text.timer_write_chxval_register_config), (8 bytes).
    Removing gd32e23x_timer.o(.text.timer_output_value_selection_config), (30 bytes).
    Removing gd32e23x_timer.o(.ARM.exidx.text.timer_output_value_selection_config), (8 bytes).
    Removing gd32e23x_usart.o(.text), (0 bytes).
    Removing gd32e23x_usart.o(.ARM.exidx.text.usart_deinit), (8 bytes).
    Removing gd32e23x_usart.o(.ARM.exidx.text.usart_baudrate_set), (8 bytes).
    Removing gd32e23x_usart.o(.ARM.exidx.text.usart_parity_config), (8 bytes).
    Removing gd32e23x_usart.o(.ARM.exidx.text.usart_word_length_set), (8 bytes).
    Removing gd32e23x_usart.o(.ARM.exidx.text.usart_stop_bit_set), (8 bytes).
    Removing gd32e23x_usart.o(.ARM.exidx.text.usart_enable), (8 bytes).
    Removing gd32e23x_usart.o(.text.usart_disable), (10 bytes).
    Removing gd32e23x_usart.o(.ARM.exidx.text.usart_disable), (8 bytes).
    Removing gd32e23x_usart.o(.ARM.exidx.text.usart_transmit_config), (8 bytes).
    Removing gd32e23x_usart.o(.ARM.exidx.text.usart_receive_config), (8 bytes).
    Removing gd32e23x_usart.o(.text.usart_data_first_config), (26 bytes).
    Removing gd32e23x_usart.o(.ARM.exidx.text.usart_data_first_config), (8 bytes).
    Removing gd32e23x_usart.o(.text.usart_invert_config), (112 bytes).
    Removing gd32e23x_usart.o(.ARM.exidx.text.usart_invert_config), (8 bytes).
    Removing gd32e23x_usart.o(.text.usart_overrun_enable), (20 bytes).
    Removing gd32e23x_usart.o(.ARM.exidx.text.usart_overrun_enable), (8 bytes).
    Removing gd32e23x_usart.o(.text.usart_overrun_disable), (20 bytes).
    Removing gd32e23x_usart.o(.ARM.exidx.text.usart_overrun_disable), (8 bytes).
    Removing gd32e23x_usart.o(.text.usart_oversample_config), (26 bytes).
    Removing gd32e23x_usart.o(.ARM.exidx.text.usart_oversample_config), (8 bytes).
    Removing gd32e23x_usart.o(.text.usart_sample_bit_config), (26 bytes).
    Removing gd32e23x_usart.o(.ARM.exidx.text.usart_sample_bit_config), (8 bytes).
    Removing gd32e23x_usart.o(.text.usart_receiver_timeout_enable), (12 bytes).
    Removing gd32e23x_usart.o(.ARM.exidx.text.usart_receiver_timeout_enable), (8 bytes).
    Removing gd32e23x_usart.o(.text.usart_receiver_timeout_disable), (12 bytes).
    Removing gd32e23x_usart.o(.ARM.exidx.text.usart_receiver_timeout_disable), (8 bytes).
    Removing gd32e23x_usart.o(.text.usart_receiver_timeout_threshold_config), (18 bytes).
    Removing gd32e23x_usart.o(.ARM.exidx.text.usart_receiver_timeout_threshold_config), (8 bytes).
    Removing gd32e23x_usart.o(.ARM.exidx.text.usart_data_transmit), (8 bytes).
    Removing gd32e23x_usart.o(.text.usart_data_receive), (12 bytes).
    Removing gd32e23x_usart.o(.ARM.exidx.text.usart_data_receive), (8 bytes).
    Removing gd32e23x_usart.o(.text.usart_address_config), (28 bytes).
    Removing gd32e23x_usart.o(.ARM.exidx.text.usart_address_config), (8 bytes).
    Removing gd32e23x_usart.o(.text.usart_address_detection_mode_config), (26 bytes).
    Removing gd32e23x_usart.o(.ARM.exidx.text.usart_address_detection_mode_config), (8 bytes).
    Removing gd32e23x_usart.o(.text.usart_mute_mode_enable), (12 bytes).
    Removing gd32e23x_usart.o(.ARM.exidx.text.usart_mute_mode_enable), (8 bytes).
    Removing gd32e23x_usart.o(.text.usart_mute_mode_disable), (12 bytes).
    Removing gd32e23x_usart.o(.ARM.exidx.text.usart_mute_mode_disable), (8 bytes).
    Removing gd32e23x_usart.o(.text.usart_mute_mode_wakeup_config), (26 bytes).
    Removing gd32e23x_usart.o(.ARM.exidx.text.usart_mute_mode_wakeup_config), (8 bytes).
    Removing gd32e23x_usart.o(.text.usart_lin_mode_enable), (20 bytes).
    Removing gd32e23x_usart.o(.ARM.exidx.text.usart_lin_mode_enable), (8 bytes).
    Removing gd32e23x_usart.o(.text.usart_lin_mode_disable), (20 bytes).
    Removing gd32e23x_usart.o(.ARM.exidx.text.usart_lin_mode_disable), (8 bytes).
    Removing gd32e23x_usart.o(.text.usart_lin_break_detection_length_config), (26 bytes).
    Removing gd32e23x_usart.o(.ARM.exidx.text.usart_lin_break_detection_length_config), (8 bytes).
    Removing gd32e23x_usart.o(.text.usart_halfduplex_enable), (18 bytes).
    Removing gd32e23x_usart.o(.ARM.exidx.text.usart_halfduplex_enable), (8 bytes).
    Removing gd32e23x_usart.o(.text.usart_halfduplex_disable), (18 bytes).
    Removing gd32e23x_usart.o(.ARM.exidx.text.usart_halfduplex_disable), (8 bytes).
    Removing gd32e23x_usart.o(.text.usart_clock_enable), (20 bytes).
    Removing gd32e23x_usart.o(.ARM.exidx.text.usart_clock_enable), (8 bytes).
    Removing gd32e23x_usart.o(.text.usart_clock_disable), (20 bytes).
    Removing gd32e23x_usart.o(.ARM.exidx.text.usart_clock_disable), (8 bytes).
    Removing gd32e23x_usart.o(.text.usart_synchronous_clock_config), (58 bytes).
    Removing gd32e23x_usart.o(.ARM.exidx.text.usart_synchronous_clock_config), (8 bytes).
    Removing gd32e23x_usart.o(.text.usart_guard_time_config), (30 bytes).
    Removing gd32e23x_usart.o(.ARM.exidx.text.usart_guard_time_config), (8 bytes).
    Removing gd32e23x_usart.o(.text.usart_smartcard_mode_enable), (18 bytes).
    Removing gd32e23x_usart.o(.ARM.exidx.text.usart_smartcard_mode_enable), (8 bytes).
    Removing gd32e23x_usart.o(.text.usart_smartcard_mode_disable), (18 bytes).
    Removing gd32e23x_usart.o(.ARM.exidx.text.usart_smartcard_mode_disable), (8 bytes).
    Removing gd32e23x_usart.o(.text.usart_smartcard_mode_nack_enable), (18 bytes).
    Removing gd32e23x_usart.o(.ARM.exidx.text.usart_smartcard_mode_nack_enable), (8 bytes).
    Removing gd32e23x_usart.o(.text.usart_smartcard_mode_nack_disable), (18 bytes).
    Removing gd32e23x_usart.o(.ARM.exidx.text.usart_smartcard_mode_nack_disable), (8 bytes).
    Removing gd32e23x_usart.o(.text.usart_smartcard_mode_early_nack_enable), (12 bytes).
    Removing gd32e23x_usart.o(.ARM.exidx.text.usart_smartcard_mode_early_nack_enable), (8 bytes).
    Removing gd32e23x_usart.o(.text.usart_smartcard_mode_early_nack_disable), (12 bytes).
    Removing gd32e23x_usart.o(.ARM.exidx.text.usart_smartcard_mode_early_nack_disable), (8 bytes).
    Removing gd32e23x_usart.o(.text.usart_smartcard_autoretry_config), (30 bytes).
    Removing gd32e23x_usart.o(.ARM.exidx.text.usart_smartcard_autoretry_config), (8 bytes).
    Removing gd32e23x_usart.o(.text.usart_block_length_config), (20 bytes).
    Removing gd32e23x_usart.o(.ARM.exidx.text.usart_block_length_config), (8 bytes).
    Removing gd32e23x_usart.o(.text.usart_irda_mode_enable), (18 bytes).
    Removing gd32e23x_usart.o(.ARM.exidx.text.usart_irda_mode_enable), (8 bytes).
    Removing gd32e23x_usart.o(.text.usart_irda_mode_disable), (18 bytes).
    Removing gd32e23x_usart.o(.ARM.exidx.text.usart_irda_mode_disable), (8 bytes).
    Removing gd32e23x_usart.o(.text.usart_prescaler_config), (24 bytes).
    Removing gd32e23x_usart.o(.ARM.exidx.text.usart_prescaler_config), (8 bytes).
    Removing gd32e23x_usart.o(.text.usart_irda_lowpower_config), (26 bytes).
    Removing gd32e23x_usart.o(.ARM.exidx.text.usart_irda_lowpower_config), (8 bytes).
    Removing gd32e23x_usart.o(.ARM.exidx.text.usart_hardware_flow_rts_config), (8 bytes).
    Removing gd32e23x_usart.o(.ARM.exidx.text.usart_hardware_flow_cts_config), (8 bytes).
    Removing gd32e23x_usart.o(.text.usart_hardware_flow_coherence_config), (22 bytes).
    Removing gd32e23x_usart.o(.ARM.exidx.text.usart_hardware_flow_coherence_config), (8 bytes).
    Removing gd32e23x_usart.o(.text.usart_rs485_driver_enable), (20 bytes).
    Removing gd32e23x_usart.o(.ARM.exidx.text.usart_rs485_driver_enable), (8 bytes).
    Removing gd32e23x_usart.o(.text.usart_rs485_driver_disable), (20 bytes).
    Removing gd32e23x_usart.o(.ARM.exidx.text.usart_rs485_driver_disable), (8 bytes).
    Removing gd32e23x_usart.o(.text.usart_driver_assertime_config), (30 bytes).
    Removing gd32e23x_usart.o(.ARM.exidx.text.usart_driver_assertime_config), (8 bytes).
    Removing gd32e23x_usart.o(.text.usart_driver_deassertime_config), (30 bytes).
    Removing gd32e23x_usart.o(.ARM.exidx.text.usart_driver_deassertime_config), (8 bytes).
    Removing gd32e23x_usart.o(.text.usart_depolarity_config), (28 bytes).
    Removing gd32e23x_usart.o(.ARM.exidx.text.usart_depolarity_config), (8 bytes).
    Removing gd32e23x_usart.o(.ARM.exidx.text.usart_dma_receive_config), (8 bytes).
    Removing gd32e23x_usart.o(.ARM.exidx.text.usart_dma_transmit_config), (8 bytes).
    Removing gd32e23x_usart.o(.text.usart_reception_error_dma_disable), (20 bytes).
    Removing gd32e23x_usart.o(.ARM.exidx.text.usart_reception_error_dma_disable), (8 bytes).
    Removing gd32e23x_usart.o(.text.usart_reception_error_dma_enable), (20 bytes).
    Removing gd32e23x_usart.o(.ARM.exidx.text.usart_reception_error_dma_enable), (8 bytes).
    Removing gd32e23x_usart.o(.text.usart_wakeup_enable), (10 bytes).
    Removing gd32e23x_usart.o(.ARM.exidx.text.usart_wakeup_enable), (8 bytes).
    Removing gd32e23x_usart.o(.text.usart_wakeup_disable), (10 bytes).
    Removing gd32e23x_usart.o(.ARM.exidx.text.usart_wakeup_disable), (8 bytes).
    Removing gd32e23x_usart.o(.text.usart_wakeup_mode_config), (28 bytes).
    Removing gd32e23x_usart.o(.ARM.exidx.text.usart_wakeup_mode_config), (8 bytes).
    Removing gd32e23x_usart.o(.text.usart_receive_fifo_enable), (14 bytes).
    Removing gd32e23x_usart.o(.ARM.exidx.text.usart_receive_fifo_enable), (8 bytes).
    Removing gd32e23x_usart.o(.text.usart_receive_fifo_disable), (14 bytes).
    Removing gd32e23x_usart.o(.ARM.exidx.text.usart_receive_fifo_disable), (8 bytes).
    Removing gd32e23x_usart.o(.text.usart_receive_fifo_counter_number), (10 bytes).
    Removing gd32e23x_usart.o(.ARM.exidx.text.usart_receive_fifo_counter_number), (8 bytes).
    Removing gd32e23x_usart.o(.ARM.exidx.text.usart_flag_get), (8 bytes).
    Removing gd32e23x_usart.o(.text.usart_flag_clear), (16 bytes).
    Removing gd32e23x_usart.o(.ARM.exidx.text.usart_flag_clear), (8 bytes).
    Removing gd32e23x_usart.o(.ARM.exidx.text.usart_interrupt_enable), (8 bytes).
    Removing gd32e23x_usart.o(.text.usart_interrupt_disable), (18 bytes).
    Removing gd32e23x_usart.o(.ARM.exidx.text.usart_interrupt_disable), (8 bytes).
    Removing gd32e23x_usart.o(.text.usart_command_enable), (8 bytes).
    Removing gd32e23x_usart.o(.ARM.exidx.text.usart_command_enable), (8 bytes).
    Removing gd32e23x_usart.o(.ARM.exidx.text.usart_interrupt_flag_get), (8 bytes).
    Removing gd32e23x_usart.o(.ARM.exidx.text.usart_interrupt_flag_clear), (8 bytes).
    Removing gd32e23x_wwdgt.o(.text), (0 bytes).
    Removing gd32e23x_wwdgt.o(.text.wwdgt_deinit), (28 bytes).
    Removing gd32e23x_wwdgt.o(.ARM.exidx.text.wwdgt_deinit), (8 bytes).
    Removing gd32e23x_wwdgt.o(.text.wwdgt_enable), (16 bytes).
    Removing gd32e23x_wwdgt.o(.ARM.exidx.text.wwdgt_enable), (8 bytes).
    Removing gd32e23x_wwdgt.o(.text.wwdgt_counter_update), (16 bytes).
    Removing gd32e23x_wwdgt.o(.ARM.exidx.text.wwdgt_counter_update), (8 bytes).
    Removing gd32e23x_wwdgt.o(.text.wwdgt_config), (20 bytes).
    Removing gd32e23x_wwdgt.o(.ARM.exidx.text.wwdgt_config), (8 bytes).
    Removing gd32e23x_wwdgt.o(.text.wwdgt_flag_get), (16 bytes).
    Removing gd32e23x_wwdgt.o(.ARM.exidx.text.wwdgt_flag_get), (8 bytes).
    Removing gd32e23x_wwdgt.o(.text.wwdgt_flag_clear), (16 bytes).
    Removing gd32e23x_wwdgt.o(.ARM.exidx.text.wwdgt_flag_clear), (8 bytes).
    Removing gd32e23x_wwdgt.o(.text.wwdgt_interrupt_enable), (20 bytes).
    Removing gd32e23x_wwdgt.o(.ARM.exidx.text.wwdgt_interrupt_enable), (8 bytes).
    Removing startup_gd32e23x.o(HEAP), (1024 bytes).
    Removing gd32e230c_eval.o(.text), (0 bytes).
    Removing gd32e230c_eval.o(.text.gd_eval_led_init), (60 bytes).
    Removing gd32e230c_eval.o(.ARM.exidx.text.gd_eval_led_init), (8 bytes).
    Removing gd32e230c_eval.o(.text.gd_eval_led_on), (20 bytes).
    Removing gd32e230c_eval.o(.ARM.exidx.text.gd_eval_led_on), (8 bytes).
    Removing gd32e230c_eval.o(.text.gd_eval_led_off), (20 bytes).
    Removing gd32e230c_eval.o(.ARM.exidx.text.gd_eval_led_off), (8 bytes).
    Removing gd32e230c_eval.o(.text.gd_eval_led_toggle), (20 bytes).
    Removing gd32e230c_eval.o(.ARM.exidx.text.gd_eval_led_toggle), (8 bytes).
    Removing gd32e230c_eval.o(.text.gd_eval_key_init), (124 bytes).
    Removing gd32e230c_eval.o(.ARM.exidx.text.gd_eval_key_init), (8 bytes).
    Removing gd32e230c_eval.o(.text.gd_eval_key_state_get), (24 bytes).
    Removing gd32e230c_eval.o(.ARM.exidx.text.gd_eval_key_state_get), (8 bytes).
    Removing gd32e230c_eval.o(.text.gd_eval_com_init), (164 bytes).
    Removing gd32e230c_eval.o(.ARM.exidx.text.gd_eval_com_init), (8 bytes).
    Removing gd32e230c_eval.o(.rodata.cst16), (16 bytes).
    Removing gd32e230c_eval.o(.rodata.cst8), (16 bytes).
    Removing device.o(.text), (0 bytes).
    Removing device.o(.ARM.exidx.text.jump_to_device_init), (8 bytes).
    Removing triac_driver.o(.text), (0 bytes).
    Removing triac_driver.o(.ARM.exidx.text.triac_driver_init), (8 bytes).
    Removing gpio.o(.text), (0 bytes).
    Removing gpio.o(.text.app_get_gpio_name), (136 bytes).
    Removing gpio.o(.ARM.exidx.text.app_get_gpio_name), (8 bytes).
    Removing gpio.o(.text.app_gpio_equal), (12 bytes).
    Removing gpio.o(.ARM.exidx.text.app_gpio_equal), (8 bytes).
    Removing gpio.o(.rodata.app_get_gpio_name.gpio_names), (128 bytes).
    Removing gpio.o(.rodata.str1.1), (140 bytes).
    Removing eventbus.o(.text), (0 bytes).
    Removing eventbus.o(.ARM.exidx.text.app_eventbus_init), (8 bytes).
    Removing eventbus.o(.text.app_eventbus_subscribe), (32 bytes).
    Removing eventbus.o(.ARM.exidx.text.app_eventbus_subscribe), (8 bytes).
    Removing eventbus.o(.text.app_eventbus_publish), (56 bytes).
    Removing eventbus.o(.ARM.exidx.text.app_eventbus_publish), (8 bytes).
    Removing eventbus.o(.ARM.exidx.text.app_eventbus_poll), (8 bytes).
    Removing flash.o(.text), (0 bytes).
    Removing flash.o(.text.app_flash_read), (124 bytes).
    Removing flash.o(.ARM.exidx.text.app_flash_read), (8 bytes).
    Removing flash.o(.text.app_flash_write_word), (74 bytes).
    Removing flash.o(.ARM.exidx.text.app_flash_write_word), (8 bytes).
    Removing flash.o(.text.app_flash_write_doubleword), (76 bytes).
    Removing flash.o(.ARM.exidx.text.app_flash_write_doubleword), (8 bytes).
    Removing flash.o(.text.app_flash_erase_page), (30 bytes).
    Removing flash.o(.ARM.exidx.text.app_flash_erase_page), (8 bytes).
    Removing flash.o(.text.app_flash_mass_erase), (20 bytes).
    Removing flash.o(.ARM.exidx.text.app_flash_mass_erase), (8 bytes).
    Removing flash.o(.text.app_flash_verify), (122 bytes).
    Removing flash.o(.ARM.exidx.text.app_flash_verify), (8 bytes).
    Removing flash.o(.text.app_flash_program), (232 bytes).
    Removing flash.o(.ARM.exidx.text.app_flash_program), (8 bytes).
    Removing watchdog.o(.text), (0 bytes).
    Removing watchdog.o(.ARM.exidx.text.app_watchdog_init), (8 bytes).
    Removing watchdog.o(.ARM.exidx.text.timer_feed_dog), (8 bytes).
    Removing zero.o(.text), (0 bytes).
    Removing zero.o(.text.app_zero_init), (2 bytes).
    Removing zero.o(.ARM.exidx.text.app_zero_init), (8 bytes).
    Removing zero.o(.ARM.exidx.text.EXTI4_15_IRQHandler), (8 bytes).
    Removing zero.o(.ARM.exidx.text.TIMER15_IRQHandler), (8 bytes).
    Removing zero.o(.text.zero_set_gpio), (2 bytes).
    Removing zero.o(.ARM.exidx.text.zero_set_gpio), (8 bytes).
    Removing timer.o(.text), (0 bytes).
    Removing timer.o(.ARM.exidx.text.app_timer_init), (8 bytes).
    Removing timer.o(.ARM.exidx.text.TIMER14_IRQHandler), (8 bytes).
    Removing timer.o(.ARM.exidx.text.app_timer_start), (8 bytes).
    Removing timer.o(.text.app_timer_stop), (44 bytes).
    Removing timer.o(.ARM.exidx.text.app_timer_stop), (8 bytes).
    Removing timer.o(.ARM.exidx.text.find_timer_by_name), (8 bytes).
    Removing timer.o(.text.app_timer_is_active), (36 bytes).
    Removing timer.o(.ARM.exidx.text.app_timer_is_active), (8 bytes).
    Removing timer.o(.ARM.exidx.text.app_timer_poll), (8 bytes).
    Removing timer.o(.text.app_timer_get_ticks), (12 bytes).
    Removing timer.o(.ARM.exidx.text.app_timer_get_ticks), (8 bytes).
    Removing usart.o(.text), (0 bytes).
    Removing usart.o(.text.app_usart0_rx_callback), (12 bytes).
    Removing usart.o(.ARM.exidx.text.app_usart0_rx_callback), (8 bytes).
    Removing usart.o(.ARM.exidx.text.app_usart_init), (8 bytes).
    Removing usart.o(.text.app_usart_tx_buf), (104 bytes).
    Removing usart.o(.ARM.exidx.text.app_usart_tx_buf), (8 bytes).
    Removing usart.o(.ARM.exidx.text.USART0_IRQHandler), (8 bytes).
    Removing usart.o(.ARM.exidx.text.DMA_Channel1_2_IRQHandler), (8 bytes).
    Removing usart.o(.ARM.exidx.text.fputc), (8 bytes).
    Removing usart.o(.bss.tx0_buf.0), (4 bytes).
    Removing usart.o(.bss.tx0_buf.1), (2 bytes).
    Removing protocol.o(.text), (0 bytes).
    Removing protocol.o(.ARM.exidx.text.app_portocol_init), (8 bytes).
    Removing pcb.o(.text), (0 bytes).
    Removing pcb.o(.ARM.exidx.text.pcb_init), (8 bytes).

1049 unused section(s) (total 26732 bytes) removed from the image.

==============================================================================

Image Symbol Table

    Local Symbols

    Symbol Name                              Value     Ov Type        Size  Object(Section)

    ../clib/microlib/init/entry.s            0x00000000   Number         0  entry.o ABSOLUTE
    ../clib/microlib/init/entry.s            0x00000000   Number         0  entry2.o ABSOLUTE
    ../clib/microlib/init/entry.s            0x00000000   Number         0  entry5.o ABSOLUTE
    ../clib/microlib/init/entry.s            0x00000000   Number         0  entry7a.o ABSOLUTE
    ../clib/microlib/init/entry.s            0x00000000   Number         0  entry7b.o ABSOLUTE
    ../clib/microlib/init/entry.s            0x00000000   Number         0  entry8a.o ABSOLUTE
    ../clib/microlib/init/entry.s            0x00000000   Number         0  entry8b.o ABSOLUTE
    ../clib/microlib/init/entry.s            0x00000000   Number         0  entry9a.o ABSOLUTE
    ../clib/microlib/init/entry.s            0x00000000   Number         0  entry9b.o ABSOLUTE
    ../clib/microlib/init/entry.s            0x00000000   Number         0  entry10a.o ABSOLUTE
    ../clib/microlib/init/entry.s            0x00000000   Number         0  entry10b.o ABSOLUTE
    ../clib/microlib/init/entry.s            0x00000000   Number         0  entry11a.o ABSOLUTE
    ../clib/microlib/init/entry.s            0x00000000   Number         0  entry11b.o ABSOLUTE
    ../clib/microlib/stdio/puts.c            0x00000000   Number         0  puts.o ABSOLUTE
    ../clib/microlib/stdio/puts.c            0x00000000   Number         0  puts_e.o ABSOLUTE
    ../clib/microlib/stdio/streams.c         0x00000000   Number         0  stdout.o ABSOLUTE
    ../clib/microlib/string/strcmp.c         0x00000000   Number         0  strcmp.o ABSOLUTE
    ../clib/microlib/string/strlen.c         0x00000000   Number         0  strlen.o ABSOLUTE
    ../clib/microlib/string/strncpy.c        0x00000000   Number         0  strncpy.o ABSOLUTE
    ..\..\Firmware\CMSIS\GD\GD32E23x\Source\ARM\startup_gd32e23x.s 0x00000000   Number         0  startup_gd32e23x.o ABSOLUTE
    dc.s                                     0x00000000   Number         0  dc.o ABSOLUTE
    device.c                                 0x00000000   Number         0  device.o ABSOLUTE
    eventbus.c                               0x00000000   Number         0  eventbus.o ABSOLUTE
    flash.c                                  0x00000000   Number         0  flash.o ABSOLUTE
    gd32e230c_eval.c                         0x00000000   Number         0  gd32e230c_eval.o ABSOLUTE
    gd32e23x_adc.c                           0x00000000   Number         0  gd32e23x_adc.o ABSOLUTE
    gd32e23x_cmp.c                           0x00000000   Number         0  gd32e23x_cmp.o ABSOLUTE
    gd32e23x_crc.c                           0x00000000   Number         0  gd32e23x_crc.o ABSOLUTE
    gd32e23x_dbg.c                           0x00000000   Number         0  gd32e23x_dbg.o ABSOLUTE
    gd32e23x_dma.c                           0x00000000   Number         0  gd32e23x_dma.o ABSOLUTE
    gd32e23x_exti.c                          0x00000000   Number         0  gd32e23x_exti.o ABSOLUTE
    gd32e23x_fmc.c                           0x00000000   Number         0  gd32e23x_fmc.o ABSOLUTE
    gd32e23x_fwdgt.c                         0x00000000   Number         0  gd32e23x_fwdgt.o ABSOLUTE
    gd32e23x_gpio.c                          0x00000000   Number         0  gd32e23x_gpio.o ABSOLUTE
    gd32e23x_i2c.c                           0x00000000   Number         0  gd32e23x_i2c.o ABSOLUTE
    gd32e23x_it.c                            0x00000000   Number         0  gd32e23x_it.o ABSOLUTE
    gd32e23x_misc.c                          0x00000000   Number         0  gd32e23x_misc.o ABSOLUTE
    gd32e23x_pmu.c                           0x00000000   Number         0  gd32e23x_pmu.o ABSOLUTE
    gd32e23x_rcu.c                           0x00000000   Number         0  gd32e23x_rcu.o ABSOLUTE
    gd32e23x_rtc.c                           0x00000000   Number         0  gd32e23x_rtc.o ABSOLUTE
    gd32e23x_spi.c                           0x00000000   Number         0  gd32e23x_spi.o ABSOLUTE
    gd32e23x_syscfg.c                        0x00000000   Number         0  gd32e23x_syscfg.o ABSOLUTE
    gd32e23x_timer.c                         0x00000000   Number         0  gd32e23x_timer.o ABSOLUTE
    gd32e23x_usart.c                         0x00000000   Number         0  gd32e23x_usart.o ABSOLUTE
    gd32e23x_wwdgt.c                         0x00000000   Number         0  gd32e23x_wwdgt.o ABSOLUTE
    gpio.c                                   0x00000000   Number         0  gpio.o ABSOLUTE
    handlers.s                               0x00000000   Number         0  handlers.o ABSOLUTE
    init.s                                   0x00000000   Number         0  init.o ABSOLUTE
    main.c                                   0x00000000   Number         0  main.o ABSOLUTE
    pcb.c                                    0x00000000   Number         0  pcb.o ABSOLUTE
    protocol.c                               0x00000000   Number         0  protocol.o ABSOLUTE
    system_gd32e23x.c                        0x00000000   Number         0  system_gd32e23x.o ABSOLUTE
    systick.c                                0x00000000   Number         0  systick.o ABSOLUTE
    timer.c                                  0x00000000   Number         0  timer.o ABSOLUTE
    triac_driver.c                           0x00000000   Number         0  triac_driver.o ABSOLUTE
    usart.c                                  0x00000000   Number         0  usart.o ABSOLUTE
    watchdog.c                               0x00000000   Number         0  watchdog.o ABSOLUTE
    zero.c                                   0x00000000   Number         0  zero.o ABSOLUTE
    RESET                                    0x08000000   Section      204  startup_gd32e23x.o(RESET)
    .ARM.Collect$$$$00000000                 0x080000cc   Section        0  entry.o(.ARM.Collect$$$$00000000)
    .ARM.Collect$$$$00000001                 0x080000cc   Section        4  entry2.o(.ARM.Collect$$$$00000001)
    .ARM.Collect$$$$00000004                 0x080000d0   Section        4  entry5.o(.ARM.Collect$$$$00000004)
    .ARM.Collect$$$$00000008                 0x080000d4   Section        0  entry7b.o(.ARM.Collect$$$$00000008)
    .ARM.Collect$$$$0000000A                 0x080000d4   Section        0  entry8b.o(.ARM.Collect$$$$0000000A)
    .ARM.Collect$$$$0000000B                 0x080000d4   Section        8  entry9a.o(.ARM.Collect$$$$0000000B)
    __lit__00000000                          0x080000dc   Data           4  entry2.o(.ARM.Collect$$$$00002712)
    .ARM.Collect$$$$0000000D                 0x080000dc   Section        0  entry10a.o(.ARM.Collect$$$$0000000D)
    .ARM.Collect$$$$0000000F                 0x080000dc   Section        0  entry11a.o(.ARM.Collect$$$$0000000F)
    .ARM.Collect$$$$00002712                 0x080000dc   Section        4  entry2.o(.ARM.Collect$$$$00002712)
    .text                                    0x080000e0   Section       68  startup_gd32e23x.o(.text)
    .text                                    0x08000124   Section        0  strncpy.o(.text)
    .text                                    0x0800013e   Section        0  strlen.o(.text)
    .text                                    0x0800014c   Section        0  strcmp.o(.text)
    .text                                    0x08000168   Section       48  init.o(.text)
    [Anonymous Symbol]                       0x08000198   Section        0  usart.o(.text.DMA_Channel1_2_IRQHandler)
    __arm_cp.4_0                             0x080001c4   Number         4  usart.o(.text.DMA_Channel1_2_IRQHandler)
    __arm_cp.4_1                             0x080001c8   Number         4  usart.o(.text.DMA_Channel1_2_IRQHandler)
    [Anonymous Symbol]                       0x080001cc   Section        0  zero.o(.text.EXTI4_15_IRQHandler)
    [Anonymous Symbol]                       0x080001ce   Section        0  gd32e23x_it.o(.text.HardFault_Handler)
    [Anonymous Symbol]                       0x080001d0   Section        0  gd32e23x_it.o(.text.NMI_Handler)
    [Anonymous Symbol]                       0x080001e0   Section        0  gd32e23x_it.o(.text.PendSV_Handler)
    [Anonymous Symbol]                       0x080001e2   Section        0  gd32e23x_it.o(.text.SVC_Handler)
    [Anonymous Symbol]                       0x080001e4   Section        0  gd32e23x_it.o(.text.SysTick_Handler)
    [Anonymous Symbol]                       0x080001e8   Section        0  system_gd32e23x.o(.text.SystemInit)
    __arm_cp.0_0                             0x080004a8   Number         4  system_gd32e23x.o(.text.SystemInit)
    __arm_cp.0_1                             0x080004ac   Number         4  system_gd32e23x.o(.text.SystemInit)
    __arm_cp.0_2                             0x080004b0   Number         4  system_gd32e23x.o(.text.SystemInit)
    __arm_cp.0_3                             0x080004b4   Number         4  system_gd32e23x.o(.text.SystemInit)
    __arm_cp.0_4                             0x080004b8   Number         4  system_gd32e23x.o(.text.SystemInit)
    __arm_cp.0_5                             0x080004bc   Number         4  system_gd32e23x.o(.text.SystemInit)
    __arm_cp.0_6                             0x080004c0   Number         4  system_gd32e23x.o(.text.SystemInit)
    __arm_cp.0_7                             0x080004c4   Number         4  system_gd32e23x.o(.text.SystemInit)
    [Anonymous Symbol]                       0x080004c8   Section        0  timer.o(.text.TIMER14_IRQHandler)
    [Anonymous Symbol]                       0x0800065c   Section        0  zero.o(.text.TIMER15_IRQHandler)
    __arm_cp.2_0                             0x080006ac   Number         4  zero.o(.text.TIMER15_IRQHandler)
    __arm_cp.2_1                             0x080006b0   Number         4  zero.o(.text.TIMER15_IRQHandler)
    __arm_cp.2_2                             0x080006b4   Number         4  zero.o(.text.TIMER15_IRQHandler)
    __arm_cp.2_3                             0x080006b8   Number         4  zero.o(.text.TIMER15_IRQHandler)
    __arm_cp.2_4                             0x080006bc   Number         4  zero.o(.text.TIMER15_IRQHandler)
    [Anonymous Symbol]                       0x080006c0   Section        0  usart.o(.text.USART0_IRQHandler)
    __arm_cp.3_0                             0x08000720   Number         4  usart.o(.text.USART0_IRQHandler)
    __arm_cp.3_1                             0x08000724   Number         4  usart.o(.text.USART0_IRQHandler)
    __arm_cp.3_2                             0x08000728   Number         4  usart.o(.text.USART0_IRQHandler)
    __arm_cp.3_3                             0x0800072c   Number         4  usart.o(.text.USART0_IRQHandler)
    [Anonymous Symbol]                       0x08000730   Section        0  eventbus.o(.text.app_eventbus_init)
    __arm_cp.0_3                             0x08000744   Number         4  eventbus.o(.text.app_eventbus_init)
    [Anonymous Symbol]                       0x08000748   Section        0  eventbus.o(.text.app_eventbus_poll)
    __arm_cp.3_0                             0x080007b4   Number         4  eventbus.o(.text.app_eventbus_poll)
    __arm_cp.3_1                             0x080007b8   Number         4  eventbus.o(.text.app_eventbus_poll)
    __arm_cp.3_2                             0x080007bc   Number         4  eventbus.o(.text.app_eventbus_poll)
    __arm_cp.3_3                             0x080007c0   Number         4  eventbus.o(.text.app_eventbus_poll)
    __arm_cp.3_4                             0x080007c4   Number         4  eventbus.o(.text.app_eventbus_poll)
    [Anonymous Symbol]                       0x080007c8   Section        0  protocol.o(.text.app_portocol_init)
    [Anonymous Symbol]                       0x080007cc   Section        0  timer.o(.text.app_timer_init)
    __arm_cp.0_1                             0x08000874   Number         4  timer.o(.text.app_timer_init)
    __arm_cp.0_2                             0x08000878   Number         4  timer.o(.text.app_timer_init)
    [Anonymous Symbol]                       0x0800087c   Section        0  timer.o(.text.app_timer_poll)
    __arm_cp.6_0                             0x080008bc   Number         4  timer.o(.text.app_timer_poll)
    __arm_cp.6_1                             0x080008c0   Number         4  timer.o(.text.app_timer_poll)
    [Anonymous Symbol]                       0x080008c4   Section        0  timer.o(.text.app_timer_start)
    __arm_cp.2_0                             0x08000a14   Number         4  timer.o(.text.app_timer_start)
    __arm_cp.2_1                             0x08000a18   Number         4  timer.o(.text.app_timer_start)
    [Anonymous Symbol]                       0x08000a1c   Section        0  usart.o(.text.app_usart_init)
    __arm_cp.1_0                             0x08000bb0   Number         4  usart.o(.text.app_usart_init)
    __arm_cp.1_1                             0x08000bb4   Number         4  usart.o(.text.app_usart_init)
    __arm_cp.1_2                             0x08000bb8   Number         4  usart.o(.text.app_usart_init)
    __arm_cp.1_3                             0x08000bbc   Number         4  usart.o(.text.app_usart_init)
    __arm_cp.1_4                             0x08000bc0   Number         4  usart.o(.text.app_usart_init)
    __arm_cp.1_5                             0x08000bc4   Number         4  usart.o(.text.app_usart_init)
    [Anonymous Symbol]                       0x08000bc8   Section        0  watchdog.o(.text.app_watchdog_init)
    __arm_cp.0_1                             0x08000bf0   Number         4  watchdog.o(.text.app_watchdog_init)
    [Anonymous Symbol]                       0x08000bf4   Section        0  systick.o(.text.delay_1ms)
    [Anonymous Symbol]                       0x08000c0c   Section        0  systick.o(.text.delay_decrement)
    __arm_cp.2_0                             0x08000c1c   Number         4  systick.o(.text.delay_decrement)
    [Anonymous Symbol]                       0x08000c20   Section        0  gd32e23x_dma.o(.text.dma_channel_disable)
    [Anonymous Symbol]                       0x08000c30   Section        0  gd32e23x_dma.o(.text.dma_channel_enable)
    [Anonymous Symbol]                       0x08000c40   Section        0  gd32e23x_dma.o(.text.dma_circulation_disable)
    [Anonymous Symbol]                       0x08000c50   Section        0  gd32e23x_dma.o(.text.dma_deinit)
    [Anonymous Symbol]                       0x08000c7c   Section        0  gd32e23x_dma.o(.text.dma_init)
    [Anonymous Symbol]                       0x08000cec   Section        0  gd32e23x_dma.o(.text.dma_interrupt_enable)
    [Anonymous Symbol]                       0x08000cfc   Section        0  gd32e23x_dma.o(.text.dma_interrupt_flag_clear)
    __arm_cp.24_0                            0x08000d0c   Number         4  gd32e23x_dma.o(.text.dma_interrupt_flag_clear)
    [Anonymous Symbol]                       0x08000d10   Section        0  gd32e23x_dma.o(.text.dma_interrupt_flag_get)
    __arm_cp.23_0                            0x08000d48   Number         4  gd32e23x_dma.o(.text.dma_interrupt_flag_get)
    [Anonymous Symbol]                       0x08000d4c   Section        0  gd32e23x_dma.o(.text.dma_memory_address_config)
    __arm_cp.10_0                            0x08000d58   Number         4  gd32e23x_dma.o(.text.dma_memory_address_config)
    [Anonymous Symbol]                       0x08000d5c   Section        0  gd32e23x_dma.o(.text.dma_memory_to_memory_disable)
    __arm_cp.7_0                             0x08000d70   Number         4  gd32e23x_dma.o(.text.dma_memory_to_memory_disable)
    [Anonymous Symbol]                       0x08000d74   Section        0  gd32e23x_dma.o(.text.dma_struct_para_init)
    [Anonymous Symbol]                       0x08000d88   Section        0  gd32e23x_dma.o(.text.dma_transfer_number_config)
    [Anonymous Symbol]                       0x08000d94   Section        0  gd32e23x_dma.o(.text.dma_transfer_number_get)
    __arm_cp.12_0                            0x08000da0   Number         4  gd32e23x_dma.o(.text.dma_transfer_number_get)
    find_timer_by_name                       0x08000da5   Thumb Code   292  timer.o(.text.find_timer_by_name)
    [Anonymous Symbol]                       0x08000da4   Section        0  timer.o(.text.find_timer_by_name)
    __arm_cp.4_0                             0x08000ec8   Number         4  timer.o(.text.find_timer_by_name)
    [Anonymous Symbol]                       0x08000ecc   Section        0  usart.o(.text.fputc)
    __arm_cp.5_1                             0x08000eec   Number         4  usart.o(.text.fputc)
    [Anonymous Symbol]                       0x08000ef0   Section        0  gd32e23x_gpio.o(.text.gpio_af_set)
    __arm_cp.11_0                            0x08000fd4   Number         4  gd32e23x_gpio.o(.text.gpio_af_set)
    __arm_cp.11_1                            0x08000fd8   Number         4  gd32e23x_gpio.o(.text.gpio_af_set)
    __arm_cp.11_2                            0x08000fdc   Number         4  gd32e23x_gpio.o(.text.gpio_af_set)
    __arm_cp.11_3                            0x08000fe0   Number         4  gd32e23x_gpio.o(.text.gpio_af_set)
    __arm_cp.11_4                            0x08000fe4   Number         4  gd32e23x_gpio.o(.text.gpio_af_set)
    __arm_cp.11_5                            0x08000fe8   Number         4  gd32e23x_gpio.o(.text.gpio_af_set)
    [Anonymous Symbol]                       0x08000fec   Section        0  gd32e23x_gpio.o(.text.gpio_bit_reset)
    [Anonymous Symbol]                       0x08000ff0   Section        0  gd32e23x_gpio.o(.text.gpio_mode_set)
    [Anonymous Symbol]                       0x080010fc   Section        0  gd32e23x_gpio.o(.text.gpio_output_options_set)
    [Anonymous Symbol]                       0x080011ce   Section        0  device.o(.text.jump_to_device_init)
    [Anonymous Symbol]                       0x080011d4   Section        0  main.o(.text.main)
    __arm_cp.0_0                             0x08001208   Number         4  main.o(.text.main)
    [Anonymous Symbol]                       0x0800120c   Section        0  gd32e23x_misc.o(.text.nvic_irq_enable)
    __arm_cp.0_0                             0x08001254   Number         4  gd32e23x_misc.o(.text.nvic_irq_enable)
    __arm_cp.0_1                             0x08001258   Number         4  gd32e23x_misc.o(.text.nvic_irq_enable)
    __arm_cp.0_2                             0x0800125c   Number         4  gd32e23x_misc.o(.text.nvic_irq_enable)
    [Anonymous Symbol]                       0x08001260   Section        0  gd32e23x_misc.o(.text.nvic_vector_table_set)
    __arm_cp.3_0                             0x08001270   Number         4  gd32e23x_misc.o(.text.nvic_vector_table_set)
    __arm_cp.3_1                             0x08001274   Number         4  gd32e23x_misc.o(.text.nvic_vector_table_set)
    [Anonymous Symbol]                       0x08001278   Section        0  pcb.o(.text.pcb_init)
    __arm_cp.0_0                             0x080012ac   Number         4  pcb.o(.text.pcb_init)
    __arm_cp.0_1                             0x080012b0   Number         4  pcb.o(.text.pcb_init)
    [Anonymous Symbol]                       0x080012b4   Section        0  gd32e23x_rcu.o(.text.rcu_clock_freq_get)
    __arm_cp.33_0                            0x080013f8   Number         4  gd32e23x_rcu.o(.text.rcu_clock_freq_get)
    __arm_cp.33_1                            0x080013fc   Number         4  gd32e23x_rcu.o(.text.rcu_clock_freq_get)
    __arm_cp.33_2                            0x08001400   Number         4  gd32e23x_rcu.o(.text.rcu_clock_freq_get)
    __arm_cp.33_4                            0x08001414   Number         4  gd32e23x_rcu.o(.text.rcu_clock_freq_get)
    __arm_cp.33_5                            0x08001418   Number         4  gd32e23x_rcu.o(.text.rcu_clock_freq_get)
    __arm_cp.33_6                            0x0800141c   Number         4  gd32e23x_rcu.o(.text.rcu_clock_freq_get)
    [Anonymous Symbol]                       0x08001420   Section        0  gd32e23x_rcu.o(.text.rcu_periph_clock_enable)
    [Anonymous Symbol]                       0x08001434   Section        0  gd32e23x_rcu.o(.text.rcu_periph_reset_disable)
    [Anonymous Symbol]                       0x08001448   Section        0  gd32e23x_rcu.o(.text.rcu_periph_reset_enable)
    __arm_cp.5_0                             0x0800145c   Number         4  gd32e23x_rcu.o(.text.rcu_periph_reset_enable)
    [Anonymous Symbol]                       0x08001460   Section        0  gd32e23x_syscfg.o(.text.syscfg_flag_get)
    __arm_cp.8_0                             0x0800146c   Number         4  gd32e23x_syscfg.o(.text.syscfg_flag_get)
    [Anonymous Symbol]                       0x08001470   Section        0  systick.o(.text.systick_config)
    __arm_cp.0_0                             0x080014ac   Number         4  systick.o(.text.systick_config)
    __arm_cp.0_1                             0x080014b0   Number         4  systick.o(.text.systick_config)
    __arm_cp.0_2                             0x080014b4   Number         4  systick.o(.text.systick_config)
    __arm_cp.0_3                             0x080014b8   Number         4  systick.o(.text.systick_config)
    [Anonymous Symbol]                       0x080014bc   Section        0  gd32e23x_timer.o(.text.timer_deinit)
    __arm_cp.0_0                             0x08001520   Number         4  gd32e23x_timer.o(.text.timer_deinit)
    __arm_cp.0_1                             0x08001524   Number         4  gd32e23x_timer.o(.text.timer_deinit)
    __arm_cp.0_2                             0x08001528   Number         4  gd32e23x_timer.o(.text.timer_deinit)
    __arm_cp.0_8                             0x0800152c   Number         4  gd32e23x_timer.o(.text.timer_deinit)
    [Anonymous Symbol]                       0x08001530   Section        0  gd32e23x_timer.o(.text.timer_enable)
    timer_feed_dog                           0x0800153d   Thumb Code     8  watchdog.o(.text.timer_feed_dog)
    [Anonymous Symbol]                       0x0800153c   Section        0  watchdog.o(.text.timer_feed_dog)
    [Anonymous Symbol]                       0x08001550   Section        0  gd32e23x_timer.o(.text.timer_init)
    __arm_cp.2_0                             0x080015e4   Number         4  gd32e23x_timer.o(.text.timer_init)
    __arm_cp.2_1                             0x080015e8   Number         4  gd32e23x_timer.o(.text.timer_init)
    __arm_cp.2_2                             0x080015ec   Number         4  gd32e23x_timer.o(.text.timer_init)
    __arm_cp.2_3                             0x080015f0   Number         4  gd32e23x_timer.o(.text.timer_init)
    __arm_cp.2_4                             0x080015f4   Number         4  gd32e23x_timer.o(.text.timer_init)
    __arm_cp.2_5                             0x080015f8   Number         4  gd32e23x_timer.o(.text.timer_init)
    __arm_cp.2_6                             0x080015fc   Number         4  gd32e23x_timer.o(.text.timer_init)
    __arm_cp.2_7                             0x08001600   Number         4  gd32e23x_timer.o(.text.timer_init)
    [Anonymous Symbol]                       0x08001604   Section        0  gd32e23x_timer.o(.text.timer_interrupt_enable)
    [Anonymous Symbol]                       0x0800160c   Section        0  gd32e23x_timer.o(.text.timer_interrupt_flag_clear)
    [Anonymous Symbol]                       0x08001612   Section        0  gd32e23x_timer.o(.text.timer_interrupt_flag_get)
    [Anonymous Symbol]                       0x08001628   Section        0  triac_driver.o(.text.triac_driver_init)
    __arm_cp.0_0                             0x08001644   Number         4  triac_driver.o(.text.triac_driver_init)
    [Anonymous Symbol]                       0x08001648   Section        0  gd32e23x_usart.o(.text.usart_baudrate_set)
    __arm_cp.1_2                             0x08001694   Number         4  gd32e23x_usart.o(.text.usart_baudrate_set)
    [Anonymous Symbol]                       0x08001698   Section        0  gd32e23x_usart.o(.text.usart_data_transmit)
    __arm_cp.18_0                            0x080016a0   Number         4  gd32e23x_usart.o(.text.usart_data_transmit)
    [Anonymous Symbol]                       0x080016a4   Section        0  gd32e23x_usart.o(.text.usart_deinit)
    __arm_cp.0_0                             0x080016cc   Number         4  gd32e23x_usart.o(.text.usart_deinit)
    __arm_cp.0_1                             0x080016d0   Number         4  gd32e23x_usart.o(.text.usart_deinit)
    __arm_cp.0_2                             0x080016d4   Number         4  gd32e23x_usart.o(.text.usart_deinit)
    __arm_cp.0_3                             0x080016d8   Number         4  gd32e23x_usart.o(.text.usart_deinit)
    [Anonymous Symbol]                       0x080016dc   Section        0  gd32e23x_usart.o(.text.usart_dma_receive_config)
    [Anonymous Symbol]                       0x080016ec   Section        0  gd32e23x_usart.o(.text.usart_dma_transmit_config)
    [Anonymous Symbol]                       0x080016fc   Section        0  gd32e23x_usart.o(.text.usart_enable)
    [Anonymous Symbol]                       0x08001706   Section        0  gd32e23x_usart.o(.text.usart_flag_get)
    [Anonymous Symbol]                       0x08001716   Section        0  gd32e23x_usart.o(.text.usart_hardware_flow_cts_config)
    [Anonymous Symbol]                       0x08001730   Section        0  gd32e23x_usart.o(.text.usart_hardware_flow_rts_config)
    [Anonymous Symbol]                       0x0800174a   Section        0  gd32e23x_usart.o(.text.usart_interrupt_enable)
    [Anonymous Symbol]                       0x0800175c   Section        0  gd32e23x_usart.o(.text.usart_interrupt_flag_clear)
    __arm_cp.70_0                            0x08001780   Number         4  gd32e23x_usart.o(.text.usart_interrupt_flag_clear)
    [Anonymous Symbol]                       0x08001784   Section        0  gd32e23x_usart.o(.text.usart_interrupt_flag_get)
    [Anonymous Symbol]                       0x080017a6   Section        0  gd32e23x_usart.o(.text.usart_parity_config)
    [Anonymous Symbol]                       0x080017c0   Section        0  gd32e23x_usart.o(.text.usart_receive_config)
    [Anonymous Symbol]                       0x080017d0   Section        0  gd32e23x_usart.o(.text.usart_stop_bit_set)
    [Anonymous Symbol]                       0x080017ea   Section        0  gd32e23x_usart.o(.text.usart_transmit_config)
    [Anonymous Symbol]                       0x080017fa   Section        0  gd32e23x_usart.o(.text.usart_word_length_set)
    i.__scatterload_copy                     0x08001814   Section       14  handlers.o(i.__scatterload_copy)
    i.__scatterload_null                     0x08001822   Section        2  handlers.o(i.__scatterload_null)
    i.__scatterload_zeroinit                 0x08001824   Section       14  handlers.o(i.__scatterload_zeroinit)
    i.puts                                   0x08001834   Section        0  puts.o(i.puts)
    [Anonymous Symbol]                       0x08001854   Section        0  gd32e23x_rcu.o(.rodata.cst8)
    .data                                    0x20000000   Section        4  stdout.o(.data)
    delay                                    0x20000008   Data           4  systick.o(.bss.delay)
    [Anonymous Symbol]                       0x20000008   Section        0  systick.o(.bss.delay)
    delay_count                              0x2000000c   Data           2  zero.o(.bss.delay_count)
    [Anonymous Symbol]                       0x2000000c   Section        0  zero.o(.bss.delay_count)
    eventHandlers                            0x20000010   Data          32  eventbus.o(.bss.eventHandlers)
    [Anonymous Symbol]                       0x20000010   Section        0  eventbus.o(.bss.eventHandlers)
    eventQueue                               0x20000030   Data         128  eventbus.o(.bss.eventQueue)
    [Anonymous Symbol]                       0x20000030   Section        0  eventbus.o(.bss.eventQueue)
    handlerCount                             0x200000b0   Data           1  eventbus.o(.bss.handlerCount)
    [Anonymous Symbol]                       0x200000b0   Section        0  eventbus.o(.bss.handlerCount)
    is_delaying                              0x200000b1   Data           1  zero.o(.bss.is_delaying)
    [Anonymous Symbol]                       0x200000b1   Section        0  zero.o(.bss.is_delaying)
    my_soft_timer                            0x200000b4   Data         400  timer.o(.bss.my_soft_timer)
    [Anonymous Symbol]                       0x200000b4   Section        0  timer.o(.bss.my_soft_timer)
    queueHead                                0x20000244   Data           1  eventbus.o(.bss.queueHead)
    [Anonymous Symbol]                       0x20000244   Section        0  eventbus.o(.bss.queueHead)
    queueSize                                0x20000245   Data           1  eventbus.o(.bss.queueSize)
    [Anonymous Symbol]                       0x20000245   Section        0  eventbus.o(.bss.queueSize)
    queueTail                                0x20000246   Data           1  eventbus.o(.bss.queueTail)
    [Anonymous Symbol]                       0x20000246   Section        0  eventbus.o(.bss.queueTail)
    rx0_buf                                  0x20000248   Data         514  usart.o(.bss.rx0_buf)
    [Anonymous Symbol]                       0x20000248   Section        0  usart.o(.bss.rx0_buf)
    rx0_callback                             0x2000044c   Data           4  usart.o(.bss.rx0_callback)
    [Anonymous Symbol]                       0x2000044c   Section        0  usart.o(.bss.rx0_callback)
    system_ticks                             0x20000450   Data           4  timer.o(.bss.system_ticks)
    [Anonymous Symbol]                       0x20000450   Section        0  timer.o(.bss.system_ticks)
    tx_busy                                  0x20000454   Data           1  usart.o(.bss.tx_busy)
    [Anonymous Symbol]                       0x20000454   Section        0  usart.o(.bss.tx_busy)
    zero_failed                              0x20000455   Data           1  zero.o(.bss.zero_failed)
    [Anonymous Symbol]                       0x20000455   Section        0  zero.o(.bss.zero_failed)
    zero_timeout_count                       0x20000458   Data           4  zero.o(.bss.zero_timeout_count)
    [Anonymous Symbol]                       0x20000458   Section        0  zero.o(.bss.zero_timeout_count)
    STACK                                    0x20000460   Section     2048  startup_gd32e23x.o(STACK)

    Global Symbols

    Symbol Name                              Value     Ov Type        Size  Object(Section)

    BuildAttributes$$THM_ISAv3M$S$8M$PE$A:L22$X:L11$S22$IEEE1$IW$~IW$USESV6$~STKCKD$USESV7$~SHL$OTIME$EBA8$MICROLIB$REQ8$PRES8$EABIv2 0x00000000   Number         0  anon$$obj.o ABSOLUTE
    __cpp_initialize__aeabi_                  - Undefined Weak Reference
    __cxa_finalize                            - Undefined Weak Reference
    __decompress                              - Undefined Weak Reference
    _clock_init                               - Undefined Weak Reference
    _microlib_exit                            - Undefined Weak Reference
    __Vectors_Size                           0x000000cc   Number         0  startup_gd32e23x.o ABSOLUTE
    __Vectors                                0x08000000   Data           4  startup_gd32e23x.o(RESET)
    __Vectors_End                            0x080000cc   Data           0  startup_gd32e23x.o(RESET)
    __main                                   0x080000cd   Thumb Code     0  entry.o(.ARM.Collect$$$$00000000)
    _main_stk                                0x080000cd   Thumb Code     0  entry2.o(.ARM.Collect$$$$00000001)
    _main_scatterload                        0x080000d1   Thumb Code     0  entry5.o(.ARM.Collect$$$$00000004)
    __main_after_scatterload                 0x080000d5   Thumb Code     0  entry5.o(.ARM.Collect$$$$00000004)
    _main_clock                              0x080000d5   Thumb Code     0  entry7b.o(.ARM.Collect$$$$00000008)
    _main_cpp_init                           0x080000d5   Thumb Code     0  entry8b.o(.ARM.Collect$$$$0000000A)
    _main_init                               0x080000d5   Thumb Code     0  entry9a.o(.ARM.Collect$$$$0000000B)
    __rt_final_cpp                           0x080000dd   Thumb Code     0  entry10a.o(.ARM.Collect$$$$0000000D)
    __rt_final_exit                          0x080000dd   Thumb Code     0  entry11a.o(.ARM.Collect$$$$0000000F)
    Reset_Handler                            0x080000e1   Thumb Code    34  startup_gd32e23x.o(.text)
    ADC_CMP_IRQHandler                       0x0800010d   Thumb Code     0  startup_gd32e23x.o(.text)
    DMA_Channel0_IRQHandler                  0x0800010d   Thumb Code     0  startup_gd32e23x.o(.text)
    DMA_Channel3_4_IRQHandler                0x0800010d   Thumb Code     0  startup_gd32e23x.o(.text)
    EXTI0_1_IRQHandler                       0x0800010d   Thumb Code     0  startup_gd32e23x.o(.text)
    EXTI2_3_IRQHandler                       0x0800010d   Thumb Code     0  startup_gd32e23x.o(.text)
    FMC_IRQHandler                           0x0800010d   Thumb Code     0  startup_gd32e23x.o(.text)
    I2C0_ER_IRQHandler                       0x0800010d   Thumb Code     0  startup_gd32e23x.o(.text)
    I2C0_EV_IRQHandler                       0x0800010d   Thumb Code     0  startup_gd32e23x.o(.text)
    I2C1_ER_IRQHandler                       0x0800010d   Thumb Code     0  startup_gd32e23x.o(.text)
    I2C1_EV_IRQHandler                       0x0800010d   Thumb Code     0  startup_gd32e23x.o(.text)
    LVD_IRQHandler                           0x0800010d   Thumb Code     0  startup_gd32e23x.o(.text)
    RCU_IRQHandler                           0x0800010d   Thumb Code     0  startup_gd32e23x.o(.text)
    RTC_IRQHandler                           0x0800010d   Thumb Code     0  startup_gd32e23x.o(.text)
    SPI0_IRQHandler                          0x0800010d   Thumb Code     0  startup_gd32e23x.o(.text)
    SPI1_IRQHandler                          0x0800010d   Thumb Code     0  startup_gd32e23x.o(.text)
    TIMER0_BRK_UP_TRG_COM_IRQHandler         0x0800010d   Thumb Code     0  startup_gd32e23x.o(.text)
    TIMER0_Channel_IRQHandler                0x0800010d   Thumb Code     0  startup_gd32e23x.o(.text)
    TIMER13_IRQHandler                       0x0800010d   Thumb Code     0  startup_gd32e23x.o(.text)
    TIMER16_IRQHandler                       0x0800010d   Thumb Code     0  startup_gd32e23x.o(.text)
    TIMER2_IRQHandler                        0x0800010d   Thumb Code     0  startup_gd32e23x.o(.text)
    TIMER5_IRQHandler                        0x0800010d   Thumb Code     0  startup_gd32e23x.o(.text)
    USART1_IRQHandler                        0x0800010d   Thumb Code     0  startup_gd32e23x.o(.text)
    WWDGT_IRQHandler                         0x0800010d   Thumb Code     0  startup_gd32e23x.o(.text)
    strncpy                                  0x08000125   Thumb Code    26  strncpy.o(.text)
    strlen                                   0x0800013f   Thumb Code    14  strlen.o(.text)
    strcmp                                   0x0800014d   Thumb Code    28  strcmp.o(.text)
    __scatterload                            0x08000169   Thumb Code    38  init.o(.text)
    __scatterload_rt2                        0x08000169   Thumb Code     0  init.o(.text)
    DMA_Channel1_2_IRQHandler                0x08000199   Thumb Code    44  usart.o(.text.DMA_Channel1_2_IRQHandler)
    EXTI4_15_IRQHandler                      0x080001cd   Thumb Code     2  zero.o(.text.EXTI4_15_IRQHandler)
    HardFault_Handler                        0x080001cf   Thumb Code     2  gd32e23x_it.o(.text.HardFault_Handler)
    NMI_Handler                              0x080001d1   Thumb Code    16  gd32e23x_it.o(.text.NMI_Handler)
    PendSV_Handler                           0x080001e1   Thumb Code     2  gd32e23x_it.o(.text.PendSV_Handler)
    SVC_Handler                              0x080001e3   Thumb Code     2  gd32e23x_it.o(.text.SVC_Handler)
    SysTick_Handler                          0x080001e5   Thumb Code     4  gd32e23x_it.o(.text.SysTick_Handler)
    SystemInit                               0x080001e9   Thumb Code   704  system_gd32e23x.o(.text.SystemInit)
    TIMER14_IRQHandler                       0x080004c9   Thumb Code   400  timer.o(.text.TIMER14_IRQHandler)
    TIMER15_IRQHandler                       0x0800065d   Thumb Code    80  zero.o(.text.TIMER15_IRQHandler)
    USART0_IRQHandler                        0x080006c1   Thumb Code    96  usart.o(.text.USART0_IRQHandler)
    app_eventbus_init                        0x08000731   Thumb Code    20  eventbus.o(.text.app_eventbus_init)
    app_eventbus_poll                        0x08000749   Thumb Code   108  eventbus.o(.text.app_eventbus_poll)
    app_portocol_init                        0x080007c9   Thumb Code     2  protocol.o(.text.app_portocol_init)
    app_timer_init                           0x080007cd   Thumb Code   168  timer.o(.text.app_timer_init)
    app_timer_poll                           0x0800087d   Thumb Code    64  timer.o(.text.app_timer_poll)
    app_timer_start                          0x080008c5   Thumb Code   336  timer.o(.text.app_timer_start)
    app_usart_init                           0x08000a1d   Thumb Code   404  usart.o(.text.app_usart_init)
    app_watchdog_init                        0x08000bc9   Thumb Code    28  watchdog.o(.text.app_watchdog_init)
    delay_1ms                                0x08000bf5   Thumb Code    24  systick.o(.text.delay_1ms)
    delay_decrement                          0x08000c0d   Thumb Code    16  systick.o(.text.delay_decrement)
    dma_channel_disable                      0x08000c21   Thumb Code    16  gd32e23x_dma.o(.text.dma_channel_disable)
    dma_channel_enable                       0x08000c31   Thumb Code    16  gd32e23x_dma.o(.text.dma_channel_enable)
    dma_circulation_disable                  0x08000c41   Thumb Code    16  gd32e23x_dma.o(.text.dma_circulation_disable)
    dma_deinit                               0x08000c51   Thumb Code    44  gd32e23x_dma.o(.text.dma_deinit)
    dma_init                                 0x08000c7d   Thumb Code   112  gd32e23x_dma.o(.text.dma_init)
    dma_interrupt_enable                     0x08000ced   Thumb Code    16  gd32e23x_dma.o(.text.dma_interrupt_enable)
    dma_interrupt_flag_clear                 0x08000cfd   Thumb Code    16  gd32e23x_dma.o(.text.dma_interrupt_flag_clear)
    dma_interrupt_flag_get                   0x08000d11   Thumb Code    56  gd32e23x_dma.o(.text.dma_interrupt_flag_get)
    dma_memory_address_config                0x08000d4d   Thumb Code    12  gd32e23x_dma.o(.text.dma_memory_address_config)
    dma_memory_to_memory_disable             0x08000d5d   Thumb Code    20  gd32e23x_dma.o(.text.dma_memory_to_memory_disable)
    dma_struct_para_init                     0x08000d75   Thumb Code    20  gd32e23x_dma.o(.text.dma_struct_para_init)
    dma_transfer_number_config               0x08000d89   Thumb Code    12  gd32e23x_dma.o(.text.dma_transfer_number_config)
    dma_transfer_number_get                  0x08000d95   Thumb Code    12  gd32e23x_dma.o(.text.dma_transfer_number_get)
    fputc                                    0x08000ecd   Thumb Code    32  usart.o(.text.fputc)
    gpio_af_set                              0x08000ef1   Thumb Code   228  gd32e23x_gpio.o(.text.gpio_af_set)
    gpio_bit_reset                           0x08000fed   Thumb Code     4  gd32e23x_gpio.o(.text.gpio_bit_reset)
    gpio_mode_set                            0x08000ff1   Thumb Code   268  gd32e23x_gpio.o(.text.gpio_mode_set)
    gpio_output_options_set                  0x080010fd   Thumb Code   210  gd32e23x_gpio.o(.text.gpio_output_options_set)
    jump_to_device_init                      0x080011cf   Thumb Code     4  device.o(.text.jump_to_device_init)
    main                                     0x080011d5   Thumb Code    52  main.o(.text.main)
    nvic_irq_enable                          0x0800120d   Thumb Code    72  gd32e23x_misc.o(.text.nvic_irq_enable)
    nvic_vector_table_set                    0x08001261   Thumb Code    16  gd32e23x_misc.o(.text.nvic_vector_table_set)
    pcb_init                                 0x08001279   Thumb Code    52  pcb.o(.text.pcb_init)
    rcu_clock_freq_get                       0x080012b5   Thumb Code   324  gd32e23x_rcu.o(.text.rcu_clock_freq_get)
    rcu_periph_clock_enable                  0x08001421   Thumb Code    20  gd32e23x_rcu.o(.text.rcu_periph_clock_enable)
    rcu_periph_reset_disable                 0x08001435   Thumb Code    20  gd32e23x_rcu.o(.text.rcu_periph_reset_disable)
    rcu_periph_reset_enable                  0x08001449   Thumb Code    20  gd32e23x_rcu.o(.text.rcu_periph_reset_enable)
    syscfg_flag_get                          0x08001461   Thumb Code    12  gd32e23x_syscfg.o(.text.syscfg_flag_get)
    systick_config                           0x08001471   Thumb Code    60  systick.o(.text.systick_config)
    timer_deinit                             0x080014bd   Thumb Code   100  gd32e23x_timer.o(.text.timer_deinit)
    timer_enable                             0x08001531   Thumb Code    10  gd32e23x_timer.o(.text.timer_enable)
    timer_init                               0x08001551   Thumb Code   148  gd32e23x_timer.o(.text.timer_init)
    timer_interrupt_enable                   0x08001605   Thumb Code     8  gd32e23x_timer.o(.text.timer_interrupt_enable)
    timer_interrupt_flag_clear               0x0800160d   Thumb Code     6  gd32e23x_timer.o(.text.timer_interrupt_flag_clear)
    timer_interrupt_flag_get                 0x08001613   Thumb Code    20  gd32e23x_timer.o(.text.timer_interrupt_flag_get)
    triac_driver_init                        0x08001629   Thumb Code    28  triac_driver.o(.text.triac_driver_init)
    usart_baudrate_set                       0x08001649   Thumb Code    76  gd32e23x_usart.o(.text.usart_baudrate_set)
    usart_data_transmit                      0x08001699   Thumb Code     8  gd32e23x_usart.o(.text.usart_data_transmit)
    usart_deinit                             0x080016a5   Thumb Code    40  gd32e23x_usart.o(.text.usart_deinit)
    usart_dma_receive_config                 0x080016dd   Thumb Code    16  gd32e23x_usart.o(.text.usart_dma_receive_config)
    usart_dma_transmit_config                0x080016ed   Thumb Code    16  gd32e23x_usart.o(.text.usart_dma_transmit_config)
    usart_enable                             0x080016fd   Thumb Code    10  gd32e23x_usart.o(.text.usart_enable)
    usart_flag_get                           0x08001707   Thumb Code    16  gd32e23x_usart.o(.text.usart_flag_get)
    usart_hardware_flow_cts_config           0x08001717   Thumb Code    26  gd32e23x_usart.o(.text.usart_hardware_flow_cts_config)
    usart_hardware_flow_rts_config           0x08001731   Thumb Code    26  gd32e23x_usart.o(.text.usart_hardware_flow_rts_config)
    usart_interrupt_enable                   0x0800174b   Thumb Code    18  gd32e23x_usart.o(.text.usart_interrupt_enable)
    usart_interrupt_flag_clear               0x0800175d   Thumb Code    36  gd32e23x_usart.o(.text.usart_interrupt_flag_clear)
    usart_interrupt_flag_get                 0x08001785   Thumb Code    34  gd32e23x_usart.o(.text.usart_interrupt_flag_get)
    usart_parity_config                      0x080017a7   Thumb Code    26  gd32e23x_usart.o(.text.usart_parity_config)
    usart_receive_config                     0x080017c1   Thumb Code    16  gd32e23x_usart.o(.text.usart_receive_config)
    usart_stop_bit_set                       0x080017d1   Thumb Code    26  gd32e23x_usart.o(.text.usart_stop_bit_set)
    usart_transmit_config                    0x080017eb   Thumb Code    16  gd32e23x_usart.o(.text.usart_transmit_config)
    usart_word_length_set                    0x080017fb   Thumb Code    26  gd32e23x_usart.o(.text.usart_word_length_set)
    __scatterload_copy                       0x08001815   Thumb Code    14  handlers.o(i.__scatterload_copy)
    __scatterload_null                       0x08001823   Thumb Code     2  handlers.o(i.__scatterload_null)
    __scatterload_zeroinit                   0x08001825   Thumb Code    14  handlers.o(i.__scatterload_zeroinit)
    puts                                     0x08001835   Thumb Code    28  puts.o(i.puts)
    Region$$Table$$Base                      0x0800185c   Number         0  anon$$obj.o(Region$$Table)
    Region$$Table$$Limit                     0x0800187c   Number         0  anon$$obj.o(Region$$Table)
    __stdout                                 0x20000000   Data           4  stdout.o(.data)
    SystemCoreClock                          0x20000004   Data           4  system_gd32e23x.o(.data.SystemCoreClock)
    __initial_sp                             0x20000c60   Data           0  startup_gd32e23x.o(STACK)



==============================================================================

Memory Map of the image

  Image Entry point : 0x080000cd

  Load Region LR_IROM1 (Base: 0x08000000, Size: 0x00001888, Max: 0x00020000, ABSOLUTE)

    Execution Region ER_IROM1 (Exec base: 0x08000000, Load base: 0x08000000, Size: 0x0000187c, Max: 0x00020000, ABSOLUTE)

    Exec Addr    Load Addr    Size         Type   Attr      Idx    E Section Name        Object

    0x08000000   0x08000000   0x000000cc   Data   RO         1182    RESET               startup_gd32e23x.o
    0x080000cc   0x080000cc   0x00000000   Code   RO         1384  * .ARM.Collect$$$$00000000  mc_p.l(entry.o)
    0x080000cc   0x080000cc   0x00000004   Code   RO         1397    .ARM.Collect$$$$00000001  mc_p.l(entry2.o)
    0x080000d0   0x080000d0   0x00000004   Code   RO         1400    .ARM.Collect$$$$00000004  mc_p.l(entry5.o)
    0x080000d4   0x080000d4   0x00000000   Code   RO         1402    .ARM.Collect$$$$00000008  mc_p.l(entry7b.o)
    0x080000d4   0x080000d4   0x00000000   Code   RO         1404    .ARM.Collect$$$$0000000A  mc_p.l(entry8b.o)
    0x080000d4   0x080000d4   0x00000008   Code   RO         1405    .ARM.Collect$$$$0000000B  mc_p.l(entry9a.o)
    0x080000dc   0x080000dc   0x00000000   Code   RO         1407    .ARM.Collect$$$$0000000D  mc_p.l(entry10a.o)
    0x080000dc   0x080000dc   0x00000000   Code   RO         1409    .ARM.Collect$$$$0000000F  mc_p.l(entry11a.o)
    0x080000dc   0x080000dc   0x00000004   Code   RO         1398    .ARM.Collect$$$$00002712  mc_p.l(entry2.o)
    0x080000e0   0x080000e0   0x00000044   Code   RO         1183    .text               startup_gd32e23x.o
    0x08000124   0x08000124   0x0000001a   Code   RO         1391    .text               mc_p.l(strncpy.o)
    0x0800013e   0x0800013e   0x0000000e   Code   RO         1393    .text               mc_p.l(strlen.o)
    0x0800014c   0x0800014c   0x0000001c   Code   RO         1395    .text               mc_p.l(strcmp.o)
    0x08000168   0x08000168   0x00000030   Code   RO         1412    .text               mc_p.l(init.o)
    0x08000198   0x08000198   0x00000034   Code   RO         1352    .text.DMA_Channel1_2_IRQHandler  usart.o
    0x080001cc   0x080001cc   0x00000002   Code   RO         1301    .text.EXTI4_15_IRQHandler  zero.o
    0x080001ce   0x080001ce   0x00000002   Code   RO            4    .text.HardFault_Handler  gd32e23x_it.o
    0x080001d0   0x080001d0   0x00000010   Code   RO            2    .text.NMI_Handler   gd32e23x_it.o
    0x080001e0   0x080001e0   0x00000002   Code   RO            8    .text.PendSV_Handler  gd32e23x_it.o
    0x080001e2   0x080001e2   0x00000002   Code   RO            6    .text.SVC_Handler   gd32e23x_it.o
    0x080001e4   0x080001e4   0x00000004   Code   RO           10    .text.SysTick_Handler  gd32e23x_it.o
    0x080001e8   0x080001e8   0x000002e0   Code   RO           43    .text.SystemInit    system_gd32e23x.o
    0x080004c8   0x080004c8   0x00000194   Code   RO         1320    .text.TIMER14_IRQHandler  timer.o
    0x0800065c   0x0800065c   0x00000064   Code   RO         1303    .text.TIMER15_IRQHandler  zero.o
    0x080006c0   0x080006c0   0x00000070   Code   RO         1350    .text.USART0_IRQHandler  usart.o
    0x08000730   0x08000730   0x00000018   Code   RO         1244    .text.app_eventbus_init  eventbus.o
    0x08000748   0x08000748   0x00000080   Code   RO         1250    .text.app_eventbus_poll  eventbus.o
    0x080007c8   0x080007c8   0x00000002   Code   RO         1369    .text.app_portocol_init  protocol.o
    0x080007ca   0x080007ca   0x00000002   PAD
    0x080007cc   0x080007cc   0x000000b0   Code   RO         1318    .text.app_timer_init  timer.o
    0x0800087c   0x0800087c   0x00000048   Code   RO         1330    .text.app_timer_poll  timer.o
    0x080008c4   0x080008c4   0x00000158   Code   RO         1322    .text.app_timer_start  timer.o
    0x08000a1c   0x08000a1c   0x000001ac   Code   RO         1346    .text.app_usart_init  usart.o
    0x08000bc8   0x08000bc8   0x0000002c   Code   RO         1288    .text.app_watchdog_init  watchdog.o
    0x08000bf4   0x08000bf4   0x00000018   Code   RO           30    .text.delay_1ms     systick.o
    0x08000c0c   0x08000c0c   0x00000014   Code   RO           32    .text.delay_decrement  systick.o
    0x08000c20   0x08000c20   0x00000010   Code   RO          220    .text.dma_channel_disable  gd32e23x_dma.o
    0x08000c30   0x08000c30   0x00000010   Code   RO          230    .text.dma_channel_enable  gd32e23x_dma.o
    0x08000c40   0x08000c40   0x00000010   Code   RO          224    .text.dma_circulation_disable  gd32e23x_dma.o
    0x08000c50   0x08000c50   0x0000002c   Code   RO          214    .text.dma_deinit    gd32e23x_dma.o
    0x08000c7c   0x08000c7c   0x00000070   Code   RO          218    .text.dma_init      gd32e23x_dma.o
    0x08000cec   0x08000cec   0x00000010   Code   RO          264    .text.dma_interrupt_enable  gd32e23x_dma.o
    0x08000cfc   0x08000cfc   0x00000014   Code   RO          262    .text.dma_interrupt_flag_clear  gd32e23x_dma.o
    0x08000d10   0x08000d10   0x0000003c   Code   RO          260    .text.dma_interrupt_flag_get  gd32e23x_dma.o
    0x08000d4c   0x08000d4c   0x00000010   Code   RO          234    .text.dma_memory_address_config  gd32e23x_dma.o
    0x08000d5c   0x08000d5c   0x00000018   Code   RO          228    .text.dma_memory_to_memory_disable  gd32e23x_dma.o
    0x08000d74   0x08000d74   0x00000014   Code   RO          216    .text.dma_struct_para_init  gd32e23x_dma.o
    0x08000d88   0x08000d88   0x0000000c   Code   RO          236    .text.dma_transfer_number_config  gd32e23x_dma.o
    0x08000d94   0x08000d94   0x00000010   Code   RO          238    .text.dma_transfer_number_get  gd32e23x_dma.o
    0x08000da4   0x08000da4   0x00000128   Code   RO         1326    .text.find_timer_by_name  timer.o
    0x08000ecc   0x08000ecc   0x00000024   Code   RO         1354    .text.fputc         usart.o
    0x08000ef0   0x08000ef0   0x000000fc   Code   RO          424    .text.gpio_af_set   gd32e23x_gpio.o
    0x08000fec   0x08000fec   0x00000004   Code   RO          410    .text.gpio_bit_reset  gd32e23x_gpio.o
    0x08000ff0   0x08000ff0   0x0000010c   Code   RO          404    .text.gpio_mode_set  gd32e23x_gpio.o
    0x080010fc   0x080010fc   0x000000d2   Code   RO          406    .text.gpio_output_options_set  gd32e23x_gpio.o
    0x080011ce   0x080011ce   0x00000004   Code   RO         1214    .text.jump_to_device_init  device.o
    0x080011d2   0x080011d2   0x00000002   PAD
    0x080011d4   0x080011d4   0x00000038   Code   RO           19    .text.main          main.o
    0x0800120c   0x0800120c   0x00000054   Code   RO          520    .text.nvic_irq_enable  gd32e23x_misc.o
    0x08001260   0x08001260   0x00000018   Code   RO          526    .text.nvic_vector_table_set  gd32e23x_misc.o
    0x08001278   0x08001278   0x0000003c   Code   RO         1377    .text.pcb_init      pcb.o
    0x080012b4   0x080012b4   0x0000016c   Code   RO          642    .text.rcu_clock_freq_get  gd32e23x_rcu.o
    0x08001420   0x08001420   0x00000014   Code   RO          578    .text.rcu_periph_clock_enable  gd32e23x_rcu.o
    0x08001434   0x08001434   0x00000014   Code   RO          588    .text.rcu_periph_reset_disable  gd32e23x_rcu.o
    0x08001448   0x08001448   0x00000018   Code   RO          586    .text.rcu_periph_reset_enable  gd32e23x_rcu.o
    0x08001460   0x08001460   0x00000010   Code   RO          843    .text.syscfg_flag_get  gd32e23x_syscfg.o
    0x08001470   0x08001470   0x0000004c   Code   RO           28    .text.systick_config  systick.o
    0x080014bc   0x080014bc   0x00000074   Code   RO          855    .text.timer_deinit  gd32e23x_timer.o
    0x08001530   0x08001530   0x0000000a   Code   RO          861    .text.timer_enable  gd32e23x_timer.o
    0x0800153a   0x0800153a   0x00000002   PAD
    0x0800153c   0x0800153c   0x00000014   Code   RO         1290    .text.timer_feed_dog  watchdog.o
    0x08001550   0x08001550   0x000000b4   Code   RO          859    .text.timer_init    gd32e23x_timer.o
    0x08001604   0x08001604   0x00000008   Code   RO          897    .text.timer_interrupt_enable  gd32e23x_timer.o
    0x0800160c   0x0800160c   0x00000006   Code   RO          903    .text.timer_interrupt_flag_clear  gd32e23x_timer.o
    0x08001612   0x08001612   0x00000014   Code   RO          901    .text.timer_interrupt_flag_get  gd32e23x_timer.o
    0x08001626   0x08001626   0x00000002   PAD
    0x08001628   0x08001628   0x00000020   Code   RO         1222    .text.triac_driver_init  triac_driver.o
    0x08001648   0x08001648   0x00000050   Code   RO         1011    .text.usart_baudrate_set  gd32e23x_usart.o
    0x08001698   0x08001698   0x0000000c   Code   RO         1045    .text.usart_data_transmit  gd32e23x_usart.o
    0x080016a4   0x080016a4   0x00000038   Code   RO         1009    .text.usart_deinit  gd32e23x_usart.o
    0x080016dc   0x080016dc   0x00000010   Code   RO         1117    .text.usart_dma_receive_config  gd32e23x_usart.o
    0x080016ec   0x080016ec   0x00000010   Code   RO         1119    .text.usart_dma_transmit_config  gd32e23x_usart.o
    0x080016fc   0x080016fc   0x0000000a   Code   RO         1019    .text.usart_enable  gd32e23x_usart.o
    0x08001706   0x08001706   0x00000010   Code   RO         1137    .text.usart_flag_get  gd32e23x_usart.o
    0x08001716   0x08001716   0x0000001a   Code   RO         1103    .text.usart_hardware_flow_cts_config  gd32e23x_usart.o
    0x08001730   0x08001730   0x0000001a   Code   RO         1101    .text.usart_hardware_flow_rts_config  gd32e23x_usart.o
    0x0800174a   0x0800174a   0x00000012   Code   RO         1141    .text.usart_interrupt_enable  gd32e23x_usart.o
    0x0800175c   0x0800175c   0x00000028   Code   RO         1149    .text.usart_interrupt_flag_clear  gd32e23x_usart.o
    0x08001784   0x08001784   0x00000022   Code   RO         1147    .text.usart_interrupt_flag_get  gd32e23x_usart.o
    0x080017a6   0x080017a6   0x0000001a   Code   RO         1013    .text.usart_parity_config  gd32e23x_usart.o
    0x080017c0   0x080017c0   0x00000010   Code   RO         1025    .text.usart_receive_config  gd32e23x_usart.o
    0x080017d0   0x080017d0   0x0000001a   Code   RO         1017    .text.usart_stop_bit_set  gd32e23x_usart.o
    0x080017ea   0x080017ea   0x00000010   Code   RO         1023    .text.usart_transmit_config  gd32e23x_usart.o
    0x080017fa   0x080017fa   0x0000001a   Code   RO         1015    .text.usart_word_length_set  gd32e23x_usart.o
    0x08001814   0x08001814   0x0000000e   Code   RO         1416    i.__scatterload_copy  mc_p.l(handlers.o)
    0x08001822   0x08001822   0x00000002   Code   RO         1417    i.__scatterload_null  mc_p.l(handlers.o)
    0x08001824   0x08001824   0x0000000e   Code   RO         1418    i.__scatterload_zeroinit  mc_p.l(handlers.o)
    0x08001832   0x08001832   0x00000002   PAD
    0x08001834   0x08001834   0x00000020   Code   RO         1387    i.puts              mc_p.l(puts.o)
    0x08001854   0x08001854   0x00000008   Data   RO          654    .rodata.cst8        gd32e23x_rcu.o
    0x0800185c   0x0800185c   0x00000020   Data   RO         1415    Region$$Table       anon$$obj.o


    Execution Region RW_IRAM1 (Exec base: 0x20000000, Load base: 0x08001880, Size: 0x00000c60, Max: 0x00004000, ABSOLUTE)

    Exec Addr    Load Addr    Size         Type   Attr      Idx    E Section Name        Object

    0x20000000   0x08001880   0x00000004   Data   RW         1411    .data               mc_p.l(stdout.o)
    0x20000004   0x08001884   0x00000004   Data   RW           49    .data.SystemCoreClock  system_gd32e23x.o
    0x20000008        -       0x00000004   Zero   RW           34    .bss.delay          systick.o
    0x2000000c        -       0x00000002   Zero   RW         1310    .bss.delay_count    zero.o
    0x2000000e   0x08001888   0x00000002   PAD
    0x20000010        -       0x00000020   Zero   RW         1256    .bss.eventHandlers  eventbus.o
    0x20000030        -       0x00000080   Zero   RW         1257    .bss.eventQueue     eventbus.o
    0x200000b0        -       0x00000001   Zero   RW         1252    .bss.handlerCount   eventbus.o
    0x200000b1        -       0x00000001   Zero   RW         1309    .bss.is_delaying    zero.o
    0x200000b2   0x08001888   0x00000002   PAD
    0x200000b4        -       0x00000190   Zero   RW         1334    .bss.my_soft_timer  timer.o
    0x20000244        -       0x00000001   Zero   RW         1255    .bss.queueHead      eventbus.o
    0x20000245        -       0x00000001   Zero   RW         1253    .bss.queueSize      eventbus.o
    0x20000246        -       0x00000001   Zero   RW         1254    .bss.queueTail      eventbus.o
    0x20000247   0x08001888   0x00000001   PAD
    0x20000248        -       0x00000202   Zero   RW         1357    .bss.rx0_buf        usart.o
    0x2000044a   0x08001888   0x00000002   PAD
    0x2000044c        -       0x00000004   Zero   RW         1356    .bss.rx0_callback   usart.o
    0x20000450        -       0x00000004   Zero   RW         1335    .bss.system_ticks   timer.o
    0x20000454        -       0x00000001   Zero   RW         1358    .bss.tx_busy        usart.o
    0x20000455        -       0x00000001   Zero   RW         1307    .bss.zero_failed    zero.o
    0x20000456   0x08001888   0x00000002   PAD
    0x20000458        -       0x00000004   Zero   RW         1308    .bss.zero_timeout_count  zero.o
    0x2000045c   0x08001888   0x00000004   PAD
    0x20000460        -       0x00000800   Zero   RW         1180    STACK               startup_gd32e23x.o


==============================================================================

Image component sizes


      Code (inc. data)   RO Data    RW Data    ZI Data      Debug   Object Name

         4          0          0          0          0        487   device.o
       152         24          0          0        164       2466   eventbus.o
       388         20          0          0          0       6798   gd32e23x_dma.o
       734         24          0          0          0       6132   gd32e23x_gpio.o
        26          0          0          0          0       1023   gd32e23x_it.o
       108         20          0          0          0       3851   gd32e23x_misc.o
       428         44          8          0          0      15888   gd32e23x_rcu.o
        16          4          0          0          0       3079   gd32e23x_syscfg.o
       340         48          0          0          0      21448   gd32e23x_timer.o
       460         28          0          0          0      14213   gd32e23x_usart.o
        56          4          0          0          0        481   main.o
        60          8          0          0          0       1193   pcb.o
         2          0          0          0          0        376   protocol.o
        68         22        204          0       2048        696   startup_gd32e23x.o
       736         32          0          4          0       3085   system_gd32e23x.o
       120         20          0          0          4       2934   systick.o
      1292         32          0          0        404       7264   timer.o
        32          4          0          0          0        697   triac_driver.o
       628         52          0          0        519       6298   usart.o
        64         28          0          0          0        929   watchdog.o
       102         20          0          0          8       2023   zero.o

    ----------------------------------------------------------------------
      5824        434        244          4       3160     101361   Object Totals
         0          0         32          0          0          0   (incl. Generated)
         8          0          0          0         13          0   (incl. Padding)

    ----------------------------------------------------------------------

      Code (inc. data)   RO Data    RW Data    ZI Data      Debug   Library Member Name

         0          0          0          0          0          0   entry.o
         0          0          0          0          0          0   entry10a.o
         0          0          0          0          0          0   entry11a.o
         8          4          0          0          0          0   entry2.o
         4          0          0          0          0          0   entry5.o
         0          0          0          0          0          0   entry7b.o
         0          0          0          0          0          0   entry8b.o
         8          4          0          0          0          0   entry9a.o
        30          0          0          0          0          0   handlers.o
        48         10          0          0          0         68   init.o
        32          4          0          0          0         68   puts.o
         0          0          0          4          0          0   stdout.o
        28          0          0          0          0         68   strcmp.o
        14          0          0          0          0         60   strlen.o
        26          0          0          0          0         68   strncpy.o

    ----------------------------------------------------------------------
       200         22          0          4          0        332   Library Totals
         2          0          0          0          0          0   (incl. Padding)

    ----------------------------------------------------------------------

      Code (inc. data)   RO Data    RW Data    ZI Data      Debug   Library Name

       198         22          0          4          0        332   mc_p.l

    ----------------------------------------------------------------------
       200         22          0          4          0        332   Library Totals

    ----------------------------------------------------------------------

==============================================================================


      Code (inc. data)   RO Data    RW Data    ZI Data      Debug   

      6024        456        244          8       3160     101421   Grand Totals
      6024        456        244          8       3160     101421   ELF Image Totals
      6024        456        244          8          0          0   ROM Totals

==============================================================================

    Total RO  Size (Code + RO Data)                 6268 (   6.12kB)
    Total RW  Size (RW Data + ZI Data)              3168 (   3.09kB)
    Total ROM Size (Code + RO Data + RW Data)       6276 (   6.13kB)

==============================================================================

